.section 1
.module 111
00000000 globaldestructorchain____register_global_object
0000001c globaldestructorchain____destroy_global_chain
00000070 ftMetaknight____ct
000018ac ftFighterBuilder_23ftMetaknightBuildConfig_____dt
0000194c ftStatusGimmickUniqProcessPoolImpl____dt
00001a04 ftStatusUniqProcessGimmickEaten____dt
00001a60 ftStatusUniqProcessGimmick____dt
00001ac4 ftStatusUniqProcessGimmickTruck____dt
00001b20 ftStatusUniqProcessGimmickSpring____dt
00001b7c ftStatusUniqProcessGimmickLadder____dt
00001bd8 ftStatusUniqProcessGimmickCatapult____dt
00001c34 ftStatusUniqProcessGimmickDoor____dt
00001c90 ftStatusUniqProcessGimmickBarrel____dt
00001cec ftStatusGimmickUniqProcessPool____dt
00001d2c ftVirtualNodeMatrixPoolImpl____dt
00001d88 ftVirtualNodeMatrixPool____dt
00001dc8 ftCancelModuleImpl____dt
00001e48 soAnimCmdEventObserver____dt
00001ea4 soStatusEventObserver____dt
00001f00 ftModuleAccesserBuilder_23ftMetaknightBuildConfig_____dt
00001f84 ftAnimCmdModuleSubBuilder_38ftAnimCmdModuleSubBuildConfig_290_492______dt
0000205c soAnimCmdControlUnitBuilder_51soAnimCmdControlUnitBuildConfig_10_16_41_0_0_1_0_8______dt
000020e8 soAnimCmdInterpreter____dt
00002144 soEventPresenter_22soAnimCmdEventObserver_____dt
00002184 soAnimCmdAddressPackArraySeparate____dt
000021c4 soArraySelectHolder_1_44soArrayVector_25acCmdInterpreterStackData_8__61soSingletonHolder_40soArra_______dt
00002220 soAnimCmdControlUnitBuilder_41soAnimCmdControlUnitBuildConfigUniq_9_10______dt
0000228c soArraySelectHolder_1_45soArrayVector_25acCmdInterpreterStackData_10__61soSingletonHolder_40soArr_______dt
000022e8 soAnimCmdControlUnitBuilder_51soAnimCmdControlUnitBuildConfig_8_32_492_0_0_1_0_8______dt
00002374 soAnimCmdControlUnitBuilder_52soAnimCmdControlUnitBuildConfig_7_128_492_0_0_1_0_8______dt
000023b4 soAnimCmdControlUnitBuilder_52soAnimCmdControlUnitBuildConfig_6_128_492_0_0_1_0_8______dt
00002440 soAnimCmdControlUnitBuilder_51soAnimCmdControlUnitBuildConfig_5_32_492_0_0_1_0_8______dt
000024cc soAnimCmdControlUnitBuilder_50soAnimCmdControlUnitBuildConfig_4_2_492_0_0_1_0_8______dt
00002558 soAnimCmdControlUnitBuilder_51soAnimCmdControlUnitBuildConfig_3_64_492_0_0_1_0_8______dt
000025e4 soAnimCmdControlUnitBuilder_51soAnimCmdControlUnitBuildConfig_2_64_492_0_0_1_0_8______dt
000026bc soAnimCmdControlUnitBuilder_50soAnimCmdControlUnitBuildConfig_1_2_492_0_0_1_0_8______dt
00002748 soAnimCmdControlUnitBuilder_60soAnimCmdControlUnitBuildConfigDisguise_0_1_290_290_0_1_0_8______dt
000027e0 soArraySelectHolder_1_36soArrayVector_PC13acAnimCmdConv_290__51soSingletonHolder_30soArrayNull_PC_______dt
0000283c soModuleAccesserBuilder_23ftMetaknightBuildConfig_____dt
00002ad0 soGlowModuleBuilder_43soGlowModuleBuildConfig_16ftGlowModuleImpl______dt
00002b2c soSlowModuleBuilder_43soSlowModuleBuildConfig_16soSlowModuleImpl______dt
00002b88 soAbnormalModuleBuilder_51soAbnormalModuleBuildConfig_20ftAbnormalModuleImpl______dt
00002be4 soJostleModuleBuilder_51soJostleModuleBuildConfig_0_8_18soJostleModuleImpl______dt
00002c40 soColorBlendModuleBuilder_60soColorBlendModuleBuildConfig_10_1_22soColorBlendModuleImpl______dt
00002c9c soItemManageModuleBuilder_105soItemManageModuleBuildConfig_3_4_16soItemSearchImpl_24soItemPickTra_______dt
00002d1c soArraySelectHolder_1_29soArrayVector_10soItemInfo_4__46soSingletonHolder_25soArrayNull_10soItemI_______dt
00002d78 soShadowModuleBuilder_47soShadowModuleBuildConfig_18soShadowModuleImpl______dt
00002dd4 soSlopeModuleBuilder_49soSlopeModuleBuildConfig_0_1_17soSlopeModuleImpl______dt
00002e30 soPhysicsModuleBuilder_53soPhysicsModuleBuildConfig_2_19soPhysicsModuleImpl_1______dt
00002ea4 soAreaModuleBuilder_89soAreaModuleBuildConfig_9_16_34soAreaEnviromentElementCheckerImpl_16ftAreaM_______dt
00002f3c soComboModuleBuilder_45soComboModuleBuildConfig_17ftComboModuleImpl______dt
00002f98 soEffectModuleBuilder_58soEffectModuleBuildConfig_1_1_1_2_10_18soEffectModuleImpl______dt
00003030 soArraySelectHolder_1_33soArrayVector_14efScreenHandle_2__50soSingletonHolder_29soArrayNull_14efS_______dt
0000308c soArraySelectHolder_1_31soArrayVector_12soEffectTime_1__48soSingletonHolder_27soArrayNull_12soEff_______dt
000030e8 soGenerateArticleManageModuleBuilder_391soGenerateArticleManageModuleBuildConfig_306soArticleMedi_______dt
0000316c soSelectInstanceHolder_1_306soArticleMediatorImpl_113soTypeList_78soInstancePoolInfo_18wnMetaknig_______dt
000031c8 soArticleMediatorImpl_113soTypeList_78soInstancePoolInfo_18wnMetaknightMantle_1_16wnInstanceHolde_______dt
00003238 soLineHierarchy_113soTypeList_78soInstancePoolInfo_18wnMetaknightMantle_1_16wnInstanceHolder_14so_______dt
0000329c soInstancePool_78soInstancePoolInfo_18wnMetaknightMantle_1_16wnInstanceHolder_14soIntToType_0___1_______dt
000032fc soInstancePoolSub_78soInstancePoolInfo_18wnMetaknightMantle_1_16wnInstanceHolder_14soIntToType_0________dt
0000335c wnInstanceHolder_18wnMetaknightMantle_23soKindInfoGeneric_0_22__14soIntToType_0______dt
000033bc wnMetaknightMantle____dt
000039ec soKineticEnergy____dt
00003a2c soGeneralWorkSimple____dt
00003a88 soGeneralWorkAbstract____dt
00003ac8 soInstanceManagerFullProperty_P15soKineticEnergy_____dt
00003b08 soKineticModuleImpl____dt
00003b68 soStatusModuleImpl____dt
00003bec soArrayQueueImpl_18soArrayVector_l_1______dt
00003c4c soTransitionModuleImpl____dt
00003cac soTransitionInfo____dt
00003cec soInstanceManagerFullProperty_20soAnimCmdControlUnit_____dt
00003d2c soAnimCmdModuleImpl____dt
00003d98 soWorkManageModuleBuilder_55soWorkManageModuleBuildConfig_22soWorkManageModuleImpl______dt
00003df4 soTeam____dt
00003e34 soSituationModuleBuilder_53soSituationModuleBuildConfig_21soSituationModuleImpl______dt
00003e90 soPostureModuleBuilder_51soPostureModuleBuildConfig_1_19soPostureModuleImpl______dt
00003f04 soArraySelectHolder_1_30soArrayVector_11soOtherAnim_1__47soSingletonHolder_26soArrayNull_11soOthe_______dt
00003f60 soResourceIdAccesser____dt
00003fa0 soHeapModuleBuilder_43soHeapModuleBuildConfig_16soHeapModuleImpl______dt
00003ffc soArticleMediator____dt
0000403c soArticleOperator____dt
0000407c soArticleGenerator____dt
000040bc soGeneralWorkBuilder_33soGeneralWorkBuildConfig_77_32_3______dt
0000411c soKineticModuleBuilder_1213soKineticModuleBuildConfig_26soKineticModuleGenericImpl_1149soKineticM_______dt
00004194 soInstanceManagerFullPropertyVector_P15soKineticEnergy_12_____dt
00004204 soKineticModuleGenericImpl____dt
00004270 soStatusModuleBuilder_823soStatusModuleBuildConfig_290_33soGeneralWorkBuildConfig_28_14_2__274_71_______dt
0000430c soArraySelectHolder_1_41soArrayVector_P19soStatusUniqProcess_290__56soSingletonHolder_35soArrayNu_______dt
00004368 soTransitionModuleBuilder_716soTransitionModuleBuildConfig_657soTypeList_15soIntToType_25__624soT_______dt
000043e0 soJagArray_46soInstanceUnitFullProperty_16soTransitionTerm__657soTypeList_15soIntToType_25__624so_______dt
00004440 soArrayPool_15soIntToType_25__818soLineHierarchy_624soTypeList_14soIntToType_6__592soTypeList_14s_______dt
000044b8 soArrayPool_14soIntToType_6__786soLineHierarchy_592soTypeList_14soIntToType_2__560soTypeList_14so_______dt
00004530 soArrayPool_14soIntToType_2__754soLineHierarchy_560soTypeList_14soIntToType_1__528soTypeList_15so_______dt
000045a8 soArrayPool_14soIntToType_1__722soLineHierarchy_528soTypeList_15soIntToType_17__495soTypeList_14s_______dt
00004620 soArrayPool_15soIntToType_17__689soLineHierarchy_495soTypeList_14soIntToType_3__463soTypeList_14s_______dt
00004698 soArrayPool_14soIntToType_3__657soLineHierarchy_463soTypeList_14soIntToType_1__431soTypeList_14so_______dt
00004710 soArrayPool_14soIntToType_1__625soLineHierarchy_431soTypeList_14soIntToType_2__399soTypeList_14so_______dt
00004788 soArrayPool_14soIntToType_2__593soLineHierarchy_399soTypeList_14soIntToType_8__367soTypeList_14so_______dt
00004800 soArrayPool_14soIntToType_8__561soLineHierarchy_367soTypeList_14soIntToType_2__335soTypeList_14so_______dt
00004878 soArrayPool_14soIntToType_2__530soLineHierarchy_335soTypeList_14soIntToType_1__303soTypeList_14so_______dt
000048f0 soArrayPool_14soIntToType_1__498soLineHierarchy_303soTypeList_14soIntToType_6__271soTypeList_14so_______dt
00004968 soArrayPool_14soIntToType_6__466soLineHierarchy_271soTypeList_14soIntToType_3__239soTypeList_14so_______dt
000049e0 soArrayPool_14soIntToType_3__434soLineHierarchy_239soTypeList_14soIntToType_1__207soTypeList_14so_______dt
00004a58 soArrayPool_14soIntToType_1__402soLineHierarchy_207soTypeList_14soIntToType_1__175soTypeList_14so_______dt
00004ad0 soArrayPool_14soIntToType_1__370soLineHierarchy_175soTypeList_14soIntToType_2__143soTypeList_14so_______dt
00004b48 soArrayPool_14soIntToType_2__338soLineHierarchy_143soTypeList_14soIntToType_3__111soTypeList_14so_______dt
00004bc0 soArrayPool_14soIntToType_3__306soLineHierarchy_111soTypeList_14soIntToType_2__80soTypeList_14soI_______dt
00004c38 soArrayPool_14soIntToType_2__274soLineHierarchy_80soTypeList_14soIntToType_6__49soTypeList_14soIn_______dt
00004cb0 soArrayPool_14soIntToType_6__243soLineHierarchy_49soTypeList_14soIntToType_1__18soTypeListNullTyp_______dt
00004d20 soLineHierarchy_49soTypeList_14soIntToType_1__18soTypeListNullType__11soArrayPool_65soArrayPoolRo_______dt
00004d80 soGeneralWorkBuilder_33soGeneralWorkBuildConfig_28_14_2______dt
00004de0 soAnimCmdModuleBuilder_52soAnimCmdModuleBuildConfig_11_19soAnimCmdModuleImpl______dt
00004e4c soInstanceManagerFullPropertyVector_20soAnimCmdControlUnit_11_____dt
00004ebc soCameraModuleBuilder_49soCameraModuleBuildConfig_18soCameraModuleImpl_1______dt
00004f30 soControllerModuleBuilder_60soControllerModuleBuildConfig_22ftControllerModuleImpl_10_2______dt
00004fb0 soArraySelectHolder_1_38soArrayVector_19soControllerClatter_2__55soSingletonHolder_34soArrayNull________dt
0000500c soVisibilityModuleBuilder_57soVisibilityModuleBuildConfig_22soVisibilityModuleImpl_2______dt
00005068 soLinkModuleBuilder_46soLinkModuleBuildConfig_12_16soLinkModuleImpl______dt
000050d4 soSoundModuleBuilder_80soSoundModuleBuildConfig_1_30ftSound3dGeneratorAccesserImpl_17soSoundModul_______dt
00005140 ftSound3dGeneratorAccesserImpl____dt
00005180 soShakeModuleBuilder_47soShakeModuleBuildConfig_4_17soShakeModuleImpl______dt
000051f4 soTurnModuleBuilder_43soTurnModuleBuildConfig_16soTurnModuleImpl______dt
00005250 soStopModuleBuilder_43soStopModuleBuildConfig_16ftStopModuleImpl______dt
000052ac soCaptureModuleBuilder_49soCaptureModuleBuildConfig_19soCaptureModuleImpl______dt
00005308 soCatchModuleBuilder_47soCatchModuleBuildConfig_1_17soCatchModuleImpl______dt
00005364 soDamageModuleBuilder_98soDamageModuleBuildConfig_19soDamageModuleActor_1_22ftDamageTransactorImp_______dt
000053d8 soCollisionCatchModuleBuilder_71soCollisionCatchModuleBuildConfig_0_4_1_26soCollisionCatchModuleI_______dt
00005444 soCollisionReflectorModuleBuilder_75soCollisionReflectorModuleBuildConfig_0_20_2_27soCollisionShi_______dt
000054d4 soCollisionShieldModuleBuilder_73soCollisionShieldModuleBuildConfig_0_1_1_27soCollisionShieldModu_______dt
00005564 soCollisionHitModuleBuilder_73soCollisionHitModuleBuildConfig_0_20_1_24soCollisionHitModuleImpl_1_______dt
000055e8 soCollisionAttackModuleBuilder_77soCollisionAttackModuleBuildConfig_0_5_6_27soCollisionAttackModu_______dt
0000566c soTeamModuleBuilder_51soTeamModuleBuildConfig_6ftTeam_16soTeamModuleImpl______dt
000056e4 ftTeamIndirect____dt
00005744 ftTeam____dt
000057a0 soGroundModuleBuilder_49soGroundModuleBuildConfig_1_18soGroundModuleImpl______dt
0000580c soMotionModuleBuilder_248soMotionModuleBuildConfig_492_18soMotionModuleImpl_2_1_107soTransitionMo_______dt
000058c0 soMotionAnimObjCacheModuleBuilder_73soMotionAnimObjCacheModuleBuildConfig_5_30soMotionAnimObjCach_______dt
0000592c soArraySelectHolder_1_19soArrayVector_Ul_5__36soSingletonHolder_15soArrayNull_Ul_______dt
00005988 soSelectInstanceHolder_1_39soArrayVector_20soTransitionTermPack_1__58soSingletonConcrete_35soArra_______dt
000059e4 soArraySelectHolder_1_32soArrayVector_13soPartialAnim_2__49soSingletonHolder_28soArrayNull_13soPa_______dt
00005a40 soTransitionModuleBuilder_107soTransitionModuleBuildConfig_49soTypeList_14soIntToType_8__18soType_______dt
00005ab8 soJagArray_46soInstanceUnitFullProperty_16soTransitionTerm__49soTypeList_14soIntToType_8__18soTyp_______dt
00005b14 soLineHierarchy_49soTypeList_14soIntToType_8__18soTypeListNullType__11soArrayPool_65soArrayPoolRo_______dt
00005b74 soModelModuleBuilder_49soModelModuleBuildConfig_8_3_17soModelModuleImpl______dt
00005bec soArraySelectHolder_1_37soArrayVector_18soModelVirtualNode_3__54soSingletonHolder_33soArrayNull_1_______dt
00005c48 soResourceModuleBuilder_87soResourceModuleBuildConfigDynamic_0_24ftResourceIdAccesserImpl_20soRes_______dt
00005cc0 soParamCustomizeModuleBuilder_63soParamCustomizeModuleBuildConfig_26ftParamCustomizeModuleImpl______dt
00005d1c soInsideEventManageModuleBuilder_106soInsideEventManageModuleBuildConfig_32_40_4_4_4_4_4_4_5_4_4________dt
00005e60 soNullable____ct
00005e74 soTeamModuleBuilder_51soTeamModuleBuildConfig_6ftTeam_16soTeamModuleImpl______ct
00005f38 soNullable__isNull
00005f40 soInsideEventManageModuleBuilder_106soInsideEventManageModuleBuildConfig_32_40_4_4_4_4_4_4_5_4_4________ct
00006294 soResourceModuleBuilder_87soResourceModuleBuildConfigDynamic_0_24ftResourceIdAccesserImpl_20soRes_______ct
000062fc soModelModuleBuilder_49soModelModuleBuildConfig_8_3_17soModelModuleImpl______ct
00006384 soMotionModuleBuilder_248soMotionModuleBuildConfig_492_18soMotionModuleImpl_2_1_107soTransitionMo_______ct
00006520 soTransitionModuleImpl____ct
00006558 soPostureModuleBuilder_51soPostureModuleBuildConfig_1_19soPostureModuleImpl______ct
000065c8 soGroundModuleBuilder_49soGroundModuleBuildConfig_1_18soGroundModuleImpl______ct
0000662c soCollisionAttackModuleBuilder_77soCollisionAttackModuleBuildConfig_0_5_6_27soCollisionAttackModu_______ct
000066f0 soCollisionHitModuleBuilder_73soCollisionHitModuleBuildConfig_0_20_1_24soCollisionHitModuleImpl_1_______ct
000067b4 soCollisionShieldModuleBuilder_73soCollisionShieldModuleBuildConfig_0_1_1_27soCollisionShieldModu_______ct
00006888 soCollisionReflectorModuleBuilder_75soCollisionReflectorModuleBuildConfig_0_20_2_27soCollisionShi_______ct
0000695c soCollisionCatchModuleBuilder_71soCollisionCatchModuleBuildConfig_0_4_1_26soCollisionCatchModuleI_______ct
000069f4 soDamageModuleBuilder_98soDamageModuleBuildConfig_19soDamageModuleActor_1_22ftDamageTransactorImp_______ct
00006a60 soShakeModuleBuilder_47soShakeModuleBuildConfig_4_17soShakeModuleImpl______ct
00006abc soSoundModuleBuilder_80soSoundModuleBuildConfig_1_30ftSound3dGeneratorAccesserImpl_17soSoundModul_______ct
00006b4c soLinkModuleBuilder_46soLinkModuleBuildConfig_12_16soLinkModuleImpl______ct
00006ba0 soControllerModuleBuilder_60soControllerModuleBuildConfig_22ftControllerModuleImpl_10_2______ct
00006c10 soCameraModuleBuilder_49soCameraModuleBuildConfig_18soCameraModuleImpl_1______ct
00006c7c soAnimCmdModuleBuilder_52soAnimCmdModuleBuildConfig_11_19soAnimCmdModuleImpl______ct
00006cc0 soStatusModuleBuilder_823soStatusModuleBuildConfig_290_33soGeneralWorkBuildConfig_28_14_2__274_71_______ct
00007048 soGeneralWorkSimple____ct
000070c8 soGeneralWorkSimple__clearWorkAll
00007178 soKineticModuleBuilder_1213soKineticModuleBuildConfig_26soKineticModuleGenericImpl_1149soKineticM_______ct
00007548 soGeneralWorkBuilder_33soGeneralWorkBuildConfig_77_32_3______ct
000075a8 soGenerateArticleManageModuleBuilder_391soGenerateArticleManageModuleBuildConfig_306soArticleMedi_______ct
000076b8 soEffectModuleBuilder_58soEffectModuleBuildConfig_1_1_1_2_10_18soEffectModuleImpl______ct
00007784 soAreaModuleBuilder_89soAreaModuleBuildConfig_9_16_34soAreaEnviromentElementCheckerImpl_16ftAreaM_______ct
0000781c soPhysicsModuleBuilder_53soPhysicsModuleBuildConfig_2_19soPhysicsModuleImpl_1______ct
0000787c soItemManageModuleBuilder_105soItemManageModuleBuildConfig_3_4_16soItemSearchImpl_24soItemPickTra_______ct
000078f8 soAnimCmdAddressPackArraySeparate____ct
00007914 soAnimCmdInterpreter____ct
00007aa4 soSingletonHolder_30soArrayNull_PC13acAnimCmdConv____getInstance
00007b14 soArrayUtility__pushRange_PC13acAnimCmdConv_
00007b90 soAnimCmdControlUnitBuilder_60soAnimCmdControlUnitBuildConfigDisguise_0_1_290_290_0_1_0_8____getEntryList
00007bcc soAnimCmdControlUnitBuilder_60soAnimCmdControlUnitBuildConfigDisguise_0_1_290_290_0_1_0_8____setupDisguiseList
00007c7c ftMetaknight__notifyEventChangeSituation
00007d74 ftMetaknight__activeArticle
00007e5c ftMetaknight__notifyEventCollisionAttackFighter
00007ff8 ftMetaknight__notifyEventCollisionAttackCheck
0000806c ftMetaknight__notifyEventChangeStatus
00008164 ftMetaknight__notifyEventChangeMotion
0000819c soMotionEventObserver__notifyEventChangeMotion
000081a0 ftExtendParamAccesser__getParamIndefinite
000081a8 ftMetaknightExtendParamAccesser__setup
000082f8 ftExtendParamAccesserEx_3999_27_23999_8___setup
000082fc ftMetaknightExtendParamAccesser____dt
0000835c ftExtendParamAccesserEx_3999_27_23999_8_____dt
000083b8 Fighter__isObserv
000083d4 ftMetaknight____dt
00008448 soAnimCmdEventObserver__addObserver
0000845c soLinkEventObserver__addObserver
00008470 StageObject__adjustParentGroundCollision
00008474 StageObject__isActive
0000847c StageObject__processGameProc
00008480 soStatusEventObserver__addObserver
00008494 soSituationEventObserver__addObserver
000084a8 soCollisionAttackEventObserver__addObserver
000084bc soCollisionHitEventObserver__notifyEventCollisionHit2nd
000084c0 soCollisionHitEventObserver__notifyEventCollisionHit
000084c4 soCollisionHitEventObserver__addObserver
000084d8 soCollisionShieldEventObserver__addObserver
000084ec soCollisionReflectorEventObserver__addObserver
00008500 soCollisionAbsorberEventObserver__addObserver
00008514 soCollisionSearchEventObserver__addObserver
00008528 soCaptureEventObserver__addObserver
0000853c soItemManageEventObserver__addObserver
00008550 soMotionEventObserver__addObserver
00008564 soDamageEventObserver__addObserver
00008578 ftEntryEventObserver__notifyEventExitFighter
0000857c ftEntryEventObserver__notifyEventKirbyResourceUnLoaded
00008580 ftEntryEventObserver__notifyEventKirbyResourceLoaded
00008584 ftEntryEventObserver__notifyEventPokeTrainerReplace
00008588 ftEntryEventObserver__notifyEventPokemonDamage
0000858c ftEntryEventObserver__notifyEventPokemonInflict
00008590 ftEntryEventObserver__notifyEventPokemonAttack
00008594 ftEntryEventObserver__notifyEventPokemonRebirthEnd
00008598 ftEntryEventObserver__notifyEventStopRumble
0000859c ftEntryEventObserver__notifyEventSetRumble
000085a0 ftEntryEventObserver__notifyEventPokemonAppeal
000085a4 ftEntryEventObserver__notifyEventPokemonSpecial
000085a8 ftEntryEventObserver__notifyEventPokemonChangeCancel
000085ac ftEntryEventObserver__notifyEventPokemonCollect
000085b0 ftEntryEventObserver__notifyEventPokemonTrainerUpdate
000085b4 ftEntryEventObserver__notifyEventPokemonRequestChange
000085bc ftEntryEventObserver__notifyEventPokemonStart
000085c0 ftEntryEventObserver__notifyEventWarp
000085c4 ftEntryEventObserver__notifyEventPartnerResourcePrepared
000085c8 ftEntryEventObserver__notifyEventDeadPartner
000085cc ftEntryEventObserver__addObserver
000085e0 soTurnEventObserver__addObserver
000085f4 Fighter__disappear
000085f8 Fighter__trainerRestart
000085fc Fighter__trainerStart
00008600 Fighter__playEatSE
00008604 Fighter__setVisibility
00008608 Fighter__getFtKind
00008610 Fighter__soGetSubKind
00008620 Fighter__soGetKind
00008628 Fighter__analyzeSeal
0000862c Fighter__onHitReflector
00008630 Fighter__change
00008634 Fighter__setupChangeSucceedEffect
0000863c Fighter__getChangeSucceedOption
00008644 Fighter__postStart
00008648 Fighter__onDeactivate
0000864c Fighter__onActivate
00008650 Fighter__onEndFinal
00008654 Fighter__onStartFinal
00008658 Fighter__notifyEventCollisionAttackFighter
0000865c ftSound3dGeneratorAccesserImpl__getInstance
0000866c ftSound3dGeneratorAccesserImpl__deactivate
000086c0 ftSound3dGeneratorAccesserImpl__activate
0000871c ftVirtualNodeMatrixPoolImpl__getExtendMatrix
00008724 ftVirtualNodeMatrixPoolImpl__getCommonMatrix
0000872c ftVirtualNodeMatrixPoolImpl__getHitMatrix
00008734 ftStatusGimmickUniqProcessPoolImpl__getUniqProcessEaten
0000873c ftStatusGimmickUniqProcessPoolImpl__getUniqProcessTruck
00008744 ftStatusGimmickUniqProcessPoolImpl__getUniqProcessSpring
0000874c ftStatusGimmickUniqProcessPoolImpl__getUniqProcessLadder
00008754 ftStatusGimmickUniqProcessPoolImpl__getUniqProcessCatapult
0000875c ftStatusGimmickUniqProcessPoolImpl__getUniqProcessDoor
00008764 ftStatusGimmickUniqProcessPoolImpl__getUniqProcessBarrel
0000876c soKineticEnergy__getSpeed3f
000087cc soGeneralWorkSimple__getFlagWorkSize
000087d4 soGeneralWorkSimple__turnOffFlag
00008848 soGeneralWorkSimple__isFlag
00008864 soGeneralWorkSimple__offFlag
0000887c soGeneralWorkSimple__clearFlag
00008890 soGeneralWorkSimple__onFlag
000088a8 soGeneralWorkSimple__getFloatWorkSize
000088b0 soGeneralWorkSimple__divFloatWork
000088d8 soGeneralWorkSimple__mulFloatWork
000088f0 soGeneralWorkSimple__subFloatWork
00008908 soGeneralWorkSimple__addFloatWork
00008920 soGeneralWorkSimple__setFloatWork
00008930 soGeneralWorkSimple__getFloatWork
00008940 soGeneralWorkSimple__getIntWorkSize
00008948 soGeneralWorkSimple__decIntWork
00008960 soGeneralWorkSimple__incIntWork
00008978 soGeneralWorkSimple__divIntWork
00008998 soGeneralWorkSimple__mulIntWork
000089b0 soGeneralWorkSimple__subIntWork
000089c8 soGeneralWorkSimple__addIntWork
000089e0 soGeneralWorkSimple__setIntWork
000089f0 soGeneralWorkSimple__getIntWork
00008a00 soAnimCmdAddressPackArraySeparate__isNull
00008a08 soAnimCmdAddressPackArraySeparate__size
00008abc soAnimCmdAddressPackArraySeparate__at
00008b10 soAnimCmdAddressPackArraySeparate__atSub
00008c3c soAnimCmdAddressPackArraySeparate__at1
00008c70 ftExtendParamAccesserEx_3999_27_23999_8___getParamFloat
00008cc8 soValueAccesser__getValueVariation
00008cd4 ftExtendParamAccesserEx_3999_27_23999_8___getParamInt
00008d30 soKineticMediatorImpl_983soTypeList_100soInstancePoolInfo_21ftKineticEnergyMotion_1_21soKineticEn_______dt
00008d90 soArticleMediatorImpl_113soTypeList_78soInstancePoolInfo_18wnMetaknightMantle_1_16wnInstanceHolde_____generate
0000903c soArticleMediatorImpl_113soTypeList_78soInstancePoolInfo_18wnMetaknightMantle_1_16wnInstanceHolde_____isGeneratable
0000922c soArticleMediatorImpl_113soTypeList_78soInstancePoolInfo_18wnMetaknightMantle_1_16wnInstanceHolde_____getActiveNum
0000943c soArticleMediatorImpl_113soTypeList_78soInstancePoolInfo_18wnMetaknightMantle_1_16wnInstanceHolde_____getGenerateMaxNum
000095c0 soArticleMediatorImpl_113soTypeList_78soInstancePoolInfo_18wnMetaknightMantle_1_16wnInstanceHolde_____shoot
00009798 soArticleMediatorImpl_113soTypeList_78soInstancePoolInfo_18wnMetaknightMantle_1_16wnInstanceHolde_____deactivate
000097f8 soArticleMediatorImpl_113soTypeList_78soInstancePoolInfo_18wnMetaknightMantle_1_16wnInstanceHolde_____getMediateNum
00009800 soArticleMediatorImpl_113soTypeList_78soInstancePoolInfo_18wnMetaknightMantle_1_16wnInstanceHolde_____setAutoRecycle
00009808 ftFighterBuilder_23ftMetaknightBuildConfig___getCancelModule
00009814 ftFighterBuilder_23ftMetaknightBuildConfig___isEnableCancel
00009828 ftFighterBuilder_23ftMetaknightBuildConfig___getVirtualNodeMatrixPool
00009834 ftFighterBuilder_23ftMetaknightBuildConfig___getStatusGimmickUniqProcessPool
00009840 soArrayFixed_24soAnimCmdAddressPackConv___isEmpty
00009874 soArticle__checkActivate
00009884 soInstancePoolSub_78soInstancePoolInfo_18wnMetaknightMantle_1_16wnInstanceHolder_14soIntToType_0______getInstanceAt
0000989c ftKineticEnergyMotion____dt
000098fc soKineticEnergyHolder_21ftKineticEnergyMotion_18soTypeListNullType_28soKineticEnergyInitInfo_0_1______dt
0000995c soInstancePoolSub_100soInstancePoolInfo_21ftKineticEnergyMotion_1_21soKineticEnergyHolder_28soKin_______dt
000099bc soInstancePool_100soInstancePoolInfo_21ftKineticEnergyMotion_1_21soKineticEnergyHolder_28soKineti_______dt
00009a1c soLineInvertHierarchy_136soTypeList_100soInstancePoolInfo_21ftKineticEnergyMotion_1_21soKineticEn_______dt
00009a80 ftKineticEnergyGravity____dt
00009adc soKineticEnergyHolder_22ftKineticEnergyGravity_18soTypeListNullType_28soKineticEnergyInitInfo_1_1______dt
00009b3c soInstancePoolSub_101soInstancePoolInfo_22ftKineticEnergyGravity_1_21soKineticEnergyHolder_28soKi_______dt
00009b9c soInstancePool_101soInstancePoolInfo_22ftKineticEnergyGravity_1_21soKineticEnergyHolder_28soKinet_______dt
00009c0c ftKineticEnergyController____dt
00009c6c soKineticEnergyHolder_25ftKineticEnergyController_18soTypeListNullType_28soKineticEnergyInitInfo________dt
00009ccc soInstancePoolSub_104soInstancePoolInfo_25ftKineticEnergyController_1_21soKineticEnergyHolder_28s_______dt
00009d2c soInstancePool_104soInstancePoolInfo_25ftKineticEnergyController_1_21soKineticEnergyHolder_28soKi_______dt
00009da4 ftKineticEnergyStop____dt
00009e04 soKineticEnergyHolder_19ftKineticEnergyStop_18soTypeListNullType_28soKineticEnergyInitInfo_3_1______dt
00009e64 soInstancePoolSub_98soInstancePoolInfo_19ftKineticEnergyStop_1_21soKineticEnergyHolder_28soKineti_______dt
00009ec4 soInstancePool_98soInstancePoolInfo_19ftKineticEnergyStop_1_21soKineticEnergyHolder_28soKineticEn_______dt
00009f3c ftKineticEnergyDamage____dt
00009f98 soKineticEnergyHolder_21ftKineticEnergyDamage_18soTypeListNullType_28soKineticEnergyInitInfo_4_2______dt
00009ff8 soInstancePoolSub_100soInstancePoolInfo_21ftKineticEnergyDamage_1_21soKineticEnergyHolder_28soKin_______dt
0000a058 soInstancePool_100soInstancePoolInfo_21ftKineticEnergyDamage_1_21soKineticEnergyHolder_28soKineti_______dt
0000a0d0 soKineticEnergyWindNormal____dt
0000a130 soKineticEnergyHolder_25soKineticEnergyWindNormal_18soTypeListNullType_28soKineticEnergyInitInfo________dt
0000a190 soInstancePoolSub_104soInstancePoolInfo_25soKineticEnergyWindNormal_1_21soKineticEnergyHolder_28s_______dt
0000a1f0 soInstancePool_104soInstancePoolInfo_25soKineticEnergyWindNormal_1_21soKineticEnergyHolder_28soKi_______dt
0000a268 soKineticEnergyGroundMovement____dt
0000a2c4 soKineticEnergyHolder_29soKineticEnergyGroundMovement_18soTypeListNullType_28soKineticEnergyInitI_______dt
0000a324 soInstancePoolSub_108soInstancePoolInfo_29soKineticEnergyGroundMovement_1_21soKineticEnergyHolder_______dt
0000a384 soInstancePool_108soInstancePoolInfo_29soKineticEnergyGroundMovement_1_21soKineticEnergyHolder_28_______dt
0000a3fc soKineticEnergyJostle____dt
0000a458 soKineticEnergyHolder_21soKineticEnergyJostle_18soTypeListNullType_28soKineticEnergyInitInfo_7_4______dt
0000a4b8 soInstancePoolSub_100soInstancePoolInfo_21soKineticEnergyJostle_1_21soKineticEnergyHolder_28soKin_______dt
0000a518 soInstancePool_100soInstancePoolInfo_21soKineticEnergyJostle_1_21soKineticEnergyHolder_28soKineti_______dt
0000a590 soLineInvertHierarchy_983soTypeList_100soInstancePoolInfo_21ftKineticEnergyMotion_1_21soKineticEn_______dt
0000a5ec soKineticEnergyNormal__clearRotSpeed
0000a5f0 soKineticEnergyNormal__clearSpeed
0000a628 Vec2f____as
0000a63c soKineticEnergyNormal__init
0000a6d4 soKineticEnergyNormal__offConsiderGroundFriction
0000a6e0 soKineticEnergyNormal__onConsiderGroundFriction
0000a6ec soKineticEnergyNormal__getRotation
0000a704 soKineticEnergyNormal__getSpeed
0000a714 soKineticMediatorImpl_983soTypeList_100soInstancePoolInfo_21ftKineticEnergyMotion_1_21soKineticEn_____changeKinetic
0000a870 soKineticMediatorImpl_983soTypeList_100soInstancePoolInfo_21ftKineticEnergyMotion_1_21soKineticEn_____updateEnergy
0000ab04 soKineticMediatorImpl_983soTypeList_100soInstancePoolInfo_21ftKineticEnergyMotion_1_21soKineticEn_____updateEnergy1
0000ac2c soKineticMediatorImpl_983soTypeList_100soInstancePoolInfo_21ftKineticEnergyMotion_1_21soKineticEn_____updateEnergy2
0000ae98 soKineticMediatorImpl_983soTypeList_100soInstancePoolInfo_21ftKineticEnergyMotion_1_21soKineticEn_____postUpdateEnergy
0000ae9c soKineticMediatorImpl_983soTypeList_100soInstancePoolInfo_21ftKineticEnergyMotion_1_21soKineticEn_____addSpeed
0000aeac soKineticMediatorImpl_983soTypeList_100soInstancePoolInfo_21ftKineticEnergyMotion_1_21soKineticEn_____addSpeedOutside
0000aec0 soKineticMediatorImpl_983soTypeList_100soInstancePoolInfo_21ftKineticEnergyMotion_1_21soKineticEn_____notifyEventChangeStatus
0000aed4 soKineticMediatorImpl_983soTypeList_100soInstancePoolInfo_21ftKineticEnergyMotion_1_21soKineticEn_____getMediateNum
0000aedc soKineticUpdateEnergyHolderHelper_29ftMetaknightKineticTransactor_____ct
0000aee8 ftMetaknightKineticTransactor__updateEnergy_21ftKineticEnergyMotion_
0000b0c8 soInstancePoolSub_100soInstancePoolInfo_21ftKineticEnergyMotion_1_21soKineticEnergyHolder_28soKin_____getInstanceAt
0000b0e0 soInstancePoolSub_100soInstancePoolInfo_21ftKineticEnergyMotion_1_21soKineticEnergyHolder_28soKin_____forEachHolderModuleAccesser_66soKineticUpdateEnergyHolderHelper_29ftMetaknightKineticTransactor__
0000b170 soInstancePoolSubNull_21ftKineticEnergyMotion___forEachHolderModuleAccesser_66soKineticUpdateEnergyHolderHelper_29ftMetaknightKineticTransactor__
0000b178 ftMetaknightKineticTransactor__updateEnergy_22ftKineticEnergyGravity_
0000b360 soInstancePoolSub_101soInstancePoolInfo_22ftKineticEnergyGravity_1_21soKineticEnergyHolder_28soKi_____getInstanceAt
0000b378 soInstancePoolSub_101soInstancePoolInfo_22ftKineticEnergyGravity_1_21soKineticEnergyHolder_28soKi_____forEachHolderModuleAccesser_66soKineticUpdateEnergyHolderHelper_29ftMetaknightKineticTransactor__
0000b408 soInstancePoolSubNull_22ftKineticEnergyGravity___forEachHolderModuleAccesser_66soKineticUpdateEnergyHolderHelper_29ftMetaknightKineticTransactor__
0000b410 ftMetaknightKineticTransactor__updateEnergy_25ftKineticEnergyController_
0000b5f0 soInstancePoolSub_104soInstancePoolInfo_25ftKineticEnergyController_1_21soKineticEnergyHolder_28s_____getInstanceAt
0000b608 soInstancePoolSub_104soInstancePoolInfo_25ftKineticEnergyController_1_21soKineticEnergyHolder_28s_____forEachHolderModuleAccesser_66soKineticUpdateEnergyHolderHelper_29ftMetaknightKineticTransactor__
0000b698 soInstancePoolSubNull_25ftKineticEnergyController___forEachHolderModuleAccesser_66soKineticUpdateEnergyHolderHelper_29ftMetaknightKineticTransactor__
0000b6a0 ftMetaknightKineticTransactor__updateEnergy_19ftKineticEnergyStop_
0000b88c soInstancePoolSub_98soInstancePoolInfo_19ftKineticEnergyStop_1_21soKineticEnergyHolder_28soKineti_____getInstanceAt
0000b8a4 soInstancePoolSub_98soInstancePoolInfo_19ftKineticEnergyStop_1_21soKineticEnergyHolder_28soKineti_____forEachHolderModuleAccesser_66soKineticUpdateEnergyHolderHelper_29ftMetaknightKineticTransactor__
0000b934 soInstancePoolSubNull_19ftKineticEnergyStop___forEachHolderModuleAccesser_66soKineticUpdateEnergyHolderHelper_29ftMetaknightKineticTransactor__
0000b93c ftMetaknightKineticTransactor__updateEnergy_21ftKineticEnergyDamage_
0000bb28 soInstancePoolSub_100soInstancePoolInfo_21ftKineticEnergyDamage_1_21soKineticEnergyHolder_28soKin_____getInstanceAt
0000bb40 soInstancePoolSub_100soInstancePoolInfo_21ftKineticEnergyDamage_1_21soKineticEnergyHolder_28soKin_____forEachHolderModuleAccesser_66soKineticUpdateEnergyHolderHelper_29ftMetaknightKineticTransactor__
0000bbd0 soInstancePoolSubNull_21ftKineticEnergyDamage___forEachHolderModuleAccesser_66soKineticUpdateEnergyHolderHelper_29ftMetaknightKineticTransactor__
0000bbd8 ftMetaknightKineticTransactor__updateEnergy_25soKineticEnergyWindNormal_
0000bdc4 soInstancePoolSub_104soInstancePoolInfo_25soKineticEnergyWindNormal_1_21soKineticEnergyHolder_28s_____getInstanceAt
0000bddc soInstancePoolSub_104soInstancePoolInfo_25soKineticEnergyWindNormal_1_21soKineticEnergyHolder_28s_____forEachHolderModuleAccesser_66soKineticUpdateEnergyHolderHelper_29ftMetaknightKineticTransactor__
0000be6c soInstancePoolSubNull_25soKineticEnergyWindNormal___forEachHolderModuleAccesser_66soKineticUpdateEnergyHolderHelper_29ftMetaknightKineticTransactor__
0000be74 ftMetaknightKineticTransactor__updateEnergy_29soKineticEnergyGroundMovement_
0000c060 soInstancePoolSub_108soInstancePoolInfo_29soKineticEnergyGroundMovement_1_21soKineticEnergyHolder_____getInstanceAt
0000c078 soInstancePoolSub_108soInstancePoolInfo_29soKineticEnergyGroundMovement_1_21soKineticEnergyHolder_____forEachHolderModuleAccesser_66soKineticUpdateEnergyHolderHelper_29ftMetaknightKineticTransactor__
0000c108 soInstancePoolSubNull_29soKineticEnergyGroundMovement___forEachHolderModuleAccesser_66soKineticUpdateEnergyHolderHelper_29ftMetaknightKineticTransactor__
0000c110 ftMetaknightKineticTransactor__updateEnergy_21soKineticEnergyJostle_
0000c2fc soInstancePoolSub_100soInstancePoolInfo_21soKineticEnergyJostle_1_21soKineticEnergyHolder_28soKin_____getInstanceAt
0000c314 soInstancePoolSub_100soInstancePoolInfo_21soKineticEnergyJostle_1_21soKineticEnergyHolder_28soKin_____forEachHolderModuleAccesser_66soKineticUpdateEnergyHolderHelper_29ftMetaknightKineticTransactor__
0000c3a4 soInstancePoolSubNull_21soKineticEnergyJostle___forEachHolderModuleAccesser_66soKineticUpdateEnergyHolderHelper_29ftMetaknightKineticTransactor__
0000c3ac soKineticUpdateEnergyHolderHelper_29ftMetaknightKineticTransactor_____ct1
0000c3b8 ftmetaknightcpp____sinit_
0000c41c ftMetaknightExtendParamAccesser____ct
0000c464 ftClassInfoImpl_22_12ftMetaknight_____ct
0000c4bc ftClassInfoImpl_22_12ftMetaknight_____dt
0000c540 ftClassInfoImpl_22_12ftMetaknight___create
0000c5a8 soArticleMediator___4_
0000c5b0 soArticleMediatorImpl_113soTypeList_78soInstancePoolInfo_18wnMetaknightMantle_1_16wnInstanceHolde______4_shoot
0000c5b8 soArticleMediatorImpl_113soTypeList_78soInstancePoolInfo_18wnMetaknightMantle_1_16wnInstanceHolde______4_
0000c5c0 ftFighterBuilder_23ftMetaknightBuildConfig____64_
0000c5c8 Fighter___100_notifyEventChangeStatus
0000c5d0 Fighter___112_notifyEventChangeSituation
0000c5d8 Fighter___124_notifyEventCollisionAttackCheck
0000c5e0 ftMetaknight___64_
0000c5e8 Fighter___72_notifyEventAnimCmd
0000c5f0 Fighter___72_isObserv
0000c5f8 Fighter___84_notifyEventLink
0000c600 ftMetaknight___100_notifyEventChangeStatus
0000c608 ftMetaknight___112_notifyEventChangeSituation
0000c610 ftMetaknight___124_notifyEventCollisionAttackCheck
0000c618 Fighter___124_notifyEventCollisionAttack
0000c620 Fighter___136_notifyEventChangeCollisionHit
0000c628 Fighter___148_notifyEventCollisionShieldCheck
0000c630 Fighter___148_notifyEventCollisionShieldSearch
0000c638 Fighter___148_notifyEventCollisionShield
0000c640 Fighter___160_notifyEventCollisionReflectorCheck
0000c648 Fighter___160_notifyEventCollisionReflectorSearch
0000c650 Fighter___160_notifyEventCollisionReflector
0000c658 Fighter___172_notifyEventCollisionAbsorberCheck
0000c660 Fighter___172_notifyEventCollisionAbsorber
0000c668 Fighter___184_notifyEventCollisionSearchCheck
0000c670 Fighter___184_notifyEventCollisionSearch
0000c678 Fighter___196_notifyEventCaptureStatus
0000c680 Fighter___208_notifyVisibilityItem
0000c688 Fighter___208_notifyEjectAttachItem
0000c690 Fighter___208_notifyEjectItem
0000c698 Fighter___208_notifyShootBulletItem
0000c6a0 Fighter___208_notifyDropItem
0000c6a8 Fighter___208_notifyThrowItem
0000c6b0 Fighter___208_notifyUseItem
0000c6b8 Fighter___208_notifyAttachItem
0000c6c0 Fighter___208_notifyHaveItem
0000c6c8 Fighter___208_notifyHaveItemPreCheck
0000c6d0 ftMetaknight___220_notifyEventChangeMotion
0000c6d8 Fighter___232_notifyEventAddDamage
0000c6e0 Fighter___232_notifyEventOnDamage
0000c6e8 Fighter___244_notifyEventPikminFinalAttack
0000c6f0 Fighter___244_notifyEventChangeAdvUnit
0000c6f8 Fighter___244_notifyEventBeat
0000c700 Fighter___244_notifyEventSetDamage
0000c708 Fighter___256_notifyEventTurn
0000c710 ftMetaknightStatusUniqProcessSpecialSRush__execStatus
0000c820 ftMetaknightStatusUniqProcessSpecialSRush__exitStatus
0000c8e4 soStatusUniqProcess__checkTransitionPrecede
0000c8ec soStatusUniqProcess__leaveStop
0000c8f0 soStatusUniqProcess__onChangeLr
0000c8f8 soStatusUniqProcess__checkAttack
0000c8fc soStatusUniqProcess__checkDamage
0000c904 soStatusUniqProcess__execFixCamera
0000c908 soStatusUniqProcess__execFixPos
0000c90c soStatusUniqProcess__execFixPosCounter
0000c910 soStatusUniqProcess__execMapCorrection
0000c914 soStatusUniqProcess__execStop
0000c918 soStatusUniqProcess__initStatus
0000c91c ftMetaknightStatusUniqProcessSpecialSRush____dt
0000c95c soStatusUniqProcess__execStatus
0000c960 ftmetaknightstatusuniqprocessspecialsrushcpp____sinit_
0000c9a8 ftMetaknightStatusUniqProcessSpecialSRush____ct
0000c9b8 ftMetaknightStatusUniqProcessSpecialSEnd__execStatus
0000cb38 Vec3f____ct
0000cb48 ftMetaknightStatusUniqProcessSpecialSEnd__exitStatus
0000cbcc ftMetaknightStatusUniqProcessSpecialSEnd____dt
0000cc0c ftmetaknightstatusuniqprocessspecialsendcpp____sinit_
0000cc54 ftMetaknightStatusUniqProcessSpecialSEnd____ct
0000cc64 ftMetaknightStatusUniqProcessFinalAttackGallery__execFixPosCounter
0000ccd8 ftMetaknightStatusUniqProcessFinalAttackGallery__execFixPos
0000cf10 ftMetaknightStatusUniqProcessFinalAttackGallery__exitStatus
0000cf50 ftMetaknightStatusUniqProcessFinalAttackGallery__getFinalAttackGalleryEntryId
0000d010 ftMetaknightStatusUniqProcessFinalAttackGallery__attackGallery
0000d184 ftMetaknightStatusUniqProcessFinalAttackGallery____dt
0000d1c4 ftmetaknightstatusuniqprocessfinalattackgallerycpp____sinit_
0000d20c ftMetaknightStatusUniqProcessFinalAttackGallery____ct
0000d21c ftMetaknightStatusUniqProcessFinalEnd__execFixPos
0000d428 ftMetaknightStatusUniqProcessFinalEnd__exitStatus
0000d460 ftMetaknightStatusUniqProcessFinalEnd__attackFinal
0000d4d8 ftMetaknightStatusUniqProcessFinalEnd__notifyEventCollisionAttackFighter
0000d548 ftMetaknightStatusUniqProcessFinalEnd__notifyEventCollisionAttackCheck
0000d5e0 ftMetaknightStatusUniqProcessFinalEnd__getFreeFinalLinkWork
0000d654 ftMetaknightStatusUniqProcessFinalEnd____dt
0000d694 ftmetaknightstatusuniqprocessfinalendcpp____sinit_
0000d6dc ftMetaknightStatusUniqProcessFinalEnd____ct
0000d6ec ftMetaknightStatusUniqProcessFinalHitWait__initStatus
0000d824 ftMetaknightStatusUniqProcessFinalHitWait__execFixPos
0000d828 ftMetaknightStatusUniqProcessFinalHitWait__exitStatus
0000d870 ftMetaknightStatusUniqProcessFinalHitWait__getFreeAttackGalleryStatusWorkId
0000d8f0 ftMetaknightStatusUniqProcessFinalHitWait__isFinalTarget
0000d9d0 ftMetaknightStatusUniqProcessFinalUtil__notifyMetaknightFinalEnd
0000da68 ftMetaknightStatusUniqProcessFinalUtil__unLinkFinalTargetAll
0000daec ftMetaknightStatusUniqProcessFinalUtil__correctCameraRange
0000dc30 ftMetaknightStatusUniqProcessFinalUtil__sumRect
0000dccc ftMetaknightStatusUniqProcessFinalHitWait____dt
0000dd0c ftmetaknightstatusuniqprocessfinalhitwaitcpp____sinit_
0000dd54 ftMetaknightStatusUniqProcessFinalHitWait____ct
0000dd64 wnMetaknightMantle____ct
0000f4dc wnWeaponBuilder_43wnMetaknightMantleModuleAccesserBuildConfig_____dt
0000f564 soKineticEnergyRotNormal____dt
0000f5c0 wnModuleAccesserBuilder_43wnMetaknightMantleModuleAccesserBuildConfig_____dt
0000f630 wnAnimCmdModuleSubBuilder_82wnAnimCmdModuleSubBuildConfigDefault_1_1_0_0_1_23_0_0_1_23_0_0_1_23_0_______dt
0000f6c0 soAnimCmdControlUnitBuilder_40soAnimCmdControlUnitBuildConfigUniq_4_8______dt
0000f72c soAnimCmdControlUnitBuilder_49soAnimCmdControlUnitBuildConfig_3_2_23_0_0_1_0_8______dt
0000f7b8 soAnimCmdControlUnitBuilder_49soAnimCmdControlUnitBuildConfig_2_2_23_0_0_1_0_8______dt
0000f844 soAnimCmdControlUnitBuilder_49soAnimCmdControlUnitBuildConfig_1_2_23_0_0_1_0_8______dt
0000f8d0 soAnimCmdControlUnitBuilder_48soAnimCmdControlUnitBuildConfig_0_1_1_0_0_0_0_8______dt
0000f95c soModuleAccesserBuilder_43wnMetaknightMantleModuleAccesserBuildConfig_____dt
0000fae8 soReflectModuleBuilder_51soReflectModuleBuildConfig_0_19soReflectModuleImpl______dt
0000fb44 soSlowModuleBuilder_45soSlowModuleBuildConfig_18soSlowModuleSimple______dt
0000fba0 soColorBlendModuleBuilder_60soColorBlendModuleBuildConfig__1_0_22soColorBlendModuleImpl______dt
0000fbfc soEffectModuleBuilder_58soEffectModuleBuildConfig_1_1_0_1__1_18soEffectModuleImpl______dt
0000fc88 soArraySelectHolder_1_33soArrayVector_14efScreenHandle_1__50soSingletonHolder_29soArrayNull_14efS_______dt
0000fce4 soGeneralWorkBuilder_31soGeneralWorkBuildConfig_7_6_1______dt
0000fd44 soKineticModuleBuilder_75soKineticModuleBuildConfig_19wnKineticModuleImpl_21soKineticMediatorNull_______dt
0000fdbc soKineticMediatorNull____dt
0000fdfc soInstanceManagerFullPropertyVector_P15soKineticEnergy_8_____dt
0000fe5c wnKineticModuleImpl____dt
0000fed0 soStatusModuleBuilder_204soStatusModuleBuildConfig_1_31soGeneralWorkBuildConfig_2_2_1__1_107soTra_______dt
0000ff6c soArraySelectHolder_1_39soArrayVector_P19soStatusUniqProcess_1__56soSingletonHolder_35soArrayNull_______dt
0000ffc8 soTransitionModuleBuilder_107soTransitionModuleBuildConfig_49soTypeList_14soIntToType_6__18soType_______dt
00010040 soJagArray_46soInstanceUnitFullProperty_16soTransitionTerm__49soTypeList_14soIntToType_6__18soTyp_______dt
0001009c soLineHierarchy_49soTypeList_14soIntToType_6__18soTypeListNullType__11soArrayPool_65soArrayPoolRo_______dt
000100fc soGeneralWorkBuilder_31soGeneralWorkBuildConfig_2_2_1______dt
0001015c soAnimCmdModuleBuilder_51soAnimCmdModuleBuildConfig_6_19soAnimCmdModuleImpl______dt
000101c8 soInstanceManagerFullPropertyVector_20soAnimCmdControlUnit_6_____dt
00010228 soVisibilityModuleBuilder_59soVisibilityModuleBuildConfig_24soVisibilityModuleSimple_1______dt
00010284 soLinkModuleBuilder_45soLinkModuleBuildConfig_5_16soLinkModuleImpl______dt
000102f0 soSoundModuleBuilder_80soSoundModuleBuildConfig_0_30soSound3dGeneratorAccesserImpl_17soSoundModul_______dt
0001035c soSound3dGeneratorAccesserImpl____dt
0001039c soShakeModuleBuilder_49soShakeModuleBuildConfig_0_19soShakeModuleSimple______dt
000103fc soStopModuleBuilder_43soStopModuleBuildConfig_16soStopModuleImpl______dt
00010458 soCollisionAttackModuleBuilder_77soCollisionAttackModuleBuildConfig_0_1_0_27soCollisionAttackModu_______dt
000104dc soTeamModuleBuilder_56soTeamModuleBuildConfig_10soTeamImpl_16soTeamModuleImpl______dt
00010560 soTeamImpl____dt
000105bc soMotionModuleBuilder_140soMotionModuleBuildConfig_23_18soMotionModuleImpl_0_1_33soTransitionModu_______dt
00010634 soModelModuleBuilder_49soModelModuleBuildConfig_5_0_17soModelModuleImpl______dt
000106a0 soResourceModuleBuilder_80soResourceModuleBuildConfig_0_24soResourceIdAccesserImpl_20soResourceMo_______dt
00010718 soResourceIdAccesserImpl____dt
00010774 soParamCustomizeModuleBuilder_63soParamCustomizeModuleBuildConfig_26soParamCustomizeModuleImpl______dt
000107d4 soParamCustomizeModuleImpl____dt
00010830 soParamCustomizeModule____dt
00010870 soInsideEventManageModuleBuilder_106soInsideEventManageModuleBuildConfig_17_33_4_2_4_4_4_5_2_4_4________dt
0001099c soParamAccesser____dt
000109dc wnMetaknightMantleParamAccesser____dt
00010a3c soTeamImpl____ct
00010a94 soCollisionAttackAbsolute____dt
00010ad4 wnMetaknightMantle__activate
00010bd0 Weapon__getArticleId
00010bd8 Weapon__getTaskId
00010be0 Weapon__isActiveArticle
00010bf0 Weapon__isSyncOwnerStatus
00010c04 Weapon__setSyncOwnerStatus
00010c14 Weapon__isObserv
00010c30 StageObject__isTreadPassive
00010c38 StageObject__checkTransitionStatus
00010c40 StageObject__getInput
00010cc4 Input____dt
00010d04 IpNull____dt
00010d44 soCollisionHitEventObserver__notifyEventChangeCollisionHit
00010d48 soArticle__intrudeLogAttackInfo
00010d4c soArticle__action
00010d50 Weapon__onDeactivate
00010d54 Weapon__soGetSubKind
00010d5c Weapon__soGetKind
00010d64 soParamCustomizeModuleImpl__getAttackPowerMulArticle
00010d70 soParamCustomizeModuleImpl__getParamIndefinite
00010d78 soParamCustomizeModuleImpl__getParamFloat
00010d84 soParamCustomizeModuleImpl__getParamInt
00010d8c soParamCustomizeModuleImpl__getWalkSpeedMul
00010d98 soParamCustomizeModuleImpl__getAttackReactionMul
00010da4 soParamCustomizeModuleImpl__isCustomize
00010dac soParamCustomizeModuleImpl__removeCustomize
00010db0 soParamCustomizeModuleImpl__addCustomize
00010db4 soParamCustomizeModuleImpl__setDefault
00010db8 soParamCustomizeModuleImpl__activate
00010dcc soParamCustomizeModuleImpl__getAttackPowerMulScale
00010dd4 soParamCustomizeModuleImpl__setAttackPowerMulScale
00010ddc soParamCustomizeModuleImpl__getAttackPowerMulPattern
00010de4 soParamCustomizeModuleImpl__setAttackPowerMulPattern
00010dec soParamCustomizeModuleImpl__getAttackPowerMul
00010dfc soArticleMediatorNull____dt
00010e58 soArticleMediatorNull__shoot
00010e60 soArticleMediatorNull__setAutoRecycle
00010e64 soArticleMediatorNull__getMediateNum
00010e6c soArticleMediatorNull__getGenerateMaxNum
00010e74 soArticleMediatorNull__getActiveNum
00010e7c soArticleMediatorNull__isGeneratable
00010e84 soArticleMediatorNull__deactivate
00010e88 soArticleMediatorNull__generate
00010e94 soKineticMediatorNull__getMediateNum
00010e9c soKineticMediatorNull__notifyEventChangeStatus
00010ea0 soKineticMediatorNull__addSpeedOutside
00010ea4 soKineticMediatorNull__addSpeed
00010ea8 soKineticMediatorNull__postUpdateEnergy
00010eac soKineticMediatorNull__updateEnergy
00010eb0 soKineticMediatorNull__updateEnergy1
00010eb4 soKineticMediatorNull__updateEnergy2
00010eb8 soKineticMediatorNull__changeKinetic
00010ebc soTeamImpl__reset
00010ec0 soTeamImpl__set2nd
00010ec8 soTeamImpl__get2nd
00010ed0 soTeamImpl__setIndirectNo
00010ed4 soTeamImpl__getIndirectNo
00010edc soTeamImpl__setNo
00010ee4 soTeamImpl__getNo
00010eec soResourceIdAccesserImpl__getBinArchiveId
00010efc soResourceIdAccesserImpl__getArchiveId
00010f04 soResourceIdAccesserImpl__getEtcArchiveId
00010f14 soResourceIdAccesserImpl__getAnmArchiveId
00010f24 soResourceIdAccesserImpl__getTexArchiveId
00010f34 soResourceIdAccesserImpl__getMdlArchiveId
00010f44 soResourceIdAccesserImpl__getEtcResId
00010f4c soResourceIdAccesserImpl__getBinResId
00010f54 soResourceIdAccesserImpl__getAnmResId
00010f5c soResourceIdAccesserImpl__getMdlResIndex
00010f64 soResourceIdAccesserImpl__getMdlResId
00010f6c soResourceIdAccesserImpl__getTexResIndex
00010f74 soResourceIdAccesserImpl__getTexResId
00010f7c soResourceIdAccesserImpl__setTexResIndex
00010f84 soResourceIdAccesserImpl__setMdlResIndex
00010f8c soResourceIdAccesserImpl__setTexResId
00010f94 soResourceIdAccesserImpl__setMdlResId
00010f9c soResourceIdAccesserImpl__setAnmResId
00010fa4 soResourceIdAccesserImpl__setResIdPacked
00010fb4 Input__getContNo
00010fbc IpNull__removeRumbleMask
00010fc0 IpNull__removeRumbleId
00010fc4 IpNull__removeRumble
00010fc8 IpNull__stopRumble
00010fcc IpNull__setRumble
00010fd0 IpNull__getTrigger
00010fec IpNull__getButton
00010ff4 IpNull__getStickSub
00011018 IpNull__getStickMain
0001103c IpNull__update
00011040 wnExtendParamAccesser_3999_1_23999_0_0_0___getParamFloat
00011060 wnExtendParamAccesser_3999_1_23999_0_0_0___getParamInt
00011080 wnExtendParamAccesser_3999_1_23999_0_0_0___getParamIndefinite
00011098 wnWeaponBuilder_43wnMetaknightMantleModuleAccesserBuildConfig___deactivateDescendantForce
00011144 soArticleMediatorNull___4_shoot
0001114c soArticleMediatorNull___4_
00011154 wnWeaponBuilder_43wnMetaknightMantleModuleAccesserBuildConfig____64_
0001115c wnWeaponBuilder_43wnMetaknightMantleModuleAccesserBuildConfig____144_
00011164 wnWeaponBuilder_43wnMetaknightMantleModuleAccesserBuildConfig____136_
0001116c wnMetaknightMantle___64_
00011174 Weapon___72_notifyEventAnimCmd
0001117c Weapon___72_isObserv
00011184 Weapon___84_notifyEventLink
0001118c Weapon___100_notifyEventChangeStatus
00011194 Weapon___112_notifyEventCollisionAttackCheck
0001119c Weapon___112_notifyEventCollisionAttack
000111a4 Weapon___124_notifyEventCollisionHit2nd
000111ac Weapon___124_notifyEventCollisionHit
000111b4 wnMetaknightMantle___144_
000111bc Weapon___136_setAttackPowerMulPattern
000111c4 Weapon___136_getActiveGlobalFrame
000111cc Weapon___136_updateLogAttackInfo
000111d4 Weapon___136_getLogAttackInfo
000111dc Weapon___136_setLogAttackInfo
000111e4 Weapon___136_setSyncOwnerStatus
000111ec Weapon___136_isSyncOwnerStatus
000111f4 Weapon___136_unlinkOwner
000111fc Weapon___136_linkOwner
00011204 Weapon___136_have
0001120c Weapon___136_getFounderTaskId
00011214 Weapon___136_getOwnerDeactiveTreatType
0001121c Weapon___136_deactivateArticle
00011224 Weapon___136_isActiveArticle
0001122c wnWeaponBuilder_43wnMetaknightMantleModuleAccesserBuildConfig____136_deactivateDescendantForce
00011234 Weapon___136_isConstraint
0001123c Weapon___136_setSituationKind
00011244 Weapon___136_set2nd
0001124c Weapon___136_setVisibility
00011254 Weapon___136_setVisibilityWhole
0001125c Weapon___136_changeStatus
00011264 Weapon___136_setRate
0001126c Weapon___136_setFrame
00011274 Weapon___136_changeMotion
0001127c Weapon___136_getTaskId
00011284 Weapon___136_getArticleEventManageId
0001128c Weapon___136_getArticleId
00011294 Weapon___136_remove
0001129c wnMetaknightMantle___136_
000112a4 mofighter___prolog
000112ec mofighter___epilog
00011334 mofighter___unresolved
