.section 1
.module 121
00000000 globaldestructorchain____register_global_object
0000001c globaldestructorchain____destroy_global_chain
00000070 ftToonLink____ct
0000198c ftCancelModuleImpl____dt
00001a0c soAnimCmdEventObserver____dt
00001a68 soStatusEventObserver____dt
00001ac4 soNullable____ct
00001ad8 ftVirtualNodeMatrixPool____dt
00001b18 ftVirtualNodeMatrixPoolImpl____dt
00001b74 ftStatusGimmickUniqProcessPool____dt
00001bb4 ftStatusUniqProcessGimmick____dt
00001c18 ftStatusUniqProcessGimmickBarrel____dt
00001c74 ftStatusUniqProcessGimmickDoor____dt
00001cd0 ftStatusUniqProcessGimmickCatapult____dt
00001ce4 ftStatusUniqProcessGimmickLadder____dt
00001d40 ftStatusUniqProcessGimmickSpring____dt
00001de4 ftStatusUniqProcessGimmickTruck____dt
00001e40 ftStatusUniqProcessGimmickEaten____dt
00001e9c ftStatusGimmickUniqProcessPoolImpl____dt
00001f54 soHeapModuleBuilder_43soHeapModuleBuildConfig_16soHeapModuleImpl______dt
00001fb0 soPostureModuleBuilder_51soPostureModuleBuildConfig_1_19soPostureModuleImpl______dt
00002024 soSituationModuleBuilder_53soSituationModuleBuildConfig_21soSituationModuleImpl______dt
00002080 soTeamModuleBuilder_51soTeamModuleBuildConfig_6ftTeam_16soTeamModuleImpl______ct
00002144 ftTeam____dt
000021a0 soTeam____dt
000021e0 ftTeamIndirect____dt
00002240 soWorkManageModuleBuilder_55soWorkManageModuleBuildConfig_22soWorkManageModuleImpl______dt
0000229c soShadowModuleBuilder_47soShadowModuleBuildConfig_18soShadowModuleImpl______dt
000022f8 soNullable__isNull
00002300 soInsideEventManageModuleBuilder_106soInsideEventManageModuleBuildConfig_32_40_4_4_4_4_4_4_5_4_4________ct
00002654 soInsideEventManageModuleBuilder_106soInsideEventManageModuleBuildConfig_32_40_4_4_4_4_4_4_5_4_4________dt
00002798 soParamCustomizeModuleBuilder_63soParamCustomizeModuleBuildConfig_26ftParamCustomizeModuleImpl______dt
000027f4 soResourceModuleBuilder_87soResourceModuleBuildConfigDynamic_0_24ftResourceIdAccesserImpl_20soRes_______ct
0000285c soResourceIdAccesser____dt
0000289c soResourceModuleBuilder_87soResourceModuleBuildConfigDynamic_0_24ftResourceIdAccesserImpl_20soRes_______dt
00002914 soModelModuleBuilder_49soModelModuleBuildConfig_8_3_17soModelModuleImpl______ct
0000299c soArraySelectHolder_1_37soArrayVector_18soModelVirtualNode_3__54soSingletonHolder_33soArrayNull_1_______dt
000029f8 soModelModuleBuilder_49soModelModuleBuildConfig_8_3_17soModelModuleImpl______dt
00002a70 soMotionModuleBuilder_248soMotionModuleBuildConfig_484_18soMotionModuleImpl_2_1_107soTransitionMo_______ct
00002c0c soArraySelectHolder_1_30soArrayVector_11soOtherAnim_1__47soSingletonHolder_26soArrayNull_11soOthe_______dt
00002c68 soTransitionModuleImpl____ct
00002ca0 soTransitionInfo____dt
00002ce0 soTransitionModuleImpl____dt
00002d40 soLineHierarchy_49soTypeList_14soIntToType_8__18soTypeListNullType__11soArrayPool_65soArrayPoolRo_______dt
00002da0 soJagArray_46soInstanceUnitFullProperty_16soTransitionTerm__49soTypeList_14soIntToType_8__18soTyp_______dt
00002dfc soTransitionModuleBuilder_107soTransitionModuleBuildConfig_49soTypeList_14soIntToType_8__18soType_______dt
00002e74 soArraySelectHolder_1_32soArrayVector_13soPartialAnim_2__49soSingletonHolder_28soArrayNull_13soPa_______dt
00002ed0 soSelectInstanceHolder_1_39soArrayVector_20soTransitionTermPack_1__58soSingletonConcrete_35soArra_______dt
00002f2c soArraySelectHolder_1_19soArrayVector_Ul_5__36soSingletonHolder_15soArrayNull_Ul_______dt
00002f88 soMotionAnimObjCacheModuleBuilder_73soMotionAnimObjCacheModuleBuildConfig_5_30soMotionAnimObjCach_______dt
00002ff4 soMotionModuleBuilder_248soMotionModuleBuildConfig_484_18soMotionModuleImpl_2_1_107soTransitionMo_______dt
000030a8 soPostureModuleBuilder_51soPostureModuleBuildConfig_1_19soPostureModuleImpl______ct
00003118 soGroundModuleBuilder_49soGroundModuleBuildConfig_1_18soGroundModuleImpl______ct
0000317c soGroundModuleBuilder_49soGroundModuleBuildConfig_1_18soGroundModuleImpl______dt
000031e8 soTeamModuleBuilder_51soTeamModuleBuildConfig_6ftTeam_16soTeamModuleImpl______dt
00003260 soCollisionAttackModuleBuilder_77soCollisionAttackModuleBuildConfig_0_5_2_27soCollisionAttackModu_______ct
00003324 soCollisionAttackModuleBuilder_77soCollisionAttackModuleBuildConfig_0_5_2_27soCollisionAttackModu_______dt
000033a8 soCollisionHitModuleBuilder_73soCollisionHitModuleBuildConfig_0_20_1_24soCollisionHitModuleImpl_1_______ct
0000346c soCollisionHitModuleBuilder_73soCollisionHitModuleBuildConfig_0_20_1_24soCollisionHitModuleImpl_1_______dt
000034f0 soCollisionShieldModuleBuilder_73soCollisionShieldModuleBuildConfig_0_2_2_27soCollisionShieldModu_______ct
000035c4 soCollisionShieldModuleBuilder_73soCollisionShieldModuleBuildConfig_0_2_2_27soCollisionShieldModu_______dt
00003654 soCollisionReflectorModuleBuilder_75soCollisionReflectorModuleBuildConfig_0_20_2_27soCollisionShi_______ct
00003728 soCollisionReflectorModuleBuilder_75soCollisionReflectorModuleBuildConfig_0_20_2_27soCollisionShi_______dt
000037b8 soCollisionCatchModuleBuilder_71soCollisionCatchModuleBuildConfig_0_4_1_26soCollisionCatchModuleI_______ct
00003850 soCollisionCatchModuleBuilder_71soCollisionCatchModuleBuildConfig_0_4_1_26soCollisionCatchModuleI_______dt
000038bc soCollisionSearchModuleBuilder_73soCollisionSearchModuleBuildConfig_0_1_1_27soCollisionSearchModu_______ct
00003958 soCollisionSearchModuleBuilder_73soCollisionSearchModuleBuildConfig_0_1_1_27soCollisionSearchModu_______dt
000039d0 soDamageModuleBuilder_98soDamageModuleBuildConfig_19soDamageModuleActor_1_22ftDamageTransactorImp_______ct
00003a3c soDamageModuleBuilder_98soDamageModuleBuildConfig_19soDamageModuleActor_1_22ftDamageTransactorImp_______dt
00003ab0 soCatchModuleBuilder_47soCatchModuleBuildConfig_1_17soCatchModuleImpl______dt
00003b0c soCaptureModuleBuilder_49soCaptureModuleBuildConfig_19soCaptureModuleImpl______dt
00003b68 soStopModuleBuilder_43soStopModuleBuildConfig_16ftStopModuleImpl______dt
00003bc4 soTurnModuleBuilder_43soTurnModuleBuildConfig_16soTurnModuleImpl______dt
00003c20 soShakeModuleBuilder_47soShakeModuleBuildConfig_4_17soShakeModuleImpl______ct
00003c7c soShakeModuleBuilder_47soShakeModuleBuildConfig_4_17soShakeModuleImpl______dt
00003cf0 soSoundModuleBuilder_80soSoundModuleBuildConfig_1_30ftSound3dGeneratorAccesserImpl_17soSoundModul_______ct
00003d80 ftSound3dGeneratorAccesserImpl____dt
00003dc0 soSoundModuleBuilder_80soSoundModuleBuildConfig_1_30ftSound3dGeneratorAccesserImpl_17soSoundModul_______dt
00003e2c soLinkModuleBuilder_45soLinkModuleBuildConfig_6_16soLinkModuleImpl______ct
00003e80 soLinkModuleBuilder_45soLinkModuleBuildConfig_6_16soLinkModuleImpl______dt
00003eec soVisibilityModuleBuilder_57soVisibilityModuleBuildConfig_22soVisibilityModuleImpl_2______dt
00003f48 soControllerModuleBuilder_60soControllerModuleBuildConfig_22ftControllerModuleImpl_10_2______ct
00003fb8 soArraySelectHolder_1_38soArrayVector_19soControllerClatter_2__55soSingletonHolder_34soArrayNull________dt
00004014 soControllerModuleBuilder_60soControllerModuleBuildConfig_22ftControllerModuleImpl_10_2______dt
00004094 soCameraModuleBuilder_49soCameraModuleBuildConfig_18soCameraModuleImpl_1______ct
00004100 soCameraModuleBuilder_49soCameraModuleBuildConfig_18soCameraModuleImpl_1______dt
00004174 soAnimCmdModuleBuilder_52soAnimCmdModuleBuildConfig_11_19soAnimCmdModuleImpl______ct
000041b8 soAnimCmdModuleImpl____dt
00004224 soInstanceManagerFullPropertyVector_20soAnimCmdControlUnit_11_____dt
00004294 soInstanceManagerFullProperty_20soAnimCmdControlUnit_____dt
000042d4 soAnimCmdModuleBuilder_52soAnimCmdModuleBuildConfig_11_19soAnimCmdModuleImpl______dt
00004340 soStatusModuleBuilder_823soStatusModuleBuildConfig_284_33soGeneralWorkBuildConfig_18_14_2__274_71_______ct
000046c8 soArrayQueueImpl_18soArrayVector_l_1______dt
00004728 soStatusModuleImpl____dt
000047ac soGeneralWorkSimple____ct
0000482c soGeneralWorkAbstract____dt
0000486c soGeneralWorkSimple____dt
000048c8 soGeneralWorkSimple__clearWorkAll
00004978 soGeneralWorkBuilder_33soGeneralWorkBuildConfig_18_14_2______dt
000049d8 soLineHierarchy_49soTypeList_14soIntToType_1__18soTypeListNullType__11soArrayPool_65soArrayPoolRo_______dt
00004a38 soArrayPool_14soIntToType_6__243soLineHierarchy_49soTypeList_14soIntToType_1__18soTypeListNullTyp_______dt
00004aa8 soArrayPool_14soIntToType_2__274soLineHierarchy_80soTypeList_14soIntToType_6__49soTypeList_14soIn_______dt
00004b20 soArrayPool_14soIntToType_3__306soLineHierarchy_111soTypeList_14soIntToType_2__80soTypeList_14soI_______dt
00004b98 soArrayPool_14soIntToType_2__338soLineHierarchy_143soTypeList_14soIntToType_3__111soTypeList_14so_______dt
00004c10 soArrayPool_14soIntToType_1__370soLineHierarchy_175soTypeList_14soIntToType_2__143soTypeList_14so_______dt
00004c88 soArrayPool_14soIntToType_1__402soLineHierarchy_207soTypeList_14soIntToType_1__175soTypeList_14so_______dt
00004d00 soArrayPool_14soIntToType_3__434soLineHierarchy_239soTypeList_14soIntToType_1__207soTypeList_14so_______dt
00004d78 soArrayPool_14soIntToType_6__466soLineHierarchy_271soTypeList_14soIntToType_3__239soTypeList_14so_______dt
00004df0 soArrayPool_14soIntToType_1__498soLineHierarchy_303soTypeList_14soIntToType_6__271soTypeList_14so_______dt
00004e68 soArrayPool_14soIntToType_2__530soLineHierarchy_335soTypeList_14soIntToType_1__303soTypeList_14so_______dt
00004ee0 soArrayPool_14soIntToType_8__561soLineHierarchy_367soTypeList_14soIntToType_2__335soTypeList_14so_______dt
00004f58 soArrayPool_14soIntToType_2__593soLineHierarchy_399soTypeList_14soIntToType_8__367soTypeList_14so_______dt
00004fd0 soArrayPool_14soIntToType_1__625soLineHierarchy_431soTypeList_14soIntToType_2__399soTypeList_14so_______dt
00005048 soArrayPool_14soIntToType_3__657soLineHierarchy_463soTypeList_14soIntToType_1__431soTypeList_14so_______dt
000050c0 soArrayPool_15soIntToType_17__689soLineHierarchy_495soTypeList_14soIntToType_3__463soTypeList_14s_______dt
00005138 soArrayPool_14soIntToType_1__722soLineHierarchy_528soTypeList_15soIntToType_17__495soTypeList_14s_______dt
000051b0 soArrayPool_14soIntToType_2__754soLineHierarchy_560soTypeList_14soIntToType_1__528soTypeList_15so_______dt
00005228 soArrayPool_14soIntToType_6__786soLineHierarchy_592soTypeList_14soIntToType_2__560soTypeList_14so_______dt
000052a0 soArrayPool_15soIntToType_25__818soLineHierarchy_624soTypeList_14soIntToType_6__592soTypeList_14s_______dt
00005318 soJagArray_46soInstanceUnitFullProperty_16soTransitionTerm__657soTypeList_15soIntToType_25__624so_______dt
00005378 soTransitionModuleBuilder_716soTransitionModuleBuildConfig_657soTypeList_15soIntToType_25__624soT_______dt
000053f0 soArraySelectHolder_1_41soArrayVector_P19soStatusUniqProcess_284__56soSingletonHolder_35soArrayNu_______dt
0000544c soStatusModuleBuilder_823soStatusModuleBuildConfig_284_33soGeneralWorkBuildConfig_18_14_2__274_71_______dt
000054e8 soKineticModuleBuilder_1209soKineticModuleBuildConfig_26soKineticModuleGenericImpl_1145soKineticM_______ct
000058b8 soKineticModuleGenericImpl____dt
00005924 soKineticModuleImpl____dt
00005984 soInstanceManagerFullPropertyVector_P15soKineticEnergy_12_____dt
000059f4 soInstanceManagerFullProperty_P15soKineticEnergy_____dt
00005a34 soKineticModuleBuilder_1209soKineticModuleBuildConfig_26soKineticModuleGenericImpl_1145soKineticM_______dt
00005aac soGeneralWorkBuilder_33soGeneralWorkBuildConfig_77_32_3______ct
00005b0c soGeneralWorkBuilder_33soGeneralWorkBuildConfig_77_32_3______dt
00005b6c soGenerateArticleManageModuleBuilder_1410soGenerateArticleManageModuleBuildConfig_1324soArticleMe_______ct
00005ee8 soArticleGenerator____dt
00005f28 soArticleOperator____dt
00005f68 soArticleMediator____dt
00005fa8 wnSimple____dt
000062b8 soAnimCmdAddressPackArraySeparate____dt
000062f8 soAnimCmdInterpreter____dt
00006354 soEventPresenter_22soAnimCmdEventObserver_____dt
00006394 soArraySelectHolder_1_44soArrayVector_25acCmdInterpreterStackData_8__61soSingletonHolder_40soArra_______dt
000063f0 soSlowModuleBuilder_45soSlowModuleBuildConfig_18soSlowModuleSimple______dt
0000644c soColorBlendModuleBuilder_60soColorBlendModuleBuildConfig__1_0_22soColorBlendModuleImpl______dt
000064a8 soPhysicsModuleBuilder_53soPhysicsModuleBuildConfig_0_19soPhysicsModuleImpl_1______dt
00006508 soArraySelectHolder_1_31soArrayVector_12soEffectTime_1__48soSingletonHolder_27soArrayNull_12soEff_______dt
00006564 soGeneralWorkBuilder_31soGeneralWorkBuildConfig_7_6_1______dt
000065c4 soAnimCmdModuleBuilder_51soAnimCmdModuleBuildConfig_6_19soAnimCmdModuleImpl______dt
0000664c soVisibilityModuleBuilder_59soVisibilityModuleBuildConfig_24soVisibilityModuleSimple_1______dt
000066a8 soLinkModuleBuilder_45soLinkModuleBuildConfig_5_16soLinkModuleImpl______dt
00006714 soShakeModuleBuilder_49soShakeModuleBuildConfig_0_19soShakeModuleSimple______dt
00006774 soTeamModuleBuilder_56soTeamModuleBuildConfig_10soTeamImpl_16soTeamModuleImpl______dt
00006800 soTransitionModuleBuilder_107soTransitionModuleBuildConfig_49soTypeList_14soIntToType_4__18soType_______dt
00006888 soModelModuleBuilder_49soModelModuleBuildConfig_5_0_17soModelModuleImpl______dt
000068f4 soResourceModuleBuilder_80soResourceModuleBuildConfig_0_24soResourceIdAccesserImpl_20soResourceMo_______dt
0000696c soParamCustomizeModuleBuilder_63soParamCustomizeModuleBuildConfig_26soParamCustomizeModuleImpl______dt
000069ac wnInstanceHolder_8wnSimple_23soKindInfoGeneric_0_41__14soIntToType_5______dt
00006a0c soInstancePoolSub_67soInstancePoolInfo_8wnSimple_1_16wnInstanceHolder_14soIntToType_5___23soKindI_______dt
00006a6c soInstancePool_67soInstancePoolInfo_8wnSimple_1_16wnInstanceHolder_14soIntToType_5___18soInstance_______dt
00006acc soLineHierarchy_102soTypeList_67soInstancePoolInfo_8wnSimple_1_16wnInstanceHolder_14soIntToType_5_______dt
00006b30 wnToonLinkHookShot____dt
00006fd0 soKineticEnergy____dt
00007010 soReflectModuleBuilder_51soReflectModuleBuildConfig_0_19soReflectModuleImpl______dt
0000706c soEffectModuleBuilder_58soEffectModuleBuildConfig_1_1_0_1__1_18soEffectModuleImpl______dt
000070f8 soArraySelectHolder_1_33soArrayVector_14efScreenHandle_1__50soSingletonHolder_29soArrayNull_14efS_______dt
00007154 soSoundModuleBuilder_80soSoundModuleBuildConfig_0_30soSound3dGeneratorAccesserImpl_17soSoundModul_______dt
000071b4 soStopModuleBuilder_43soStopModuleBuildConfig_16soStopModuleImpl______dt
00007210 soInsideEventManageModuleBuilder_106soInsideEventManageModuleBuildConfig_16_32_4_2_4_4_4_4_2_4_4________dt
0000733c wnInstanceHolder_18wnToonLinkHookShot_23soKindInfoGeneric_0_41__14soIntToType_4______dt
0000739c soInstancePoolSub_78soInstancePoolInfo_18wnToonLinkHookShot_1_16wnInstanceHolder_14soIntToType_4________dt
000073fc soInstancePool_78soInstancePoolInfo_18wnToonLinkHookShot_1_16wnInstanceHolder_14soIntToType_4___1_______dt
0000746c wnInstanceHolder_8wnSimple_23soKindInfoGeneric_0_41__14soIntToType_3______dt
000074cc soInstancePoolSub_67soInstancePoolInfo_8wnSimple_1_16wnInstanceHolder_14soIntToType_3___23soKindI_______dt
0000752c soInstancePool_67soInstancePoolInfo_8wnSimple_1_16wnInstanceHolder_14soIntToType_3___284soLineHie_______dt
000075a4 wnInstanceHolder_19wnToonLinkBoomerang_23soKindInfoGeneric_0_41__14soIntToType_2______dt
00007604 soInstancePoolSub_79soInstancePoolInfo_19wnToonLinkBoomerang_1_16wnInstanceHolder_14soIntToType_2_______dt
00007664 soInstancePool_79soInstancePoolInfo_19wnToonLinkBoomerang_1_16wnInstanceHolder_14soIntToType_2__________dt
000076dc soInstancePoolSub_78soInstancePoolInfo_18wnToonLinkBowArrow_1_16wnInstanceHolder_14soIntToType_1________dt
0000773c soInstancePoolSub_78soInstancePoolInfo_18wnToonLinkBowArrow_2_16wnInstanceHolder_14soIntToType_1________dt
000077a8 soInstancePoolSub_78soInstancePoolInfo_18wnToonLinkBowArrow_3_16wnInstanceHolder_14soIntToType_1________dt
00007814 wnInstanceHolder_18wnToonLinkBowArrow_23soKindInfoGeneric_0_41__14soIntToType_1______ct
000078a8 wnInstanceHolder_18wnToonLinkBowArrow_23soKindInfoGeneric_0_41__14soIntToType_1______dt
00007908 soInstancePoolSub_78soInstancePoolInfo_18wnToonLinkBowArrow_4_16wnInstanceHolder_14soIntToType_1________dt
00007974 soInstancePool_78soInstancePoolInfo_18wnToonLinkBowArrow_4_16wnInstanceHolder_14soIntToType_1___4_______dt
000079f0 wnToonLinkBow____dt
00007b94 wnInstanceHolder_13wnToonLinkBow_23soKindInfoGeneric_0_41__14soIntToType_0______dt
00007bf4 soInstancePoolSub_73soInstancePoolInfo_13wnToonLinkBow_1_16wnInstanceHolder_14soIntToType_0___23s_______dt
00007c54 soInstancePool_73soInstancePoolInfo_13wnToonLinkBow_1_16wnInstanceHolder_14soIntToType_0___562soL_______dt
00007cd0 soLineHierarchy_567soTypeList_73soInstancePoolInfo_13wnToonLinkBow_1_16wnInstanceHolder_14soIntTo_______dt
00007d2c soArticleMediatorImpl_567soTypeList_73soInstancePoolInfo_13wnToonLinkBow_1_16wnInstanceHolder_14s_______dt
00007d9c soSelectInstanceHolder_1_1324soArticleMediatorImpl_567soTypeList_73soInstancePoolInfo_13wnToonLin_______dt
00007df8 soGenerateArticleManageModuleBuilder_1410soGenerateArticleManageModuleBuildConfig_1324soArticleMe_______dt
00007e80 soEffectModuleBuilder_58soEffectModuleBuildConfig_1_1_1_1_10_18soEffectModuleImpl______ct
00007f4c soEffectModuleBuilder_58soEffectModuleBuildConfig_1_1_1_1_10_18soEffectModuleImpl______dt
00007fe4 soComboModuleBuilder_45soComboModuleBuildConfig_17ftComboModuleImpl______dt
00008040 soAreaModuleBuilder_89soAreaModuleBuildConfig_9_16_34soAreaEnviromentElementCheckerImpl_16ftAreaM_______ct
000080d8 soAreaModuleBuilder_89soAreaModuleBuildConfig_9_16_34soAreaEnviromentElementCheckerImpl_16ftAreaM_______dt
00008170 soPhysicsModuleBuilder_53soPhysicsModuleBuildConfig_2_19soPhysicsModuleImpl_1______ct
000081d0 soPhysicsModuleBuilder_53soPhysicsModuleBuildConfig_2_19soPhysicsModuleImpl_1______dt
00008244 soSlopeModuleBuilder_49soSlopeModuleBuildConfig_0_1_17soSlopeModuleImpl______dt
000082a0 soItemManageModuleBuilder_105soItemManageModuleBuildConfig_3_4_16soItemSearchImpl_24soItemPickTra_______ct
0000831c soArraySelectHolder_1_29soArrayVector_10soItemInfo_4__46soSingletonHolder_25soArrayNull_10soItemI_______dt
00008378 soItemManageModuleBuilder_105soItemManageModuleBuildConfig_3_4_16soItemSearchImpl_24soItemPickTra_______dt
000083f8 soColorBlendModuleBuilder_60soColorBlendModuleBuildConfig_10_1_22soColorBlendModuleImpl______dt
00008454 soJostleModuleBuilder_51soJostleModuleBuildConfig_0_8_18soJostleModuleImpl______dt
000084b0 soAbnormalModuleBuilder_51soAbnormalModuleBuildConfig_20ftAbnormalModuleImpl______dt
0000850c soSlowModuleBuilder_43soSlowModuleBuildConfig_16soSlowModuleImpl______dt
00008568 soGlowModuleBuilder_43soGlowModuleBuildConfig_16ftGlowModuleImpl______dt
000085c4 soModuleAccesserBuilder_21ftToonLinkBuildConfig_____dt
00008870 soAnimCmdAddressPackArraySeparate____ct
0000888c soAnimCmdInterpreter____ct
00008a1c soSingletonHolder_30soArrayNull_PC13acAnimCmdConv____getInstance
00008a8c soArrayUtility__pushRange_PC13acAnimCmdConv_
00008b08 soArraySelectHolder_1_36soArrayVector_PC13acAnimCmdConv_284__51soSingletonHolder_30soArrayNull_PC_______dt
00008b64 soAnimCmdControlUnitBuilder_60soAnimCmdControlUnitBuildConfigDisguise_0_1_284_284_0_1_0_8______dt
00008bfc soAnimCmdControlUnitBuilder_50soAnimCmdControlUnitBuildConfig_1_2_484_0_0_1_0_8______dt
00008c88 soAnimCmdControlUnitBuilder_51soAnimCmdControlUnitBuildConfig_2_64_484_0_0_1_0_8______dt
00008d14 soAnimCmdControlUnitBuilder_51soAnimCmdControlUnitBuildConfig_3_64_484_0_0_1_0_8______dt
00008da0 soAnimCmdControlUnitBuilder_50soAnimCmdControlUnitBuildConfig_4_2_484_0_0_1_0_8______dt
00008e2c soAnimCmdControlUnitBuilder_51soAnimCmdControlUnitBuildConfig_5_32_484_0_0_1_0_8______dt
00008eb8 soAnimCmdControlUnitBuilder_52soAnimCmdControlUnitBuildConfig_6_128_484_0_0_1_0_8______dt
00008f44 soAnimCmdControlUnitBuilder_52soAnimCmdControlUnitBuildConfig_7_128_484_0_0_1_0_8______dt
00008fd0 soAnimCmdControlUnitBuilder_51soAnimCmdControlUnitBuildConfig_8_32_484_0_0_1_0_8______dt
0000905c soArraySelectHolder_1_45soArrayVector_25acCmdInterpreterStackData_10__61soSingletonHolder_40soArr_______dt
000090b8 soAnimCmdControlUnitBuilder_41soAnimCmdControlUnitBuildConfigUniq_9_10______dt
00009124 soAnimCmdControlUnitBuilder_51soAnimCmdControlUnitBuildConfig_10_16_41_0_0_1_0_8______dt
000091b0 soAnimCmdControlUnitBuilder_60soAnimCmdControlUnitBuildConfigDisguise_0_1_284_284_0_1_0_8____getEntryList
000091ec soAnimCmdControlUnitBuilder_60soAnimCmdControlUnitBuildConfigDisguise_0_1_284_284_0_1_0_8____setupDisguiseList
0000929c ftAnimCmdModuleSubBuilder_38ftAnimCmdModuleSubBuildConfig_284_484______dt
00009374 ftModuleAccesserBuilder_21ftToonLinkBuildConfig_____dt
000093f8 ftFighterBuilder_21ftToonLinkBuildConfig_____dt
00009498 ftToonLink____dt
0000950c ftToonLink__onActivate
000095fc ftToonLink__onStart
00009660 ftToonLink__processUpdate
000096b8 ftToonLink__processFixPosition
00009820 ftToonLink__notifyEventChangeCollisionHit
00009914 ftToonLink__onHitReflector
00009978 Fighter__onHitReflector
0000997c ftToonLink__notifyEventLink
00009d58 ftToonLink__notifyEventChangeStatus
00009f00 ftToonLink__notifyEventCollisionAttackFighter
0000a0e4 ftToonLink__notifyEventCollisionShield
0000a2a4 ftToonLink__notifyEventCollisionShieldCheck
0000a3a8 ftToonLink__notifyEventCollisionSearch
0000a408 ftToonLink__notifyEventCollisionSearchCheck
0000a46c ftToonLink__activeArticle
0000a548 ftToonLink__shootArticle
0000a600 ftToonLink__getBoomerangAngle
0000a740 soSingletonHolder_20ftToonLinkTransactor___getInstance
0000a7b0 ftToonLink__activeArticle1
0000a84c ftToonLink__activeArticle2
0000aa2c Weapon__getTaskId
0000aa34 ftToonLink__activeArticle3
0000ac00 Weapon__getArticleId
0000ac08 Vec3f____ct
0000ac18 ftExtendParamAccesser__getParamIndefinite
0000ac20 ftToonLinkExtendParamAccesser__setup
0000ad2c ftExtendParamAccesserEx_3999_20_23999_5___setup
0000ad30 ftToonLinkExtendParamAccesser____dt
0000ad90 ftExtendParamAccesserEx_3999_20_23999_5_____dt
0000adec Fighter__isObserv
0000ae08 soAnimCmdEventObserver__addObserver
0000ae1c soLinkEventObserver__addObserver
0000ae30 StageObject__adjustParentGroundCollision
0000ae34 StageObject__isActive
0000ae3c StageObject__processGameProc
0000ae40 soStatusEventObserver__addObserver
0000ae54 soSituationEventObserver__addObserver
0000ae68 soCollisionAttackEventObserver__addObserver
0000ae7c soCollisionHitEventObserver__notifyEventCollisionHit2nd
0000ae80 soCollisionHitEventObserver__notifyEventCollisionHit
0000ae84 soCollisionHitEventObserver__addObserver
0000ae98 soCollisionShieldEventObserver__addObserver
0000aeac soCollisionReflectorEventObserver__addObserver
0000aec0 soCollisionAbsorberEventObserver__addObserver
0000aed4 soCollisionSearchEventObserver__addObserver
0000aee8 soCaptureEventObserver__addObserver
0000aefc soItemManageEventObserver__addObserver
0000af10 soMotionEventObserver__notifyEventChangeMotion
0000af14 soMotionEventObserver__addObserver
0000af28 soDamageEventObserver__addObserver
0000af3c ftEntryEventObserver__notifyEventExitFighter
0000af40 ftEntryEventObserver__notifyEventKirbyResourceUnLoaded
0000af44 ftEntryEventObserver__notifyEventKirbyResourceLoaded
0000af48 ftEntryEventObserver__notifyEventPokeTrainerReplace
0000af4c ftEntryEventObserver__notifyEventPokemonDamage
0000af50 ftEntryEventObserver__notifyEventPokemonInflict
0000af54 ftEntryEventObserver__notifyEventPokemonAttack
0000af58 ftEntryEventObserver__notifyEventPokemonRebirthEnd
0000af5c ftEntryEventObserver__notifyEventStopRumble
0000af60 ftEntryEventObserver__notifyEventSetRumble
0000af64 ftEntryEventObserver__notifyEventPokemonAppeal
0000af68 ftEntryEventObserver__notifyEventPokemonSpecial
0000af6c ftEntryEventObserver__notifyEventPokemonChangeCancel
0000af70 ftEntryEventObserver__notifyEventPokemonCollect
0000af74 ftEntryEventObserver__notifyEventPokemonTrainerUpdate
0000af78 ftEntryEventObserver__notifyEventPokemonRequestChange
0000af80 ftEntryEventObserver__notifyEventPokemonStart
0000af84 ftEntryEventObserver__notifyEventWarp
0000af88 ftEntryEventObserver__notifyEventPartnerResourcePrepared
0000af8c ftEntryEventObserver__notifyEventDeadPartner
0000af90 ftEntryEventObserver__addObserver
0000afa4 soTurnEventObserver__addObserver
0000afb8 Fighter__disappear
0000afbc Fighter__trainerRestart
0000afc0 Fighter__trainerStart
0000afc4 Fighter__playEatSE
0000afc8 Fighter__setVisibility
0000afcc Fighter__getFtKind
0000afd4 Fighter__soGetSubKind
0000afe4 Fighter__soGetKind
0000afec Fighter__analyzeSeal
0000aff0 Fighter__change
0000aff4 Fighter__setupChangeSucceedEffect
0000affc Fighter__getChangeSucceedOption
0000b004 Fighter__postStart
0000b008 Fighter__onDeactivate
0000b00c Fighter__onEndFinal
0000b010 Fighter__onStartFinal
0000b014 Fighter__notifyEventCollisionAttackFighter
0000b018 Fighter__onActivate
0000b01c ftSound3dGeneratorAccesserImpl__getInstance
0000b02c ftSound3dGeneratorAccesserImpl__deactivate
0000b080 ftSound3dGeneratorAccesserImpl__activate
0000b0dc ftVirtualNodeMatrixPoolImpl__getExtendMatrix
0000b0e4 ftVirtualNodeMatrixPoolImpl__getCommonMatrix
0000b0ec ftVirtualNodeMatrixPoolImpl__getHitMatrix
0000b0f4 ftStatusGimmickUniqProcessPoolImpl__getUniqProcessEaten
0000b0fc ftStatusGimmickUniqProcessPoolImpl__getUniqProcessTruck
0000b104 ftStatusGimmickUniqProcessPoolImpl__getUniqProcessSpring
0000b10c ftStatusGimmickUniqProcessPoolImpl__getUniqProcessLadder
0000b114 ftStatusGimmickUniqProcessPoolImpl__getUniqProcessCatapult
0000b11c ftStatusGimmickUniqProcessPoolImpl__getUniqProcessDoor
0000b124 ftStatusGimmickUniqProcessPoolImpl__getUniqProcessBarrel
0000b12c soKineticEnergy__getSpeed3f
0000b18c soGeneralWorkSimple__getFlagWorkSize
0000b194 soGeneralWorkSimple__turnOffFlag
0000b208 soGeneralWorkSimple__isFlag
0000b224 soGeneralWorkSimple__offFlag
0000b23c soGeneralWorkSimple__clearFlag
0000b250 soGeneralWorkSimple__onFlag
0000b268 soGeneralWorkSimple__getFloatWorkSize
0000b270 soGeneralWorkSimple__divFloatWork
0000b298 soGeneralWorkSimple__mulFloatWork
0000b2b0 soGeneralWorkSimple__subFloatWork
0000b2c8 soGeneralWorkSimple__addFloatWork
0000b2e0 soGeneralWorkSimple__setFloatWork
0000b2f0 soGeneralWorkSimple__getFloatWork
0000b300 soGeneralWorkSimple__getIntWorkSize
0000b308 soGeneralWorkSimple__decIntWork
0000b320 soGeneralWorkSimple__incIntWork
0000b338 soGeneralWorkSimple__divIntWork
0000b358 soGeneralWorkSimple__mulIntWork
0000b370 soGeneralWorkSimple__subIntWork
0000b388 soGeneralWorkSimple__addIntWork
0000b3a0 soGeneralWorkSimple__setIntWork
0000b3b0 soGeneralWorkSimple__getIntWork
0000b3c0 soAnimCmdAddressPackArraySeparate__isNull
0000b3c8 soAnimCmdAddressPackArraySeparate__size
0000b47c soAnimCmdAddressPackArraySeparate__at
0000b4d0 soAnimCmdAddressPackArraySeparate__atSub
0000b5fc soAnimCmdAddressPackArraySeparate__at1
0000b630 ftExtendParamAccesserEx_3999_20_23999_5___getParamFloat
0000b688 soValueAccesser__getValueVariation
0000b694 ftExtendParamAccesserEx_3999_20_23999_5___getParamInt
0000b6f0 soKineticMediatorImpl_983soTypeList_100soInstancePoolInfo_21ftKineticEnergyMotion_1_21soKineticEn_______dt
0000b750 soArticleMediatorImpl_567soTypeList_73soInstancePoolInfo_13wnToonLinkBow_1_16wnInstanceHolder_14s_____generate
0000be98 soArticleMediatorImpl_567soTypeList_73soInstancePoolInfo_13wnToonLinkBow_1_16wnInstanceHolder_14s_____isGeneratable
0000c228 soArticleMediatorImpl_567soTypeList_73soInstancePoolInfo_13wnToonLinkBow_1_16wnInstanceHolder_14s_____getActiveNum
0000c624 soArticleMediatorImpl_567soTypeList_73soInstancePoolInfo_13wnToonLinkBow_1_16wnInstanceHolder_14s_____getGenerateMaxNum
0000c7a8 soArticleMediatorImpl_567soTypeList_73soInstancePoolInfo_13wnToonLinkBow_1_16wnInstanceHolder_14s_____shoot
0000ca54 soArticleMediatorImpl_567soTypeList_73soInstancePoolInfo_13wnToonLinkBow_1_16wnInstanceHolder_14s_____deactivate
0000cbac soArticleMediatorImpl_567soTypeList_73soInstancePoolInfo_13wnToonLinkBow_1_16wnInstanceHolder_14s_____getMediateNum
0000cbb4 soArticleMediatorImpl_567soTypeList_73soInstancePoolInfo_13wnToonLinkBow_1_16wnInstanceHolder_14s_____setAutoRecycle
0000cbc0 ftFighterBuilder_21ftToonLinkBuildConfig___getCancelModule
0000cbcc ftFighterBuilder_21ftToonLinkBuildConfig___isEnableCancel
0000cbe0 ftFighterBuilder_21ftToonLinkBuildConfig___getVirtualNodeMatrixPool
0000cbec ftFighterBuilder_21ftToonLinkBuildConfig___getStatusGimmickUniqProcessPool
0000cbf8 soArrayFixed_24soAnimCmdAddressPackConv___isEmpty
0000cc2c soArticle__checkActivate
0000cc3c soEachCounter_FR9soArticle_b_____cl_8wnSimple_
0000cc9c soInstancePoolSub_67soInstancePoolInfo_8wnSimple_1_16wnInstanceHolder_14soIntToType_5___23soKindI_____getInstanceAt
0000ccb4 soInstancePoolSub_78soInstancePoolInfo_18wnToonLinkHookShot_1_16wnInstanceHolder_14soIntToType_4______getInstanceAt
0000cccc soInstancePoolSub_67soInstancePoolInfo_8wnSimple_1_16wnInstanceHolder_14soIntToType_3___23soKindI_____getInstanceAt
0000cce4 soInstancePoolSub_79soInstancePoolInfo_19wnToonLinkBoomerang_1_16wnInstanceHolder_14soIntToType_2_____getInstanceAt
0000ccfc soInstancePoolSub_78soInstancePoolInfo_18wnToonLinkBowArrow_4_16wnInstanceHolder_14soIntToType_1______getInstanceAt
0000cd44 soInstancePoolSub_73soInstancePoolInfo_13wnToonLinkBow_1_16wnInstanceHolder_14soIntToType_0___23s_____getInstanceAt
0000cd5c ftKineticEnergyMotion____dt
0000cdbc soKineticEnergyHolder_21ftKineticEnergyMotion_18soTypeListNullType_28soKineticEnergyInitInfo_0_1______dt
0000ce1c soInstancePoolSub_100soInstancePoolInfo_21ftKineticEnergyMotion_1_21soKineticEnergyHolder_28soKin_______dt
0000ce7c soInstancePool_100soInstancePoolInfo_21ftKineticEnergyMotion_1_21soKineticEnergyHolder_28soKineti_______dt
0000cedc soLineInvertHierarchy_136soTypeList_100soInstancePoolInfo_21ftKineticEnergyMotion_1_21soKineticEn_______dt
0000cf40 ftKineticEnergyGravity____dt
0000cf9c soKineticEnergyHolder_22ftKineticEnergyGravity_18soTypeListNullType_28soKineticEnergyInitInfo_1_1______dt
0000cffc soInstancePoolSub_101soInstancePoolInfo_22ftKineticEnergyGravity_1_21soKineticEnergyHolder_28soKi_______dt
0000d05c soInstancePool_101soInstancePoolInfo_22ftKineticEnergyGravity_1_21soKineticEnergyHolder_28soKinet_______dt
0000d0cc ftKineticEnergyController____dt
0000d12c soKineticEnergyHolder_25ftKineticEnergyController_18soTypeListNullType_28soKineticEnergyInitInfo________dt
0000d18c soInstancePoolSub_104soInstancePoolInfo_25ftKineticEnergyController_1_21soKineticEnergyHolder_28s_______dt
0000d1ec soInstancePool_104soInstancePoolInfo_25ftKineticEnergyController_1_21soKineticEnergyHolder_28soKi_______dt
0000d264 ftKineticEnergyStop____dt
0000d2c4 soKineticEnergyHolder_19ftKineticEnergyStop_18soTypeListNullType_28soKineticEnergyInitInfo_3_1______dt
0000d324 soInstancePoolSub_98soInstancePoolInfo_19ftKineticEnergyStop_1_21soKineticEnergyHolder_28soKineti_______dt
0000d384 soInstancePool_98soInstancePoolInfo_19ftKineticEnergyStop_1_21soKineticEnergyHolder_28soKineticEn_______dt
0000d3fc ftKineticEnergyDamage____dt
0000d458 soKineticEnergyHolder_21ftKineticEnergyDamage_18soTypeListNullType_28soKineticEnergyInitInfo_4_2______dt
0000d4b8 soInstancePoolSub_100soInstancePoolInfo_21ftKineticEnergyDamage_1_21soKineticEnergyHolder_28soKin_______dt
0000d518 soInstancePool_100soInstancePoolInfo_21ftKineticEnergyDamage_1_21soKineticEnergyHolder_28soKineti_______dt
0000d590 soKineticEnergyWindNormal____dt
0000d5f0 soKineticEnergyHolder_25soKineticEnergyWindNormal_18soTypeListNullType_28soKineticEnergyInitInfo________dt
0000d650 soInstancePoolSub_104soInstancePoolInfo_25soKineticEnergyWindNormal_1_21soKineticEnergyHolder_28s_______dt
0000d6b0 soInstancePool_104soInstancePoolInfo_25soKineticEnergyWindNormal_1_21soKineticEnergyHolder_28soKi_______dt
0000d728 soKineticEnergyGroundMovement____dt
0000d784 soKineticEnergyHolder_29soKineticEnergyGroundMovement_18soTypeListNullType_28soKineticEnergyInitI_______dt
0000d7e4 soInstancePoolSub_108soInstancePoolInfo_29soKineticEnergyGroundMovement_1_21soKineticEnergyHolder_______dt
0000d844 soInstancePool_108soInstancePoolInfo_29soKineticEnergyGroundMovement_1_21soKineticEnergyHolder_28_______dt
0000d8bc soKineticEnergyJostle____dt
0000d918 soKineticEnergyHolder_21soKineticEnergyJostle_18soTypeListNullType_28soKineticEnergyInitInfo_7_4______dt
0000d978 soInstancePoolSub_100soInstancePoolInfo_21soKineticEnergyJostle_1_21soKineticEnergyHolder_28soKin_______dt
0000d9d8 soInstancePool_100soInstancePoolInfo_21soKineticEnergyJostle_1_21soKineticEnergyHolder_28soKineti_______dt
0000da50 soLineInvertHierarchy_983soTypeList_100soInstancePoolInfo_21ftKineticEnergyMotion_1_21soKineticEn_______dt
0000daac soKineticEnergyNormal__clearRotSpeed
0000dab0 soKineticEnergyNormal__clearSpeed
0000dae8 Vec2f____as
0000dafc soKineticEnergyNormal__init
0000db94 soKineticEnergyNormal__offConsiderGroundFriction
0000dba0 soKineticEnergyNormal__onConsiderGroundFriction
0000dbac soKineticEnergyNormal__getRotation
0000dbc0 soKineticEnergyNormal__getSpeed
0000dbd0 soKineticMediatorImpl_983soTypeList_100soInstancePoolInfo_21ftKineticEnergyMotion_1_21soKineticEn_____changeKinetic
0000dd2c soKineticMediatorImpl_983soTypeList_100soInstancePoolInfo_21ftKineticEnergyMotion_1_21soKineticEn_____updateEnergy
0000dfc0 soKineticMediatorImpl_983soTypeList_100soInstancePoolInfo_21ftKineticEnergyMotion_1_21soKineticEn_____updateEnergy1
0000e0e8 soKineticMediatorImpl_983soTypeList_100soInstancePoolInfo_21ftKineticEnergyMotion_1_21soKineticEn_____updateEnergy2
0000e1b8 soKineticMediatorImpl_983soTypeList_100soInstancePoolInfo_21ftKineticEnergyMotion_1_21soKineticEn_____postUpdateEnergy
0000e1bc soKineticMediatorImpl_983soTypeList_100soInstancePoolInfo_21ftKineticEnergyMotion_1_21soKineticEn_____addSpeed
0000e1cc soKineticMediatorImpl_983soTypeList_100soInstancePoolInfo_21ftKineticEnergyMotion_1_21soKineticEn_____addSpeedOutside
0000e1e0 soKineticMediatorImpl_983soTypeList_100soInstancePoolInfo_21ftKineticEnergyMotion_1_21soKineticEn_____notifyEventChangeStatus
0000e1f4 soKineticMediatorImpl_983soTypeList_100soInstancePoolInfo_21ftKineticEnergyMotion_1_21soKineticEn_____getMediateNum
0000e1fc soKineticUpdateEnergyHolderHelper_27ftToonLinkKineticTransactor_____ct
0000e208 ftToonLinkKineticTransactor__updateEnergy_21ftKineticEnergyMotion_
0000e240 soInstancePoolSub_100soInstancePoolInfo_21ftKineticEnergyMotion_1_21soKineticEnergyHolder_28soKin_____getInstanceAt
0000e258 soInstancePoolSub_100soInstancePoolInfo_21ftKineticEnergyMotion_1_21soKineticEnergyHolder_28soKin_____forEachHolderModuleAccesser_64soKineticUpdateEnergyHolderHelper_27ftToonLinkKineticTransactor__
0000e2e8 soInstancePoolSubNull_21ftKineticEnergyMotion___forEachHolderModuleAccesser_64soKineticUpdateEnergyHolderHelper_27ftToonLinkKineticTransactor__
0000e2f0 ftToonLinkKineticTransactor__updateEnergy_22ftKineticEnergyGravity_
0000e328 soInstancePoolSub_101soInstancePoolInfo_22ftKineticEnergyGravity_1_21soKineticEnergyHolder_28soKi_____getInstanceAt
0000e340 soInstancePoolSub_101soInstancePoolInfo_22ftKineticEnergyGravity_1_21soKineticEnergyHolder_28soKi_____forEachHolderModuleAccesser_64soKineticUpdateEnergyHolderHelper_27ftToonLinkKineticTransactor__
0000e3d0 soInstancePoolSubNull_22ftKineticEnergyGravity___forEachHolderModuleAccesser_64soKineticUpdateEnergyHolderHelper_27ftToonLinkKineticTransactor__
0000e3d8 ftToonLinkKineticTransactor__updateEnergy_25ftKineticEnergyController_
0000e410 soInstancePoolSub_104soInstancePoolInfo_25ftKineticEnergyController_1_21soKineticEnergyHolder_28s_____getInstanceAt
0000e428 soInstancePoolSub_104soInstancePoolInfo_25ftKineticEnergyController_1_21soKineticEnergyHolder_28s_____forEachHolderModuleAccesser_64soKineticUpdateEnergyHolderHelper_27ftToonLinkKineticTransactor__
0000e4b8 soInstancePoolSubNull_25ftKineticEnergyController___forEachHolderModuleAccesser_64soKineticUpdateEnergyHolderHelper_27ftToonLinkKineticTransactor__
0000e4c0 ftToonLinkKineticTransactor__updateEnergy_19ftKineticEnergyStop_
0000e4f8 soInstancePoolSub_98soInstancePoolInfo_19ftKineticEnergyStop_1_21soKineticEnergyHolder_28soKineti_____getInstanceAt
0000e510 soInstancePoolSub_98soInstancePoolInfo_19ftKineticEnergyStop_1_21soKineticEnergyHolder_28soKineti_____forEachHolderModuleAccesser_64soKineticUpdateEnergyHolderHelper_27ftToonLinkKineticTransactor__
0000e5a0 soInstancePoolSubNull_19ftKineticEnergyStop___forEachHolderModuleAccesser_64soKineticUpdateEnergyHolderHelper_27ftToonLinkKineticTransactor__
0000e5a8 ftToonLinkKineticTransactor__updateEnergy_21ftKineticEnergyDamage_
0000e5e0 soInstancePoolSub_100soInstancePoolInfo_21ftKineticEnergyDamage_1_21soKineticEnergyHolder_28soKin_____getInstanceAt
0000e5f8 soInstancePoolSub_100soInstancePoolInfo_21ftKineticEnergyDamage_1_21soKineticEnergyHolder_28soKin_____forEachHolderModuleAccesser_64soKineticUpdateEnergyHolderHelper_27ftToonLinkKineticTransactor__
0000e688 soInstancePoolSubNull_21ftKineticEnergyDamage___forEachHolderModuleAccesser_64soKineticUpdateEnergyHolderHelper_27ftToonLinkKineticTransactor__
0000e690 ftToonLinkKineticTransactor__updateEnergy_25soKineticEnergyWindNormal_
0000e6c8 soInstancePoolSub_104soInstancePoolInfo_25soKineticEnergyWindNormal_1_21soKineticEnergyHolder_28s_____getInstanceAt
0000e6e0 soInstancePoolSub_104soInstancePoolInfo_25soKineticEnergyWindNormal_1_21soKineticEnergyHolder_28s_____forEachHolderModuleAccesser_64soKineticUpdateEnergyHolderHelper_27ftToonLinkKineticTransactor__
0000e770 soInstancePoolSubNull_25soKineticEnergyWindNormal___forEachHolderModuleAccesser_64soKineticUpdateEnergyHolderHelper_27ftToonLinkKineticTransactor__
0000e778 ftToonLinkKineticTransactor__updateEnergy_29soKineticEnergyGroundMovement_
0000e7b0 soInstancePoolSub_108soInstancePoolInfo_29soKineticEnergyGroundMovement_1_21soKineticEnergyHolder_____getInstanceAt
0000e7c8 soInstancePoolSub_108soInstancePoolInfo_29soKineticEnergyGroundMovement_1_21soKineticEnergyHolder_____forEachHolderModuleAccesser_64soKineticUpdateEnergyHolderHelper_27ftToonLinkKineticTransactor__
0000e858 soInstancePoolSubNull_29soKineticEnergyGroundMovement___forEachHolderModuleAccesser_64soKineticUpdateEnergyHolderHelper_27ftToonLinkKineticTransactor__
0000e860 ftToonLinkKineticTransactor__updateEnergy_21soKineticEnergyJostle_
0000e898 soInstancePoolSub_100soInstancePoolInfo_21soKineticEnergyJostle_1_21soKineticEnergyHolder_28soKin_____getInstanceAt
0000e8b0 soInstancePoolSub_100soInstancePoolInfo_21soKineticEnergyJostle_1_21soKineticEnergyHolder_28soKin_____forEachHolderModuleAccesser_64soKineticUpdateEnergyHolderHelper_27ftToonLinkKineticTransactor__
0000e940 soInstancePoolSubNull_21soKineticEnergyJostle___forEachHolderModuleAccesser_64soKineticUpdateEnergyHolderHelper_27ftToonLinkKineticTransactor__
0000e948 soKineticUpdateEnergyHolderHelper_27ftToonLinkKineticTransactor_____ct1
0000e954 fttoonlinkcpp____sinit_
0000e9b8 ftToonLinkExtendParamAccesser____ct
0000ea00 ftClassInfoImpl_41_10ftToonLink_____ct
0000ea58 ftClassInfoImpl_41_10ftToonLink_____dt
0000eadc ftClassInfoImpl_41_10ftToonLink___create
0000eb44 soArticleMediator___4_
0000eb4c soArticleMediatorImpl_567soTypeList_73soInstancePoolInfo_13wnToonLinkBow_1_16wnInstanceHolder_14s______4_shoot
0000eb54 soArticleMediatorImpl_567soTypeList_73soInstancePoolInfo_13wnToonLinkBow_1_16wnInstanceHolder_14s______4_
0000eb5c ftFighterBuilder_21ftToonLinkBuildConfig____64_
0000eb64 Fighter___84_notifyEventLink
0000eb6c Fighter___100_notifyEventChangeStatus
0000eb74 Fighter___136_notifyEventChangeCollisionHit
0000eb7c Fighter___148_notifyEventCollisionShieldCheck
0000eb84 Fighter___148_notifyEventCollisionShield
0000eb8c Fighter___184_notifyEventCollisionSearchCheck
0000eb94 Fighter___184_notifyEventCollisionSearch
0000eb9c ftToonLink___64_
0000eba4 Fighter___72_notifyEventAnimCmd
0000ebac Fighter___72_isObserv
0000ebb4 ftToonLink___84_notifyEventLink
0000ebbc ftToonLink___100_notifyEventChangeStatus
0000ebc4 Fighter___112_notifyEventChangeSituation
0000ebcc Fighter___124_notifyEventCollisionAttackCheck
0000ebd4 Fighter___124_notifyEventCollisionAttack
0000ebdc ftToonLink___136_notifyEventChangeCollisionHit
0000ebe4 ftToonLink___148_notifyEventCollisionShieldCheck
0000ebec Fighter___148_notifyEventCollisionShieldSearch
0000ebf4 ftToonLink___148_notifyEventCollisionShield
0000ebfc Fighter___160_notifyEventCollisionReflectorCheck
0000ec04 Fighter___160_notifyEventCollisionReflectorSearch
0000ec0c Fighter___160_notifyEventCollisionReflector
0000ec14 Fighter___172_notifyEventCollisionAbsorberCheck
0000ec1c Fighter___172_notifyEventCollisionAbsorber
0000ec24 ftToonLink___184_notifyEventCollisionSearchCheck
0000ec2c ftToonLink___184_notifyEventCollisionSearch
0000ec34 Fighter___196_notifyEventCaptureStatus
0000ec3c Fighter___208_notifyVisibilityItem
0000ec44 Fighter___208_notifyEjectAttachItem
0000ec4c Fighter___208_notifyEjectItem
0000ec54 Fighter___208_notifyShootBulletItem
0000ec5c Fighter___208_notifyDropItem
0000ec64 Fighter___208_notifyThrowItem
0000ec6c Fighter___208_notifyUseItem
0000ec74 Fighter___208_notifyAttachItem
0000ec7c Fighter___208_notifyHaveItem
0000ec84 Fighter___208_notifyHaveItemPreCheck
0000ec8c Fighter___232_notifyEventAddDamage
0000ec94 Fighter___232_notifyEventOnDamage
0000ec9c Fighter___244_notifyEventPikminFinalAttack
0000eca4 Fighter___244_notifyEventChangeAdvUnit
0000ecac Fighter___244_notifyEventBeat
0000ecb4 Fighter___244_notifyEventSetDamage
0000ecbc Fighter___256_notifyEventTurn
0000ecc4 ftToonLinkKineticTransactor__changeKinetic
0000edcc ftToonLinkKineticTransactor__changeKineticSub
0000ef2c ftToonLinkKineticTransactor__changeKineticSub1
0000f12c Vec3f____as
0000f148 ftToonLinkKineticTransactor__changeKineticSub2
0000f224 ftToonLinkStatusUniqProcessSpecialRSlash__initStatus
0000f228 ftToonLinkStatusUniqProcessSpecialRSlash__execStatus
0000f22c soStatusUniqProcess__checkTransitionPrecede
0000f234 soStatusUniqProcess__leaveStop
0000f238 soStatusUniqProcess__onChangeLr
0000f240 soStatusUniqProcess__checkAttack
0000f244 soStatusUniqProcess__checkDamage
0000f24c soStatusUniqProcess__execFixCamera
0000f250 soStatusUniqProcess__execFixPos
0000f254 soStatusUniqProcess__execFixPosCounter
0000f258 soStatusUniqProcess__execMapCorrection
0000f25c soStatusUniqProcess__execStop
0000f260 soStatusUniqProcess__exitStatus
0000f264 ftToonLinkStatusUniqProcessSpecialRSlash____dt
0000f2a4 soStatusUniqProcess__execStatus
0000f2a8 fttoonlinkstatusuniqprocessspecialrslashcpp____sinit_
0000f2f0 ftToonLinkStatusUniqProcessSpecialRSlash____ct
0000f300 ftToonLinkStatusUniqProcessSpecialRSlashEnd__initStatus
0000f3d8 ftToonLinkStatusUniqProcessSpecialRSlashEnd__execStatus
0000f3dc ftToonLinkStatusUniqProcessSpecialRSlashEnd____dt
0000f41c fttoonlinkstatusuniqprocessspecialrslashendcpp____sinit_
0000f464 ftToonLinkStatusUniqProcessSpecialRSlashEnd____ct
0000f474 ftToonLinkStatusUniqProcessSpecialBoomerang__initStatus
0000f5e4 ftToonLinkStatusUniqProcessSpecialBoomerang__execStatus
0000f5e8 ftToonLinkStatusUniqProcessSpecialBoomerang__exitStatus
0000f66c ftToonLinkStatusUniqProcessSpecialBoomerang____dt
0000f6ac fttoonlinkstatusuniqprocessspecialboomerangcpp____sinit_
0000f6f4 ftToonLinkStatusUniqProcessSpecialBoomerang____ct
0000f704 ftToonLinkStatusUniqProcessSpecialBomb__initStatus
0000f79c ftToonLinkStatusUniqProcessSpecialBomb__execFixPos
0000f94c ftToonLinkStatusUniqProcessSpecialBomb____dt
0000f98c fttoonlinkstatusuniqprocessspecialbombcpp____sinit_
0000f9d4 ftToonLinkStatusUniqProcessSpecialBomb____ct
0000f9e4 ftToonLinkStatusUniqProcessFinal__initStatus
0000fae0 ftToonLinkStatusUniqProcessFinal__execFixPos
0000fc98 ftToonLinkStatusUniqProcessFinal__exitStatus
0000fd14 ftToonLinkStatusUniqProcessFinal__notifyEventCollisionSearch
0000feb4 Vec2f__length
0000ff28 ftToonLinkStatusUniqProcessFinal__notifyEventCollisionSearchCheck
0000ff60 ftToonLinkStatusUniqProcessFinal__catch_success
00010044 ftToonLinkStatusUniqProcessFinalDash__initStatus
000100dc soLinkEventLinkFinal____ct
000100f4 ftToonLinkStatusUniqProcessFinalDash__execStatus
0001018c ftToonLinkStatusUniqProcessFinalDash__execFixPos
0001031c soModuleAccesser__check_dash_end
00010470 Vec3f____mi
00010494 ftToonLinkStatusUniqProcessFinalDash__exitStatus
00010510 ftToonLinkStatusUniqProcessFinalDash__getCapturePos
00010598 ftToonLinkStatusUniqProcessFinalDash__getObjectivePos
0001067c ftToonLinkStatusUniqProcessFinalCombo__initStatus
00010718 ftToonLinkStatusUniqProcessFinalCombo__execFixPos
00010a80 ftToonLinkStatusUniqProcessFinalCombo__exitStatus
00010afc ftToonLinkStatusUniqProcessFinalCombo__checkFinish
00010bec soModuleAccesser__get_triforce_offset
00010cd0 soModuleAccesser__kill_effect
00010d64 soModuleAccesser__exit_final_catch_cut
00010e38 ftToonLinkStatusUniqProcessFinalCombo____dt
00010e78 ftToonLinkStatusUniqProcessFinalDash____dt
00010eb8 ftToonLinkStatusUniqProcessFinal____dt
00010ef8 fttoonlinkstatusuniqprocessfinalcpp____sinit_
00010f78 ftToonLinkStatusUniqProcessFinal____ct
00010f88 ftToonLinkStatusUniqProcessFinalDash____ct
00010f98 ftToonLinkStatusUniqProcessFinalCombo____ct
00010fa8 ftToonLinkStatusUniqProcessWait__initStatus
00010fac ftToonLinkStatusUniqProcessWait__execStatus
00010fb0 ftToonLinkStatusUniqProcessWait__updateShield
00011034 ftToonLinkStatusUniqProcessWait__execStop
00011038 ftToonLinkStatusUniqProcessWait____dt
00011078 fttoonlinkstatusuniqprocesswaitcpp____sinit_
000110c0 ftToonLinkStatusUniqProcessWait____ct
000110d0 wnToonLinkBoomerang____ct
000129c4 soParamAccesser____dt
00012a04 wnToonLinkBoomerangParamAccesser____dt
00012a64 soKineticEnergyRotNormal____dt
00012ac0 soParamCustomizeModule____dt
00012b00 soParamCustomizeModuleImpl____dt
00012b5c soResourceIdAccesserImpl____dt
00012bb8 soMotionModuleBuilder_214soMotionModuleBuildConfig_3_18soMotionModuleImpl_0_0_107soTransitionModu_______dt
00012c30 soPostureModuleBuilder_51soPostureModuleBuildConfig_2_19soPostureModuleImpl______dt
00012ca4 soTeamImpl____ct
00012cfc soTeamImpl____dt
00012d58 soCollisionAttackAbsolute____dt
00012d98 soCollisionAttackModuleBuilder_77soCollisionAttackModuleBuildConfig_0_1_0_27soCollisionAttackModu_______dt
00012e1c soGeneralWorkBuilder_31soGeneralWorkBuildConfig_2_2_1______dt
00012e7c soLineHierarchy_49soTypeList_14soIntToType_6__18soTypeListNullType__11soArrayPool_65soArrayPoolRo_______dt
00012edc soJagArray_46soInstanceUnitFullProperty_16soTransitionTerm__49soTypeList_14soIntToType_6__18soTyp_______dt
00012f38 soTransitionModuleBuilder_107soTransitionModuleBuildConfig_49soTypeList_14soIntToType_6__18soType_______dt
00012fb0 soArraySelectHolder_1_39soArrayVector_P19soStatusUniqProcess_4__56soSingletonHolder_35soArrayNull_______dt
0001300c soStatusModuleBuilder_204soStatusModuleBuildConfig_4_31soGeneralWorkBuildConfig_2_2_1__4_107soTra_______dt
000130a8 wnKineticModuleImpl____dt
0001311c soKineticMediatorNull____dt
0001315c soInstanceManagerFullPropertyVector_P15soKineticEnergy_8_____dt
000131bc soKineticModuleBuilder_75soKineticModuleBuildConfig_19wnKineticModuleImpl_21soKineticMediatorNull_______dt
00013234 soGeneralWorkBuilder_31soGeneralWorkBuildConfig_6_2_1______dt
00013294 soGlowModuleBuilder_45soGlowModuleBuildConfig_18soGlowModuleSimple______dt
000132f0 soModuleAccesserBuilder_44wnToonLinkBoomerangModuleAccesserBuildConfig_____dt
00013470 soAnimCmdControlUnitBuilder_48soAnimCmdControlUnitBuildConfig_0_1_4_0_0_0_0_8______dt
000134fc soAnimCmdControlUnitBuilder_48soAnimCmdControlUnitBuildConfig_1_2_3_0_0_1_0_8______dt
00013588 soAnimCmdControlUnitBuilder_48soAnimCmdControlUnitBuildConfig_2_2_3_0_0_1_0_8______dt
00013614 soAnimCmdControlUnitBuilder_48soAnimCmdControlUnitBuildConfig_3_2_3_0_0_1_0_8______dt
000136a0 soAnimCmdControlUnitBuilder_40soAnimCmdControlUnitBuildConfigUniq_4_8______dt
0001370c wnAnimCmdModuleSubBuilder_79wnAnimCmdModuleSubBuildConfigDefault_1_4_0_0_1_3_0_0_1_3_0_0_1_3_0_0________dt
0001379c wnModuleAccesserBuilder_44wnToonLinkBoomerangModuleAccesserBuildConfig_____dt
0001380c wnWeaponBuilder_44wnToonLinkBoomerangModuleAccesserBuildConfig_____dt
00013894 wnToonLinkBoomerang____dt
00013904 wnToonLinkBoomerang__activate
00013a84 wnToonLinkBoomerang__toFly
00013e04 Vec2f____ct
00013e10 wnToonLinkBoomerang__updateNodeSRT
00013f3c wnToonLinkBoomerang__reflect
00013f90 wnToonLinkBoomerang__notifyEventCollisionAttackCheck
00013fa8 wnToonLinkBoomerang__notifyEventAnimCmd
00014480 Weapon__isObserv
0001449c Vec2f____ml
000144c8 Weapon__isActiveArticle
000144d8 Weapon__isSyncOwnerStatus
000144ec Weapon__setSyncOwnerStatus
000144fc StageObject__isTreadPassive
00014504 StageObject__checkTransitionStatus
0001450c StageObject__getInput
00014590 Input____dt
000145d0 IpNull____dt
00014610 soCollisionHitEventObserver__notifyEventChangeCollisionHit
00014614 soArticle__intrudeLogAttackInfo
00014618 soArticle__action
0001461c Weapon__onDeactivate
00014620 Weapon__soGetSubKind
00014628 Weapon__soGetKind
00014630 soParamCustomizeModuleImpl__getAttackPowerMulArticle
0001463c soParamCustomizeModuleImpl__getParamIndefinite
00014644 soParamCustomizeModuleImpl__getParamFloat
00014650 soParamCustomizeModuleImpl__getParamInt
00014658 soParamCustomizeModuleImpl__getWalkSpeedMul
00014664 soParamCustomizeModuleImpl__getAttackReactionMul
00014670 soParamCustomizeModuleImpl__isCustomize
00014678 soParamCustomizeModuleImpl__removeCustomize
0001467c soParamCustomizeModuleImpl__addCustomize
00014680 soParamCustomizeModuleImpl__setDefault
00014684 soParamCustomizeModuleImpl__activate
00014698 soParamCustomizeModuleImpl__getAttackPowerMulScale
000146a0 soParamCustomizeModuleImpl__setAttackPowerMulScale
000146a8 soParamCustomizeModuleImpl__getAttackPowerMulPattern
000146b0 soParamCustomizeModuleImpl__setAttackPowerMulPattern
000146b8 soParamCustomizeModuleImpl__getAttackPowerMul
000146c8 soArticleMediatorNull____dt
00014724 soArticleMediatorNull__shoot
0001472c soArticleMediatorNull__setAutoRecycle
00014730 soArticleMediatorNull__getMediateNum
00014738 soArticleMediatorNull__getGenerateMaxNum
00014740 soArticleMediatorNull__getActiveNum
00014748 soArticleMediatorNull__isGeneratable
00014750 soArticleMediatorNull__deactivate
00014754 soArticleMediatorNull__generate
00014760 soKineticMediatorNull__getMediateNum
00014768 soKineticMediatorNull__notifyEventChangeStatus
0001476c soKineticMediatorNull__addSpeedOutside
00014770 soKineticMediatorNull__addSpeed
00014774 soKineticMediatorNull__postUpdateEnergy
00014778 soKineticMediatorNull__updateEnergy
0001477c soKineticMediatorNull__updateEnergy1
00014780 soKineticMediatorNull__updateEnergy2
00014784 soKineticMediatorNull__changeKinetic
00014788 soResourceIdAccesserImpl__getBinArchiveId
00014798 soResourceIdAccesserImpl__getArchiveId
000147a0 soResourceIdAccesserImpl__getEtcArchiveId
000147b0 soResourceIdAccesserImpl__getAnmArchiveId
000147c0 soResourceIdAccesserImpl__getTexArchiveId
000147d0 soResourceIdAccesserImpl__getMdlArchiveId
000147e0 soResourceIdAccesserImpl__getEtcResId
000147e8 soResourceIdAccesserImpl__getBinResId
000147f0 soResourceIdAccesserImpl__getAnmResId
000147f8 soResourceIdAccesserImpl__getMdlResIndex
00014800 soResourceIdAccesserImpl__getMdlResId
00014808 soResourceIdAccesserImpl__getTexResIndex
00014810 soResourceIdAccesserImpl__getTexResId
00014818 soResourceIdAccesserImpl__setTexResIndex
00014820 soResourceIdAccesserImpl__setMdlResIndex
00014828 soResourceIdAccesserImpl__setTexResId
00014830 soResourceIdAccesserImpl__setMdlResId
00014838 soResourceIdAccesserImpl__setAnmResId
00014840 soResourceIdAccesserImpl__setResIdPacked
00014850 Input__getContNo
00014858 IpNull__removeRumbleMask
0001485c IpNull__removeRumbleId
00014860 IpNull__removeRumble
00014864 IpNull__stopRumble
00014868 IpNull__setRumble
0001486c IpNull__getTrigger
00014888 IpNull__getButton
00014890 IpNull__getStickSub
000148b4 IpNull__getStickMain
000148d8 IpNull__update
000148dc soTeamImpl__reset
000148e0 soTeamImpl__set2nd
000148e8 soTeamImpl__get2nd
000148f0 soTeamImpl__setIndirectNo
000148f4 soTeamImpl__getIndirectNo
000148fc soTeamImpl__setNo
00014904 soTeamImpl__getNo
0001490c wnExtendParamAccesser_3999_14_23999_7_0_0___getParamFloat
0001492c wnExtendParamAccesser_3999_14_23999_7_0_0___getParamInt
0001494c wnExtendParamAccesser_3999_14_23999_7_0_0___getParamIndefinite
00014964 wnWeaponBuilder_44wnToonLinkBoomerangModuleAccesserBuildConfig___deactivateDescendantForce
00014a10 soArticleMediatorNull___4_shoot
00014a18 soArticleMediatorNull___4_
00014a20 wnWeaponBuilder_44wnToonLinkBoomerangModuleAccesserBuildConfig____64_
00014a28 Weapon___72_notifyEventAnimCmd
00014a30 Weapon___112_notifyEventCollisionAttackCheck
00014a38 wnWeaponBuilder_44wnToonLinkBoomerangModuleAccesserBuildConfig____144_
00014a40 wnWeaponBuilder_44wnToonLinkBoomerangModuleAccesserBuildConfig____136_
00014a48 wnToonLinkBoomerang___64_
00014a50 wnToonLinkBoomerang___72_notifyEventAnimCmd
00014a58 Weapon___72_isObserv
00014a60 Weapon___84_notifyEventLink
00014a68 Weapon___100_notifyEventChangeStatus
00014a70 wnToonLinkBoomerang___112_notifyEventCollisionAttackCheck
00014a78 Weapon___112_notifyEventCollisionAttack
00014a80 Weapon___124_notifyEventCollisionHit2nd
00014a88 Weapon___124_notifyEventCollisionHit
00014a90 wnToonLinkBoomerang___144_
00014a98 Weapon___136_setAttackPowerMulPattern
00014aa0 Weapon___136_getActiveGlobalFrame
00014aa8 Weapon___136_updateLogAttackInfo
00014ab0 Weapon___136_getLogAttackInfo
00014ab8 Weapon___136_setLogAttackInfo
00014ac0 Weapon___136_setSyncOwnerStatus
00014ac8 Weapon___136_isSyncOwnerStatus
00014ad0 Weapon___136_unlinkOwner
00014ad8 Weapon___136_linkOwner
00014ae0 Weapon___136_have
00014ae8 Weapon___136_getFounderTaskId
00014af0 Weapon___136_getOwnerDeactiveTreatType
00014af8 Weapon___136_deactivateArticle
00014b00 Weapon___136_isActiveArticle
00014b08 wnWeaponBuilder_44wnToonLinkBoomerangModuleAccesserBuildConfig____136_deactivateDescendantForce
00014b10 Weapon___136_isConstraint
00014b18 Weapon___136_setSituationKind
00014b20 Weapon___136_set2nd
00014b28 Weapon___136_setVisibility
00014b30 Weapon___136_setVisibilityWhole
00014b38 Weapon___136_changeStatus
00014b40 Weapon___136_setRate
00014b48 Weapon___136_setFrame
00014b50 Weapon___136_changeMotion
00014b58 Weapon___136_getTaskId
00014b60 Weapon___136_getArticleEventManageId
00014b68 Weapon___136_getArticleId
00014b70 Weapon___136_remove
00014b78 wnToonLinkBoomerang___136_
00014b80 wnToonLinkBoomerangStatusUniqProcessHaved__initStatus
00014bd0 wnToonLinkBoomerangStatusUniqProcessHaved____dt
00014c10 wntoonlinkboomerangstatusuniqprocesshavedcpp____sinit_
00014c58 wnToonLinkBoomerangStatusUniqProcessHaved____ct
00014c68 wnToonLinkBoomerangStatusUniqProcessTurn__initStatus
00014de8 wnToonLinkBoomerangStatusUniqProcessTurn__execStatus
00015120 wnToonLinkBoomerangStatusUniqProcessTurn__execFixPos
00015308 wnToonLinkBoomerangStatusUniqProcessTurn____dt
00015348 wntoonlinkboomerangstatusuniqprocessturncpp____sinit_
00015390 wnToonLinkBoomerangStatusUniqProcessTurn____ct
000153a0 wnToonLinkHookShot____ct
00016da4 wnWeaponBuilder_43wnToonLinkHookShotModuleAccesserBuildConfig_____dt
00016e2c wnModuleAccesserBuilder_43wnToonLinkHookShotModuleAccesserBuildConfig_____dt
00016e9c wnAnimCmdModuleSubBuilder_79wnAnimCmdModuleSubBuildConfigDefault_1_9_0_0_1_1_0_0_1_1_0_0_1_1_0_0________dt
00016f2c soAnimCmdControlUnitBuilder_48soAnimCmdControlUnitBuildConfig_3_2_1_0_0_1_0_8______dt
00016fb8 soAnimCmdControlUnitBuilder_48soAnimCmdControlUnitBuildConfig_2_2_1_0_0_1_0_8______dt
00017044 soAnimCmdControlUnitBuilder_48soAnimCmdControlUnitBuildConfig_1_2_1_0_0_1_0_8______dt
000170d0 soAnimCmdControlUnitBuilder_48soAnimCmdControlUnitBuildConfig_0_1_9_0_0_0_0_8______dt
0001715c soModuleAccesserBuilder_43wnToonLinkHookShotModuleAccesserBuildConfig_____dt
000172f4 soGenerateArticleManageModuleBuilder_387soGenerateArticleManageModuleBuildConfig_302soArticleMedi_______dt
00017378 soSelectInstanceHolder_1_302soArticleMediatorImpl_102soTypeList_67soInstancePoolInfo_8wnSimple_1________dt
000173d4 soArticleMediatorImpl_102soTypeList_67soInstancePoolInfo_8wnSimple_1_16wnInstanceHolder_14soIntTo_______dt
00017444 soLineHierarchy_102soTypeList_67soInstancePoolInfo_8wnSimple_1_16wnInstanceHolder_14soIntToType_0_______dt
000174a8 soInstancePool_67soInstancePoolInfo_8wnSimple_1_16wnInstanceHolder_14soIntToType_0___18soInstance_______dt
00017508 soInstancePoolSub_67soInstancePoolInfo_8wnSimple_1_16wnInstanceHolder_14soIntToType_0___24soKindI_______dt
00017568 wnInstanceHolder_8wnSimple_24soKindInfoGeneric_2_148__14soIntToType_0______dt
000175c8 soStatusModuleBuilder_204soStatusModuleBuildConfig_9_31soGeneralWorkBuildConfig_3_3_1__9_107soTra_______dt
00017664 soArraySelectHolder_1_39soArrayVector_P19soStatusUniqProcess_9__56soSingletonHolder_35soArrayNull_______dt
000176c0 soGeneralWorkBuilder_31soGeneralWorkBuildConfig_3_3_1______dt
00017720 soMotionModuleBuilder_214soMotionModuleBuildConfig_1_18soMotionModuleImpl_0_0_107soTransitionModu_______dt
00017798 wnToonLinkHookShotParamAccesser____dt
000177f8 wnToonLinkHookShot__activate
00017a54 wnToonLinkHookShot__activeArticle
00017b44 soArticleMediatorImpl_102soTypeList_67soInstancePoolInfo_8wnSimple_1_16wnInstanceHolder_14soIntTo_____generate
00017df0 soArticleMediatorImpl_102soTypeList_67soInstancePoolInfo_8wnSimple_1_16wnInstanceHolder_14soIntTo_____isGeneratable
00017fe0 soArticleMediatorImpl_102soTypeList_67soInstancePoolInfo_8wnSimple_1_16wnInstanceHolder_14soIntTo_____getActiveNum
000181f0 soArticleMediatorImpl_102soTypeList_67soInstancePoolInfo_8wnSimple_1_16wnInstanceHolder_14soIntTo_____getGenerateMaxNum
00018374 soArticleMediatorImpl_102soTypeList_67soInstancePoolInfo_8wnSimple_1_16wnInstanceHolder_14soIntTo_____shoot
0001854c soArticleMediatorImpl_102soTypeList_67soInstancePoolInfo_8wnSimple_1_16wnInstanceHolder_14soIntTo_____deactivate
000185ac soArticleMediatorImpl_102soTypeList_67soInstancePoolInfo_8wnSimple_1_16wnInstanceHolder_14soIntTo_____getMediateNum
000185b4 soArticleMediatorImpl_102soTypeList_67soInstancePoolInfo_8wnSimple_1_16wnInstanceHolder_14soIntTo_____setAutoRecycle
000185bc wnExtendParamAccesser_3999_3_23999_2_0_0___getParamFloat
000185dc wnExtendParamAccesser_3999_3_23999_2_0_0___getParamInt
000185fc wnExtendParamAccesser_3999_3_23999_2_0_0___getParamIndefinite
00018614 wnWeaponBuilder_43wnToonLinkHookShotModuleAccesserBuildConfig___deactivateDescendantForce
00018624 soInstancePoolSub_67soInstancePoolInfo_8wnSimple_1_16wnInstanceHolder_14soIntToType_0___24soKindI_____getInstanceAt
0001863c soArticleMediatorImpl_102soTypeList_67soInstancePoolInfo_8wnSimple_1_16wnInstanceHolder_14soIntTo______4_shoot
00018644 soArticleMediatorImpl_102soTypeList_67soInstancePoolInfo_8wnSimple_1_16wnInstanceHolder_14soIntTo______4_
0001864c wnWeaponBuilder_43wnToonLinkHookShotModuleAccesserBuildConfig____64_
00018654 wnWeaponBuilder_43wnToonLinkHookShotModuleAccesserBuildConfig____144_
0001865c wnWeaponBuilder_43wnToonLinkHookShotModuleAccesserBuildConfig____136_
00018664 wnToonLinkHookShot___64_
0001866c wnToonLinkHookShot___144_
00018674 wnWeaponBuilder_43wnToonLinkHookShotModuleAccesserBuildConfig____136_deactivateDescendantForce
0001867c wnToonLinkHookShot___136_
00018684 mofighter___prolog
000186cc mofighter___epilog
00018714 mofighter___unresolved
