.section 1
.module 40
00000000 globaldestructorchain____register_global_object
0000001c globaldestructorchain____destroy_global_chain
00000070 stAdventure2__create
000000a4 stAdventure2____ct
0000044c Vec3f____ct
00000450 GameGlobal__getInstance
0000045c stAdventure2__loading
00000464 stAdventure2__startLoadLocalData
000005ec stAdventure2__isLoadLocalData
00000990 stAdventure2__entryLocalData
00000a7c stAdventure2__removeLocalData
00000b48 stadventure2__srReportLessRelease
00000b98 stAdventure2__appearanceFighterLocal
00000cf8 Vec3f__set
00000d08 Vec3f____as
00000d24 stAdventure2__createObj
000012f8 stAdventure2____dt
000019b0 stAdventure2__clearHeap
00001d5c grHitCircleObserver__remove
00001d94 stAdventure2__changeStep
00001ff8 stAdventure2__requestStepJump
00002010 Vec2f____as
00002024 stAdventure2__processAnim
000021b8 stAdventure2__processFixCamera
0000222c stAdventure2__processEnd
00002260 stAdventure2__initializeAdventure
00002b50 Ground__getModelCount
00002b6c stAdventure2__entryGimmick
000033c4 stDataMultiContainer__isMultiContainer
000033e4 stAdventure2__findFighterFromGimmickData
000038b8 GameGlobal__getGlobalVsMeleeCondition
000038c0 stAdventure2__setGimmick
00003d3c stDataContainer__getDataNum
00003d48 stAdventure2__createGimmickFunc_16grDefaultTrigger__createGimmickDefaultCameraAreaTrigger
00003df8 stAdventure2__createGimmickFunc_16grDefaultTrigger__createGimmickDefaultAreaTrigger
00003ea8 grGimmick__setGimmickData
00003eb0 gfCallBack____dt
00003ef0 stTriggerCB____dt
00003fb8 Vec2f____ct
00003fc4 stAdventure2__createPokeTrainerRebirthList
000043f0 Vec3f____ct1
00004408 grAdventureRebirthPos__getRebirthPointNum
00004410 Vec2f____ct1
00004414 std40vector_5Vec2f_Q23s____ct
00004428 std40vector_5Vec2f_Q23s____dt
000044a0 std40vector_5Vec2f_Q23s__push_back
00004798 std47__vec_deleter_5Vec__size
000047a0 std40vector_5Vec2f_Q23s____vc
000047b0 stAdventure2__getScrollLockPoketrainerPos
00004828 stAdventure2__createGimmickCameraScroll
000049f8 stAdventure2__createGimmickNodeVisibility
00004bdc stAdventure2__setGimmickNodeVisibilityEffect
00004c48 stAdventure2__setGimmickNodeVisibility
00004d80 Ground__getMdlIndex
00004d88 stAdventure2__changeGimmickCameraPath
00004e00 stAdventure2__createRebirthPosSetArea
00004f60 stAdventure2__setRebirthPos
00004f90 stadventure2__srReportLessDebugOpt
00004fe0 stAdventure2__setRebirthPosForForceScroll
00005098 stAdventure2__getPokeTrainerPointNum
000050a0 stAdventure2__getPokeTrainerPointData
000050bc stAdventure2__getPokeTrainerPositionZ
000050dc stAdventure2__changeCamearaMeleeMode
000051f4 stAdventure2__changeAdvCamearaMeleeMode
0000533c stAdventure2__changeCamearaAdventureMode
000054f0 stAdventure2__changeCameraForceTargetMode
000055bc stAdventure2__setCameraAdvCameraTarget
00005628 stAdventure2__setDemoCameraParam
000056b8 stAdventure2__setCameraAdvCameraOffset
0000572c stAdventure2__stopCameraAdvCameraOffset
00005780 stAdventure2__setFighterPos
00005814 stAdventure2__setFighterWarp
00005aa4 stAdventure2__helperStarWarp
00005cd8 stAdventure2__setFighterStartDamage
00005d44 stAdventure2__resetCameraTarget
00005e74 stAdventure2__setCameraCompulsorilyModed
00005edc Ground__setInitializeFlag
00005ee0 Ground__setInitializeInfo
00005ee4 Ground__getInitializeInfo
00005eec stAdventure2__getFighterPos
00005fd8 stAdventure2__getFighterStartPos
00006050 stAdventure2__getFighterReStartPos
00006240 stAdventure2__createItem
000062a4 stAdventure2__notifyEnemyEventOnHit
000064f4 stAdventure2__notifyEnemyEventCreateForLeftWnBossPackn
0000652c stAdventure2__notifyEnemyEventCreateForRightWnBossPackn
00006564 stAdventure2__getAttackFighterNo
000066c8 stAdventure2__notifyEntryDoor
0000677c stAdventure2__initAdventureStageParam
00006868 stAdventure2__initForGameMode
00006b4c stAdventure2__initStagePositionData
00006c6c stAdventure2__initCameraParam
00006fec stAdventure2__unResistCameraSubjectOnPositionCenter
00006ff4 stAdventure2__getAIRange
00007034 stAdventure2__getFighterDeadEffectSizeRate
000070b4 stAdventure2__getEnemyDeadEffectSizeRate
00007134 stAdventure2__isCameraLocked
000071a0 stAdventure2__isBossBattleMode
000071c4 stAdventure2__isSimpleBossBattleMode
000071e8 stAdventure2__setPauseCameraParam
0000748c stAdventure2__initAdventureDropItemParameterCommon
000075f0 stAdventure2__applyAdventureJumpTable
000076e0 stAdventure2__getNowStepBgmID
000076f8 stAdventure2__getBgmID
0000774c stAdventure2__getBgmVolume
000077dc stAdventure2__getBgmPlayOffsetFrame
0000783c stAdventure2__isNextStepBgmEqualNowStepBgmFromFlag
00007848 stAdventure2__getDestroyBossParamCommon
00007960 stAdventure2__getVersusDropItemParamCommon
00007a94 stAdventure2__notifyTimmingGameStart
00007bb0 stAdventure2__stAdventureEventGetItem
00007ca4 Ground__adventureEventGetItem
00007cac stAdventure2__notifyScrollLockStart
00007cf8 stAdventure2__notifyScrollLockEnd
00007d44 stAdventure2__updateStagePositions
00007d94 stAdventure2__getItemPac
000080ac stAdventure2__getItemPacEnemyFigure
00008154 stAdventure2__getItemGenPac
00008160 stAdventure2__getEnemyPac
00008478 stAdventure2__getAdvRadarData
00008510 stAdventure2__setStageOutEffectInit
00008640 stAdventure2__setStageInEffectInit
00008680 stAdventure2__initializeFighterAttackRatio
0000873c stAdventure2__startFighterEvent
00008a84 stAdventure2__renderOpa
00008a88 stTriggerCB__updateEnd
00008a8c stTriggerCB__updateFixPosition
00008a90 stTriggerCB__updateBegin
00008a94 Stage__updateWind2ndOnly
00008a98 Stage__getWind2ndOnlyData
00008aa0 Stage__createWind2ndOnly
00008aa8 Stage__getFrameRuleTime
00008ab0 Stage__setFrameRuleTime
00008ab8 Stage__setBgmChange
00008ac8 Stage__getBgmChangeID
00008adc Stage__isBgmChange
00008ae4 Stage__getBgmOptionID
00008aec Stage__getBgmID
00008af4 Stage__getScrollDir
00008b10 Stage__getDefaultLightSetIndex
00008b18 Stage__getPokeTrainerDrawLayer
00008b20 stAdventure2__isBamperVector
00008b28 stAdventure2__isAdventureStage
00008b30 stActTriggerCreteGimmick_C19grAdvRebirthPosData__setRebirthPos__12stAdventure2FRC19grAdvRebirthPo_____userProc
00008b74 stActTriggerCreteGimmick_C19grAdvRebirthPosData__setRebirthPos__12stAdventure2FRC19grAdvRebirthPo_______dt
00008c40 stActTriggerCreteGimmick_31grAdventureChangeCameraPathData__changeGimmickCameraPath__12stAdventur_____userProc
00008c84 stActTriggerCreteGimmick_31grAdventureChangeCameraPathData__changeGimmickCameraPath__12stAdventur_______dt
00008d50 stActTriggerCreteGimmick_27grGimmickNodeVisibilityData__setGimmickNodeVisibilityEffect__12stAdven_____userProc
00008d94 stActTriggerCreteGimmick_27grGimmickNodeVisibilityData__setGimmickNodeVisibilityEffect__12stAdven_______dt
00008e60 stAdventure2__createGimmickFunc_27grAdventureEnemyCreatorData__createGimmickEnemyCreator
00009010 stAdventure2__createGimmickFunc_18grGimmickFixedItem__createGimmickCreateFixedItem
00009100 stAdventure2__createGimmickFunc_13grGimmickItem__createGimmickCreateItem
000091e8 stAdventure2__createGimmickFunc_18grGimmickFinalData__createGimmickFinal
000092d0 stAdventure2__createGimmickFunc_19grGimmickEffectData__createGimmickEffect
000093dc stAdventure2__createGimmickFunc_18grGimmickQuakeData__createGimmickQuake
000094c4 stAdventure2__createGimmickFunc_25grGimmickNewItemBlockData__createGimmickNewItemBox
0000964c stAdventure2__createGimmickFunc_24grAdventureSavePointData__createGimmickSavePoint
0000978c stAdventure2__createGimmickFunc_31grAdventureChangeCameraPathData__createGimmickChangeCameraPath
000098e8 stAdventure2__createGimmickFunc_23grGimmickKingStatueData__createGimmickKingStatue
00009a98 stAdventure2__createGimmickFunc_27grAdventureTikuwaGroundData__createGimmickTikuwa
00009bf4 stAdventure2__createGimmickFunc_31grAdventureElasticityGroundData__createGimmickElasticity
00009d50 stAdventure2__createGimmickFunc_23grAdventureElevatorData__createGimmickElevator
00009eac stAdventure2__createGimmickFunc_23grAdventureRingLiftData__createGimmickRingLift
0000a008 stAdventure2__createGimmickFunc_25grGimmickAttackSwitchData__createGimmickAttackSwitchOnce
0000a180 stAdventure2__createGimmickFunc_34grGimmickMoveAttackTriggerOnceData__createGimmickMoveAttackTriggerOnce
0000a330 stAdventure2__createGimmickFunc_17grGimmickMineData__createGimmickMine
0000a4d8 stAdventure2__createGimmickFunc_23grGimmickFirePillarData__createGimmickFirePillar
0000a688 stAdventure2__createGimmickFunc_24grGimmickFallingRockData__createGimmickFallingRock
0000a898 stAdventure2__createGimmickFunc_24grGimmickChangeSceneData__createGimmickChangeScene
0000a9f4 stAdventure2__createGimmickFunc_26grAdventureStaticModelData__createGimmickStaticModel
0000ab50 stAdventure2__createGimmickFunc_19grGimmickSpringData__createGimmickSpring
0000acac stAdventure2__createGimmickFunc_23grGimmickBreakFloorData__createGimmickBreakFloor
0000ae08 stAdventure2__createGimmickFunc_31grGimmickMotionGroundAttachData__createGimmickMotionGroundAttach
0000af64 stAdventure2__createGimmickFunc_25grGimmickMotionGroundData__createGimmickMotionGround
0000b0c0 stAdventure2__createGimmickFunc_20grGimmickShutterData__createGimmickShutter
0000b21c stAdventure2__createGimmickFunc_24grGimmickMove4GroundData__createGimmickMove4Ground
0000b378 stAdventure2__createGimmickFunc_23grGimmickMoveGroundData__createGimmickMoveGround
0000b4d4 stAdventure2__createGimmickFunc_30grGimmickSympatheticsBlockData__createGimmickBlockSympathetics
0000b5c4 stAdventure2__createGimmickFunc_24grGimmickBrokenBlockData__createGimmickBlock
0000b6b8 stAdventure2__createGimmickFunc_25grGimmickAttackSwitchData__createGimmickAttackSwitch
0000b830 stAdventure2__createGimmickFunc_27grGimmickHitPointEffectData__createGimmickHitPointEffectArea
0000b8d4 stAdventure2__createGimmickFunc_18grGimmickWaterData__createGimmickWaterArea
0000b978 stAdventure2__createGimmickFunc_25grGimmickBeltConveyorData__createGimmickBeltConveyor
0000ba1c stAdventure2__createGimmickFunc_20grGimmickWindData2nd__createGimmickSecondaryWind
0000bb2c stAdventure2__createGimmickFunc_26grGimmickAdventureWindData__createGimmickWind
0000bc20 stAdventure2__createGimmickFunc_18grGimmickTruckData__createGimmickTruck
0000bd1c stAdventure2__createGimmickFunc_31grGimmickMotionAttackGroundData__createGimmickMotionAttackGround
0000becc stAdventure2__createGimmickFunc_35grGimmickMoveEffectAttackGroundData__createGimmickMoveEffectAttackGround
0000c088 stAdventure2__createGimmickFunc_35grGimmickMoveCircleAttackGroundData__createGimmickMoveCircleAttackGround
0000c184 stAdventure2__createGimmickFunc_29grGimmickMoveAttackGroundData__createGimmickMoveAttackGround
0000c334 stAdventure2__createGimmickFunc_28grGimmickAdventureLadderData__createGimmickLadder
0000c428 stAdventure2__createGimmickFunc_19grGimmickCameraDemo__createGimmickCameraDemo
0000c5f8 stAdventure2__createGimmickFunc_17grGimmickLockZone__createGimmickCameraLock
0000c6dc stAdventure2__createGimmickFunc_17grGimmickLockZone__createGimmickScrollLock
0000c7c0 stAdventure2__createGimmickFunc_21grGimmickCameraScroll__createGimmickCameraScroll
0000c860 stAdventure2__createGimmickFunc_28grAdventurePluralTriggerData__createGimmickPluralTrigger
0000c910 stAdventure2__createGimmickFunc_27grAdventureTruckReactorData__createGimmickTruckReactor
0000c9c0 stAdventure2__createGimmickFunc_26grAdventureItemReactorData__createGimmickItemReactor
0000cabc stAdventure2__createGimmickFunc_26grGimmickFrameTriggerData2__createGimmickFrameTrigger2
0000cb94 stAdventure2__createGimmickFunc_25grGimmickFrameTriggerData__createGimmickFrameTrigger
0000cc38 stAdventure2__createGimmickFunc_17grGimmickWarpData__createGimmickWarpZone
0000cd74 stAdventure2__createGimmickFunc_23grAdventureDoorBossData__createGimmickDoorBoss
0000ce74 stAdventure2__createGimmickFunc_27grAdventureDoorThreePinData__createGimmickDoorThreePin
0000cf74 stAdventure2__createGimmickFunc_30grAdventureDoorBombFactoryData__createGimmickDoorBombFactory
0000d074 stAdventure2__createGimmickFunc_17grGimmickDoorData__createGimmickDoor
0000d174 stAdventure2__createGimmickFunc_25grAdventureSimpleStepJump__createGimmickStepJump
0000d288 stAdventure2__createGimmickFunc_21grGimmickCatapultData__createGimmickCatapult
0000d32c stAdventure2__createGimmickFunc_32grGimmickBarrelCannnonStaticData__createGimmickBarrelCannnonNatural
0000d42c stAdventure2__createGimmickFunc_30grGimmickBarrelCannnonPathData__createGimmickBarrelCannnonPath
0000d52c stAdventure2__createGimmickFunc_24grGimmickPunchSliderData__createGimmickMotionPunchSlider
0000d628 stAdventure2__createGimmickFunc_24grGimmickPunchSliderData__createGimmickPunchSlider
0000d724 stadventure2cpp____sinit_
0000db3c stClassInfoImpl_61_12stAdventure2_____dt
0000dbb0 stClassInfoImpl_61_12stAdventure2___create
0000dbe4 stClassInfoImpl_61_12stAdventure2___preload
0000dbe8 stObsTriggerEnemyDeadCheck____ct
0000dc38 stObsTriggerCB____dt
0000dcbc stObsTriggerEnemyDeadCheck__userProc
0000dd1c stAreaEventReciverKeyTrigger__reciveEvent
0000ddf0 stObsTriggerKeyArea____ct
0000de4c stObsTriggerKeyArea____dt
0000dea4 stObsTriggerKeyArea__createArea
0000df0c stObsTriggerArea__getAreaPointer
0000df14 stAreaEventReciverTruckTrigger__reciveEvent
0000df98 stObsTriggerTruckArea____ct
0000dff4 stObsTriggerTruckArea____dt
0000e04c stObsTriggerTruckArea__createArea
0000e0b4 stObsTriggerArea__setArea
0000e0bc stObsTriggerArea__getAreaDataPointer
0000e0c4 stObsTriggerEnemyDeadCheck__setAreaSleep
0000e0c8 stObsTriggerEnemyDeadCheck__getAreaID
0000e0d0 stObsTriggerEnemyDeadCheck__getAreaPointer
0000e0d8 stObsTriggerCB__setAreaSleep
0000e0dc stObsTriggerCB__getAreaID
0000e0e4 stObsTriggerCB__getAreaPointer
0000e0ec stObsTriggerEnemyDeadCheck____dt
0000e174 sttriggerobserveadvcpp____sinit_
0000e554 stActTriggerStepJump__userProc
0000e56c stActTriggerStepJump__updateBegin
0000e824 stActTriggerScrollLockOn____ct
0000e914 stActTriggerScrollLockOn__userProc
0000ea7c stActTriggerScrollLockOff____ct
0000ec34 stActTriggerScrollLockOff____dt
0000ed00 stActTriggerScrollLockOff__userProc
0000ed98 stActTriggerScrollLockOff__updateEnd
0000f2c8 stActTriggerForceScrollOn__userProc
0000f2fc stActTriggerForceScrollOn__updateBegin
0000f448 stActTriggerForceScrollOn__updateEnd
0000f4b4 stActTriggerCameraDemo__userProc
0000f4e8 stActTriggerCameraDemo__updateBegin
0000f628 stActTriggerCameraDemo__updateEnd
0000f6c8 stActTriggerMotionPathMove4Start__userProc
0000f6d8 stActTriggerMotionPathMove4Stop__userProc
0000f6e8 stActTriggerCreateItem____ct
0000f75c stActTriggerCreateItem__userProc
0000f7c4 stActTriggerCreateItem__updateBegin
0000f8e0 stActTriggerCreateItem__eventGetItem
0000f95c stActTriggerCreateFixedItem____ct
0000f990 stActTriggerCreateFixedItem__userProc
0000fac4 stActTriggerChangeScene____ct
0000fc34 stDifLightParamSet____ct
0000fc38 stSpecLightParamSet____ct
0000fc3c stActTriggerChangeScene____dt
0000fdac stActTriggerChangeScene__userProc
00010160 stActTriggerChangeScene__updateEnd
000101d0 stActTriggerQuake__userProc
00010288 stActTriggerEffect__userProc
000102a0 stActTriggerEffect__updateEnd
0001048c stActTriggerStockReset__userProc
00010a38 stActTriggerGimmickStatus____ct
00010a6c stActTriggerGimmickStatus__userProc
00010b70 stActTriggerGimmickStatus____dt
00010c3c stActTriggerStockReset____dt
00010d08 stActTriggerEffect____dt
00010dd4 stActTriggerQuake____dt
00010ea0 stActTriggerCreateFixedItem____dt
00010f6c stActTriggerCreateItem____dt
00011038 stActTriggerMotionPathMove4Stop____dt
00011104 stActTriggerMotionPathMove4Start____dt
000111d0 stActTriggerCameraDemo____dt
0001129c stActTriggerForceScrollOn____dt
00011368 stActTriggerScrollLockOn____dt
00011434 stActTriggerStepJump____dt
00011500 soArrayVectorCalcInterface____dt
00011540 soArrayVector_P8BaseItem_10_____dt
00011580 soArrayVector_P8BaseItem_10___size
00011590 soArrayVectorAbstract_P8BaseItem_____dt
000115d0 soArray_P8BaseItem_____dt
00011610 soArrayContractible_P8BaseItem_____dt
00011650 soArrayFixed_P8BaseItem_____dt
00011690 soArrayVector_P8BaseItem_10___getTopIndex
0001169c soArrayVector_P8BaseItem_10___setTopIndex
000116ac soArrayVector_P8BaseItem_10___getLastIndex
000116bc soArrayVector_P8BaseItem_10___setLastIndex
000116cc soArrayVector_P8BaseItem_10___getArrayValueConst
000116dc soArrayVector_P8BaseItem_10___onFull
000116ec soArrayVector_P8BaseItem_10___offFull
000116fc soArrayVector_P8BaseItem_10___isFull
00011708 soArrayVector_P8BaseItem_10___capacity
00011710 soArrayVector_P8BaseItem_10___atFastAbstractSub
00011738 soArrayVector_P8BaseItem_10___setSize
00011748 soArrayVectorAbstract_P8BaseItem___at
00011758 soArrayVectorAbstract_P8BaseItem___at1
00011768 soArrayVectorAbstract_P8BaseItem___unshift
0001185c soArrayVectorAbstract_P8BaseItem___shift
00011918 soArrayVectorAbstract_P8BaseItem___push
00011a0c soArrayVectorAbstract_P8BaseItem___pop
00011ac8 soArrayVectorAbstract_P8BaseItem___insert
00011be0 soArrayVectorAbstract_P8BaseItem___erase
00011cb8 soArrayVectorAbstract_P8BaseItem___set
00011d5c soArrayVectorAbstract_P8BaseItem___clear
00011da4 soArrayVectorAbstract_P8BaseItem___isNull
00011dac soArrayVectorAbstract_P8BaseItem___substitution
00011e1c soArrayFixed_P8BaseItem___isEmpty
00011e50 sttriggeractorcpp____sinit_
00012240 soArrayVectorAbstract_P8BaseItem____4_
00012248 soArrayVector_P8BaseItem_10____4_
00012250 soArrayVector_P8BaseItem_10____4_setLastIndex
00012258 soArrayVector_P8BaseItem_10____4_setTopIndex
00012260 soArrayVector_P8BaseItem_10____4_offFull
00012268 soArrayVector_P8BaseItem_10____4_onFull
00012270 soArrayVectorAbstract_P8BaseItem____4_substitution
00012278 stActTriggerEnemyPop____ct
000125ec stActTriggerEnemyPop____dt
000126f4 stActTriggerEnemyPop__userProc
00012850 stActTriggerEnemyPop__updateBegin
00012c54 stActTriggerEnemyPop__deleteEnemyClipping
00012e40 stActTriggerEnemyPop__updateEnd
00012f14 stActTriggerEnemyPop__createEnemy
00013340 stActTriggerEnemyPop__updateCallBack
00013840 stActTriggerEnemyPop__isEnemyCreateBlank
000138f0 stActTriggerEnemyPop__enemyCreateMessage
000139cc stActTriggerEnemyPop__isEnemyCreate
00013a10 stActTriggerEnemyPop__setCreateEnemyEffect
00013bd0 sttriggeractorenemycpp____sinit_
00013fb0 stActTriggerSound____ct
00014070 stActTriggerSound11stSoundInfoFv____ct
00014074 stActTriggerSound____dt
000141e8 stActTriggerSound__userProc
0001430c sttriggeractorsound__srReportLessMastar
0001435c stActTriggerSound__updatePos
000144e4 stActTriggerSound__updateBegin
00014628 stActTriggerSound__updateEnd
0001469c sttriggeractorsoundcpp____sinit_
00014988 stActTriggerAreaSound____ct
00014a0c stActTriggerAreaSound____dt
00014ae8 stActTriggerAreaSound__userProc
00014d44 stActTriggerAreaSound__updateEnd
00014eb4 stActTriggerAreaSound__getSoundActorPosition
00014fe0 sttriggeractorareasoundcpp____sinit_
000152cc stAdventureVersusItemDrop__reset
000152f4 stAdventureVersusItemDrop__ready
0001530c stAdventureVersusItemDrop__start
0001538c stAdventureVersusItemDrop__end
000153b4 stAdventureVersusItemDrop__isReady
000153bc stAdventureVersusItemDrop__isStarted
000153c4 stAdventureVersusItemDrop__processUpdate
00015518 stAdventureVersusItemDrop____dt
00015570 stadvversusitemdropcpp____sinit_
000155a0 stAdventureInfoBasis__getIconParamForEnemy
00015694 stAdventureInfoBasis__getEnemy
000156dc stAdventureInfoContact__sendToBossInfo
00015978 stAdventureInfoContact__sendToDestroyBossInfo
00015a44 stAdventureInfoContact__sendToDamageBossInfo
00015b48 stAdventureInfoContact__sendToRemoveBossInfo
00015bb4 stAdventureInfoContact__sendToZakoInfo
00015c1c stAdventureInfoContact__sendToDestroyZakoInfo
00015c3c stAdventureInfoContact__sendToDamageZakoInfo
00015c5c stAdventureInfoContact__sendToEraseZakoInfo
00015c74 stAdventureInfoContact__sendToRemoveZakoInfo
00015cbc stAdventureInfoContact__addZakoCorps
00015d24 stAdventureInfoContact__removeZakoCorps
00015d3c stAdventureInfoContact__sendToRemoveCarpsInfo
00015da0 stAdventureInfoEmBoss__init
00015f74 stAdventureInfoEmBoss__update
00016090 stAdventureInfoEmBoss__setInfoParam
000162f8 stAdventureInfoEmBoss__isBoss
0001643c stAdventureInfoEmBoss__setBossPacknWnLeft
00016444 stAdventureInfoEmBoss__setBossPacknWnRight
0001644c stAdventureInfoEmBoss__notifyDead
00016634 stAdventureInfoEmBoss__notifyDamage
00016854 stAdventureInfoEmBoss__remove
00016860 stAdventureInfoEmBoss____dt
000168a0 stAdventureInfoEmCorps__init
000168a4 stAdventureInfoEmCorps__update
000168a8 stAdventureInfoEmCorps__setEmPopCount
000168dc stAdventureInfoEmCorps__notifyDead
000168f0 stAdventureInfoEmCorps__remove
000168fc stAdventureInfoEmCorps____dt
0001693c stAdventureInfoEmZako__init
00016ac4 stAdventureInfoEmZako__update
00016c20 stAdventureInfoEmZako__isZako
00016d64 stAdventureInfoEmZako__notifyDead
00016d8c stAdventureInfoEmZako__remove
00016d98 stAdventureInfoEmZako____dt
00016dd8 stAdventureInfoMediation__getInstance
00016de4 stAdventureInfoMediation__create
000172e0 stAdventureInfoMediation__remove
00017318 stAdventureInfoMediation____dt
00017398 stAdventureInfoMediation__getEmBoss
000173a0 stAdventureInfoMediation__getEmCorps
000173a8 stAdventureInfoMediation__getEmZako
000173b0 stAdventureInfoMediation__notifyStepJump
000173f0 stAdventureInfoMediation__processUpdate
000173f4 stAdventureInfoMediation__processEnd
00017478 stAdventureMenuSavepoint__create
000174b4 stAdventureMenuSavepoint____ct
00017568 stAdventureMenuSavepoint____dt
000175c0 stAdventureMenuSavepoint__processEnd
00012850 stAdventureMenuSavepoint__processBegin
00017cc8 stAdventureMenuSavepoint__checkSavePointInfo
00017f44 stAdventureMenuSavepoint__updateCharaSelPhase
000183e8 stAdventureMenuSavepoint__setSelChar
00018bcc stAdventureMenuSavepoint__stockReset
000193ac stAdventureMenuSavepoint__exitSavepointMenu
00019454 stadventuremenusavepointcpp____sinit_
00019740 grAdventure2__create
000197f4 Ground__setMdlIndex
000197fc grAdventure2____dt
000198a8 grAdventure2__update
000198ac grAdventure2__setNode
000199dc grAdventure2__renderPre
00019a5c Ground__disableCalcCollision
00019a6c Ground__enableCalcCollision
00019a7c Ground__isEnableCalcCollision
00019a88 Ground__initStageData
00019a8c Ground__getStageData
00019a94 Ground__setStageData
00019a9c grGimmick__getTransparencyFlag
00019aa4 grGimmick__getGimmickData
00019aac grAdventureFighterPos__create
00019b44 grAdventureFighterPos____ct
00019b8c grAdventureFighterPos____dt
00019be4 grAdventureFighterPos__update
00019be8 grAdventureFighterPos__getLocaterNodePosition
00019ca8 grAdventureBackGround____ct
00019d48 grAdventureBackGround____dt
00019d88 grAdventureBackGround__update
00019e3c grAdventureBackGround__setBackGround
00019f54 gradventurebackgroundcpp____sinit_
0001a240 grAdventurePunchSlider__create
0001a2cc grAdventurePunchSlider____dt
0001a324 gradventurepunchslidercpp____sinit_
0001a610 grAdventureBarrelCannon__create
0001a69c grAdventureBarrelCannon____ct
0001a760 grAdventureBarrelCannon____dt
0001a7b8 grAdventureBarrelCannon__createMotionPath
0001a868 grAdventureBarrelCannon__startup
0001ae74 grAdventureBarrelCannon__setInitializeFlag
0001af6c grAdventureBarrelCannon__update
0001b144 grAdventureBarrelCannon__updateMove
0001b260 grAdventureBarrelCannon__processFixPosition
0001b804 grAdventureBarrelCannon__eraseSendID
0001b91c grAdventureBarrelCannon__onGimmickEvent
0001bbb0 grAdventureBarrelCannon__presentShootEvent
0001bd28 gradventurebarrelcannoncpp____sinit_
0001c014 grAdventureBlockMng__create
0001c0cc grAdventureBlockMng____ct
0001c140 grAdventureBlockMng____dt
0001c22c grAdventureBlockMng__createBlock
0001c3dc grAdventureBlockMng__startup
0001cb08 ykDataGroup____ct
0001cb1c soDamageTransactorNull____dt
0001cb5c grAdventureBlockMng__setInitializeInfo
0001cc10 grAdventureBlockMng__getInitializeInfo
0001cce0 grAdventureBlockMng__update
0001cd28 grAdventureBlockMng__onDamage
0001cddc grAdventureBlockMng__requestBuild
0001cdf0 grAdventureBlockMng__requestBuild1
0001ce38 grAdventureBlockMng__requestBreak
0001ce4c grAdventureBlockMng__invalidatedByCameraClipping
0001cfd8 grAdventureBlockMng__createInvalidCameraClippingSphere
0001d200 grAdventureBlockMng__messageBreak
0001d24c grAdventureBlockMng__dbDispInvalidatedByCameraClippingSphere
0001d250 soAnimCmdEventObserver__addObserver
0001d48c soLinkEventObserver__addObserver
0001d6c8 StageObject__isTreadPassive
0001d6d0 StageObject__adjustParentGroundCollision
0001d6d4 StageObject__checkTransitionStatus
0001d6dc StageObject__isActive
0001d6e4 StageObject__getInput
0001d768 Input____dt
0001d7a8 IpNull____dt
0001d7e8 StageObject__processGameProc
0001d7ec soCollisionAttackEventObserver__addObserver
0001da28 Yakumono__initHitPosXWork
0001da2c Yakumono__initAttackPosXWork
0001da30 Yakumono__soGetSubKind
0001da38 Yakumono__soGetKind
0001da40 Yakumono__updatePosture
0001da44 soDamageTransactor__getWeightReactionMul
0001da50 soDamageTransactor__preProcessCheckDamage
0001da58 soDamageTransactorNull__checkDownDamage
0001da60 soDamageTransactorNull__checkNoReaction
0001da68 soDamageTransactorNull__getDamageForReaction
0001da6c soDamageTransactorNull__checkCheer
0001da70 soDamageTransactorNull__getDamageMul
0001da7c soDamageTransactorNull__getReactionMul
0001da88 soDamageTransactorNull__getReactionSub
0001da94 soDamageTransactorNull__setupDamageFlyRollStatus
0001da98 soDamageTransactorNull__setupDamageStatusNoReaction
0001da9c soDamageTransactorNull__setupSpeedDamage
0001daa0 soDamageTransactorNull__setupDamageStatusTurn
0001daa4 soDamageTransactorNull__setupDamageStatusNormal
0001daa8 soDamageTransactorNull__onDamage
0001dab0 soDamageTransactorNull__onCompositionDamageSpeed
0001dab8 soDamageTransactorNull__onGroundDamageAfter
0001dabc soDamageTransactorNull__isCheckGroundDamage
0001dac4 soDamageTransactorNull__setFlagDownDamage3
0001dac8 soDamageTransactorNull__onParalyzeDamage
0001dacc soDamageTransactorNull__onFlowerDamage
0001dad0 soDamageTransactorNull__addSleepTime
0001dad4 soDamageTransactorNull__isParalyzeDamage
0001dadc soDamageTransactorNull__isSleepStatus
0001dae4 soDamageTransactorNull__isSlip
0001daec soDamageTransactorNull__getHitStopMul
0001daf8 soDamageTransactorNull__getDamageHeight
0001db00 soDamageTransactorNull__isApplyTurnDamage
0001db08 soDamageTransactorNull__isUseTurn
0001db10 soDamageTransactorNull__isUseTurnDamage
0001db18 soDamageTransactorNull__getDamageStatusKind
0001db20 soDamageTransactorNull__onDamageChangeStatusRequest
0001db28 soDamageTransactorNull__getDamageValueParam
0001db30 Input__getContNo
0001db38 IpNull__removeRumbleMask
0001db3c IpNull__removeRumbleId
0001db40 IpNull__removeRumble
0001db44 IpNull__stopRumble
0001db48 IpNull__setRumble
0001db4c IpNull__getTrigger
0001db6c IpNull__getButton
0001db74 IpNull__getStickSub
0001db98 IpNull__getStickMain
0001dbbc IpNull__update
0001dbc0 ykNormal_38soCollisionAttackModuleBuildConfigNull_74soCollisionHitModuleBuildConfig_6_24_24_24soC_______dt
0001dcc8 soArrayVector_8soDamage_24_____dt
0001dd30 soArrayVector_19soCollisionHitGroup_24_____dt
0001dd98 soArrayVector_16soCollisionGroup_24_____dt
0001de00 soCollisionHitPart____ct
0001de6c soArrayVector_18soCollisionHitPart_24_____dt
0001ded4 soArrayVector_18soCollisionHitPart_24___getTopIndex
0001dee0 soArrayVector_18soCollisionHitPart_24___getLastIndex
0001def0 soArrayVector_18soCollisionHitPart_24___isFull
0001defc soArrayVector_18soCollisionHitPart_24___capacity
0001df04 clTarget____ct
0001df14 clTarget____dt
0001df54 soArrayVector_8clTarget_6_____dt
0001dfbc soArrayVectorAbstract_18soCollisionHitPart___push
0001e2a0 soArrayFixed_18soCollisionHitPart___isEmpty
0001e2d4 soDamage____ct
0001e2f8 soDamage____dt
0001e338 soArrayVector_8soDamage_24___getTopIndex
0001e344 soArrayVector_8soDamage_24___setTopIndex
0001e354 soArrayVector_8soDamage_24___getLastIndex
0001e364 soArrayVector_8soDamage_24___setLastIndex
0001e374 soArrayVector_8soDamage_24___getArrayValueConst
0001e384 soArrayVector_8soDamage_24___onFull
0001e394 soArrayVector_8soDamage_24___offFull
0001e3a4 soArrayVector_8soDamage_24___isFull
0001e3b0 soArrayVector_8soDamage_24___capacity
0001e3b8 soArrayVector_8soDamage_24___size
0001e3c8 soArrayVector_8soDamage_24___atFastAbstractSub
0001e3f0 soArrayVector_8soDamage_24___setSize
0001e400 soArrayVector_19soCollisionHitGroup_24___getTopIndex
0001e40c soArrayVector_19soCollisionHitGroup_24___setTopIndex
0001e41c soArrayVector_19soCollisionHitGroup_24___getLastIndex
0001e42c soArrayVector_19soCollisionHitGroup_24___setLastIndex
0001e43c soArrayVector_19soCollisionHitGroup_24___getArrayValueConst
0001e44c soArrayVector_19soCollisionHitGroup_24___onFull
0001e45c soArrayVector_19soCollisionHitGroup_24___offFull
0001e46c soArrayVector_19soCollisionHitGroup_24___isFull
0001e478 soArrayVector_19soCollisionHitGroup_24___capacity
0001e480 soArrayVector_19soCollisionHitGroup_24___size
0001e490 soArrayVector_19soCollisionHitGroup_24___atFastAbstractSub
0001e4b8 soArrayVector_19soCollisionHitGroup_24___setSize
0001e4c8 soArrayVector_16soCollisionGroup_24___getTopIndex
0001e4d4 soArrayVector_16soCollisionGroup_24___setTopIndex
0001e4e4 soArrayVector_16soCollisionGroup_24___getLastIndex
0001e4f4 soArrayVector_16soCollisionGroup_24___setLastIndex
0001e504 soArrayVector_16soCollisionGroup_24___getArrayValueConst
0001e514 soArrayVector_16soCollisionGroup_24___onFull
0001e524 soArrayVector_16soCollisionGroup_24___offFull
0001e534 soArrayVector_16soCollisionGroup_24___isFull
0001e540 soArrayVector_16soCollisionGroup_24___capacity
0001e548 soArrayVector_16soCollisionGroup_24___size
0001e558 soArrayVector_16soCollisionGroup_24___atFastAbstractSub
0001e580 soArrayVector_16soCollisionGroup_24___setSize
0001e590 soArrayVector_18soCollisionHitPart_24___setTopIndex
0001e5a0 soArrayVector_18soCollisionHitPart_24___setLastIndex
0001e5b0 soArrayVector_18soCollisionHitPart_24___getArrayValueConst
0001e5c0 soArrayVector_18soCollisionHitPart_24___onFull
0001e5d0 soArrayVector_18soCollisionHitPart_24___offFull
0001e5e0 soArrayVector_18soCollisionHitPart_24___size
0001e5f0 soArrayVector_18soCollisionHitPart_24___atFastAbstractSub
0001e618 soArrayVector_18soCollisionHitPart_24___setSize
0001e628 soArrayVector_8clTarget_6___getTopIndex
0001e634 soArrayVector_8clTarget_6___setTopIndex
0001e644 soArrayVector_8clTarget_6___getLastIndex
0001e654 soArrayVector_8clTarget_6___setLastIndex
0001e664 soArrayVector_8clTarget_6___getArrayValueConst
0001e674 soArrayVector_8clTarget_6___onFull
0001e684 soArrayVector_8clTarget_6___offFull
0001e694 soArrayVector_8clTarget_6___isFull
0001e6a0 soArrayVector_8clTarget_6___capacity
0001e6a8 soArrayVector_8clTarget_6___size
0001e6b8 soArrayVector_8clTarget_6___atFastAbstractSub
0001e6e0 soArrayVector_8clTarget_6___setSize
0001e6f0 soArrayVectorAbstract_8soDamage___at
0001e700 soArrayVectorAbstract_8soDamage___at1
0001e710 soArrayVectorAbstract_8soDamage___unshift
0001e984 soArrayVectorAbstract_8soDamage___shift
0001ea40 soArrayVectorAbstract_8soDamage___push
0001ecb4 soArrayVectorAbstract_8soDamage___pop
0001ed70 soArrayVectorAbstract_8soDamage___insert
0001f008 soArrayVectorAbstract_8soDamage___erase
0001f0e0 soArrayVectorAbstract_8soDamage___set
0001f304 soArrayVectorAbstract_8soDamage___clear
0001f34c soArrayVectorAbstract_8soDamage___isNull
0001f354 soArrayVectorAbstract_8soDamage___substitution
0001f544 soArrayVectorAbstract_19soCollisionHitGroup___at
0001f554 soArrayVectorAbstract_19soCollisionHitGroup___at1
0001f564 soArrayVectorAbstract_19soCollisionHitGroup___unshift
0001f6e0 soArrayVectorAbstract_19soCollisionHitGroup___shift
0001f79c soArrayVectorAbstract_19soCollisionHitGroup___push
0001f918 soArrayVectorAbstract_19soCollisionHitGroup___pop
0001f9d4 soArrayVectorAbstract_19soCollisionHitGroup___insert
0001fb74 soArrayVectorAbstract_19soCollisionHitGroup___erase
0001fc4c soArrayVectorAbstract_19soCollisionHitGroup___set
0001fd78 soArrayVectorAbstract_19soCollisionHitGroup___clear
0001fdc0 soArrayVectorAbstract_19soCollisionHitGroup___isNull
0001fdc8 soArrayVectorAbstract_19soCollisionHitGroup___substitution
0001fec0 soArrayVectorAbstract_16soCollisionGroup___at
0001fed0 soArrayVectorAbstract_16soCollisionGroup___at1
0001fee0 soArrayVectorAbstract_16soCollisionGroup___unshift
000200cc soArrayVectorAbstract_16soCollisionGroup___shift
00020188 soArrayVectorAbstract_16soCollisionGroup___push
00020374 soArrayVectorAbstract_16soCollisionGroup___pop
00020430 soArrayVectorAbstract_16soCollisionGroup___insert
00020640 soArrayVectorAbstract_16soCollisionGroup___erase
00020718 soArrayVectorAbstract_16soCollisionGroup___set
000208b4 soArrayVectorAbstract_16soCollisionGroup___clear
000208fc soArrayVectorAbstract_16soCollisionGroup___isNull
00020904 soArrayVectorAbstract_16soCollisionGroup___substitution
00020a6c soArrayVectorAbstract_18soCollisionHitPart___at
00020a7c soArrayVectorAbstract_18soCollisionHitPart___at1
00020a8c soArrayVectorAbstract_18soCollisionHitPart___unshift
00020d70 soArrayVectorAbstract_18soCollisionHitPart___shift
00020e2c soArrayVectorAbstract_18soCollisionHitPart___pop
00020ee8 soArrayVectorAbstract_18soCollisionHitPart___insert
000211f0 soArrayVectorAbstract_18soCollisionHitPart___erase
000212c8 soArrayVectorAbstract_18soCollisionHitPart___set
0002155c soArrayVectorAbstract_18soCollisionHitPart___clear
000215a4 soArrayVectorAbstract_18soCollisionHitPart___isNull
000215ac soArrayVectorAbstract_18soCollisionHitPart___substitution
0002180c soArrayVectorAbstract_8clTarget___at
0002181c soArrayVectorAbstract_8clTarget___at1
0002182c soArrayVectorAbstract_8clTarget___unshift
00021928 soArrayVectorAbstract_8clTarget___shift
000219e4 soArrayVectorAbstract_8clTarget___push
00021ae0 soArrayVectorAbstract_8clTarget___pop
00021b9c soArrayVectorAbstract_8clTarget___insert
00021cbc soArrayVectorAbstract_8clTarget___erase
00021d94 soArrayVectorAbstract_8clTarget___set
00021e40 soArrayVectorAbstract_8clTarget___clear
00021e88 soArrayVectorAbstract_8clTarget___isNull
00021e90 soArrayVectorAbstract_8clTarget___substitution
00021f08 soArrayFixed_8soDamage___isEmpty
00021f3c soArrayFixed_8clTarget___isEmpty
00021f70 soArrayFixed_19soCollisionHitGroup___isEmpty
00021fa4 soArrayFixed_16soCollisionGroup___isEmpty
00021fd8 soArrayVector_8clTarget_6____4_
00021fe0 soArrayVector_8clTarget_6____4_setLastIndex
00021fe8 soArrayVector_8clTarget_6____4_setTopIndex
00021ff0 soArrayVector_8clTarget_6____4_offFull
00021ff8 soArrayVector_8clTarget_6____4_onFull
00022000 soArrayVectorAbstract_8clTarget____4_substitution
00022008 soArrayVector_18soCollisionHitPart_24____4_
00022010 soArrayVector_18soCollisionHitPart_24____4_setLastIndex
00022018 soArrayVector_18soCollisionHitPart_24____4_setTopIndex
00022020 soArrayVector_18soCollisionHitPart_24____4_offFull
00022028 soArrayVector_18soCollisionHitPart_24____4_onFull
00022030 soArrayVectorAbstract_18soCollisionHitPart____4_substitution
00022038 soArrayVector_16soCollisionGroup_24____4_
00022040 soArrayVector_16soCollisionGroup_24____4_setLastIndex
00022048 soArrayVector_16soCollisionGroup_24____4_setTopIndex
00022050 soArrayVector_16soCollisionGroup_24____4_offFull
00022058 soArrayVector_16soCollisionGroup_24____4_onFull
00022060 soArrayVectorAbstract_16soCollisionGroup____4_substitution
00022068 soArrayVector_19soCollisionHitGroup_24____4_
00022070 soArrayVector_19soCollisionHitGroup_24____4_setLastIndex
00022078 soArrayVector_19soCollisionHitGroup_24____4_setTopIndex
00022080 soArrayVector_19soCollisionHitGroup_24____4_offFull
00022088 soArrayVector_19soCollisionHitGroup_24____4_onFull
00022090 soArrayVectorAbstract_19soCollisionHitGroup____4_substitution
00022098 soArrayVector_8soDamage_24____4_
000220a0 soArrayVector_8soDamage_24____4_setLastIndex
000220a8 soArrayVector_8soDamage_24____4_setTopIndex
000220b0 soArrayVector_8soDamage_24____4_offFull
000220b8 soArrayVector_8soDamage_24____4_onFull
000220c0 soArrayVectorAbstract_8soDamage____4_substitution
000220c8 ykNormal_38soCollisionAttackModuleBuildConfigNull_74soCollisionHitModuleBuildConfig_6_24_24_24soC______64_
000220d0 StageObject___72_notifyEventAnimCmd
000220d8 StageObject___72_isObserv
000220e0 StageObject___84_notifyEventLink
000220e8 Yakumono___100_notifyEventCollisionAttackCheck
000220f0 Yakumono___100_notifyEventCollisionAttack
000220f8 grAdventureBlockSympatheticManager__create
000221a0 grAdventureBlockSympatheticManager__createBlock
0002237c grAdventureBlockSympatheticManager__startup
000224dc grAdventureBlockSympatheticManager__setInitializeFlag
00022584 grAdventureBlockSympatheticManager__update
00022588 grAdventureBlockSympatheticManager__notifyHitCircle
00022614 grAdventureBlockSympatheticManager__invalidatedByCameraClipping
000227a0 grAdventureBlockSympatheticManager__createInvalidCameraClippingSphere
000229ac grAdventureBlockSympatheticManager____dt
00022ad0 grGimmickBlockSympathetic____dt
00022b28 gradventureblockpossympatheticcpp____sinit_
00022e14 grAdventureBlockSympatheticManager___332_notifyHitCircle
00022e1c grAdventureBlockSympatheticManager___332_
00022e24 grGimmickBlock__create
00022ed0 grGimmickBlock____ct
00022f2c grGimmickBlock____dt
00022f84 grGimmickBlock__startup
0002353c grGimmickBlock__update
0002354c grGimmickBlock__requestBreak
000235ec grGimmickBlock__breakBlock
0002363c grGimmickBlock__invalidatedByCameraClipping
00023640 grGimmickBlock__dbDispInvalidatedByCameraClippingSphere
00023644 grGimmickBlock__receiveCollMsg_Attack
00023690 grGimmickBlockSympathetic__create
00023720 grGimmickBlockSympathetic__startup
00023cac grGimmickBlockSympathetic__update
00023cbc grGimmickBlockSympathetic__requestBreak
00023d38 grGimmickBlockSympathetic__invalidatedByCameraClipping
00023d3c grGimmickBlockSympathetic__dbDispInvalidatedByCameraClippingSphere
00023d40 grAdventureAttackSwitch__create
00023e04 grAdventureAttackSwitch____ct
00023e68 grAdventureAttackSwitch____dt
00023ec0 grAdventureAttackSwitch__startup
000243d0 grAdventureAttackSwitch__update
0002448c grAdventureAttackSwitch__setOn
0002453c grAdventureAttackSwitch__setOff
00024590 grAdventureAttackSwitch__onDamage
00024624 ykNormal_38soCollisionAttackModuleBuildConfigNull_72soCollisionHitModuleBuildConfig_6_1_1_24soCol_______dt
0002472c soArrayVector_8soDamage_1_____dt
00024794 soArrayVector_19soCollisionHitGroup_1_____dt
000247fc soArrayVector_16soCollisionGroup_1_____dt
00024864 soArrayVector_18soCollisionHitPart_1_____dt
000248cc soArrayVector_18soCollisionHitPart_1___getTopIndex
000248d8 soArrayVector_18soCollisionHitPart_1___getLastIndex
000248e8 soArrayVector_18soCollisionHitPart_1___isFull
000248f4 soArrayVector_18soCollisionHitPart_1___capacity
000248fc soArrayVector_8soDamage_1___getTopIndex
00024908 soArrayVector_8soDamage_1___setTopIndex
00024918 soArrayVector_8soDamage_1___getLastIndex
00024928 soArrayVector_8soDamage_1___setLastIndex
00024938 soArrayVector_8soDamage_1___getArrayValueConst
00024948 soArrayVector_8soDamage_1___onFull
00024958 soArrayVector_8soDamage_1___offFull
00024968 soArrayVector_8soDamage_1___isFull
00024974 soArrayVector_8soDamage_1___capacity
0002497c soArrayVector_8soDamage_1___size
0002498c soArrayVector_8soDamage_1___atFastAbstractSub
000249b4 soArrayVector_8soDamage_1___setSize
000249c4 soArrayVector_19soCollisionHitGroup_1___getTopIndex
000249d0 soArrayVector_19soCollisionHitGroup_1___setTopIndex
000249e0 soArrayVector_19soCollisionHitGroup_1___getLastIndex
000249f0 soArrayVector_19soCollisionHitGroup_1___setLastIndex
00024a00 soArrayVector_19soCollisionHitGroup_1___getArrayValueConst
00024a10 soArrayVector_19soCollisionHitGroup_1___onFull
00024a20 soArrayVector_19soCollisionHitGroup_1___offFull
00024a30 soArrayVector_19soCollisionHitGroup_1___isFull
00024a3c soArrayVector_19soCollisionHitGroup_1___capacity
00024a44 soArrayVector_19soCollisionHitGroup_1___size
00024a54 soArrayVector_19soCollisionHitGroup_1___atFastAbstractSub
00024a7c soArrayVector_19soCollisionHitGroup_1___setSize
00024a8c soArrayVector_16soCollisionGroup_1___getTopIndex
00024a98 soArrayVector_16soCollisionGroup_1___setTopIndex
00024aa8 soArrayVector_16soCollisionGroup_1___getLastIndex
00024ab8 soArrayVector_16soCollisionGroup_1___setLastIndex
00024ac8 soArrayVector_16soCollisionGroup_1___getArrayValueConst
00024ad8 soArrayVector_16soCollisionGroup_1___onFull
00024ae8 soArrayVector_16soCollisionGroup_1___offFull
00024af8 soArrayVector_16soCollisionGroup_1___isFull
00024b04 soArrayVector_16soCollisionGroup_1___capacity
00024b0c soArrayVector_16soCollisionGroup_1___size
00024b1c soArrayVector_16soCollisionGroup_1___atFastAbstractSub
00024b44 soArrayVector_16soCollisionGroup_1___setSize
00024b54 soArrayVector_18soCollisionHitPart_1___setTopIndex
00024b64 soArrayVector_18soCollisionHitPart_1___setLastIndex
00024b74 soArrayVector_18soCollisionHitPart_1___getArrayValueConst
00024b84 soArrayVector_18soCollisionHitPart_1___onFull
00024b94 soArrayVector_18soCollisionHitPart_1___offFull
00024ba4 soArrayVector_18soCollisionHitPart_1___size
00024bb4 soArrayVector_18soCollisionHitPart_1___atFastAbstractSub
00024bdc soArrayVector_18soCollisionHitPart_1___setSize
00024bec soArrayVector_18soCollisionHitPart_1____4_
00024bf4 soArrayVector_18soCollisionHitPart_1____4_setLastIndex
00024bfc soArrayVector_18soCollisionHitPart_1____4_setTopIndex
00024c04 soArrayVector_18soCollisionHitPart_1____4_offFull
00024c0c soArrayVector_18soCollisionHitPart_1____4_onFull
00024c14 soArrayVector_16soCollisionGroup_1____4_
00024c1c soArrayVector_16soCollisionGroup_1____4_setLastIndex
00024c24 soArrayVector_16soCollisionGroup_1____4_setTopIndex
00024c2c soArrayVector_16soCollisionGroup_1____4_offFull
00024c34 soArrayVector_16soCollisionGroup_1____4_onFull
00024c3c soArrayVector_19soCollisionHitGroup_1____4_
00024c44 soArrayVector_19soCollisionHitGroup_1____4_setLastIndex
00024c4c soArrayVector_19soCollisionHitGroup_1____4_setTopIndex
00024c54 soArrayVector_19soCollisionHitGroup_1____4_offFull
00024c5c soArrayVector_19soCollisionHitGroup_1____4_onFull
00024c64 soArrayVector_8soDamage_1____4_
00024c6c soArrayVector_8soDamage_1____4_setLastIndex
00024c74 soArrayVector_8soDamage_1____4_setTopIndex
00024c7c soArrayVector_8soDamage_1____4_offFull
00024c84 soArrayVector_8soDamage_1____4_onFull
00024c8c ykNormal_38soCollisionAttackModuleBuildConfigNull_72soCollisionHitModuleBuildConfig_6_1_1_24soCol______64_
00024c94 grAdventureDoor__create
00024d80 grAdventureDoor__setJumpData
00024d88 grAdventureDoor____ct
00024e00 grAdventureDoor____dt
00024e58 grAdventureDoor__startup
000251d4 grAdventureDoor__setInitializeFlag
00025270 grAdventureDoor__update
000253c0 grAdventureDoor__onGimmickEvent
00025600 grAdventureDoor__openTheDoor
0002567c grAdventureDoor__EachDoorTypeEffect
000257e0 gradventuredoorcpp____sinit_
00025acc grAdventureMotionPunchSlider__create
00025b58 grAdventureMotionPunchSlider____dt
00025bb0 grAdventureMotionPunchSlider__setCulcCallback
00025d48 grAdventureMotionPunchSlider__updateMove
00025e18 gradventuremotionpunchslidercpp____sinit_
00026104 grAdventureMove4Ground__create
000261b4 grAdventureMove4Ground____dt
0002620c grAdventureMove4Ground__startup
00026a48 grAdventureMove4Ground__setInitializeFlag
00026b78 grAdventureMove4Ground__changePath
00026be4 grAdventureMove4Ground__stopPath
00026c04 grAdventureMove4Ground__update
00026c3c grAdventureMove4Ground__setVisibility
00026c40 grAdventureMove4Ground__receiveCollMsg_Landing
00026cc4 gradventuremove4groundcpp____sinit_
00026fb0 grAdventureBreakFloor__create
00027054 grAdventureBreakFloor____dt
000270ac grAdventureBreakFloor__startup
000273f8 grAdventureBreakFloor__setInitializeFlag
00027494 grAdventureBreakFloor__update
000276d0 grAdventureBreakFloor__receiveCollMsg_Landing
00027748 grAdventureMoveAttackGround__create
00027800 grAdventureMoveAttackGround____ct
00027868 grAdventureMoveAttackGround____dt
000278c0 grAdventureMoveAttackGround__startup
00027cec soCollisionAttackAbsolute____dt
00027d2c grAdventureMoveAttackGround__setAttackMoveGround
00027d48 grAdventureMoveAttackGround__update
00027e5c grAdventureMoveAttackGround__setEffect
00027e98 grAdventureMoveAttackGround__setValid
00027f04 grAdventureMoveAttackGround__setValidAttachedEffect
00027f70 grAdventureMoveAttackGround__setVisibilityByClipping
00028018 ykNormal_77soCollisionAttackModuleBuildConfig_6_1_0_27soCollisionAttackModuleImpl_1_0_1__35soColl_______dt
000280dc soArrayNull_8soDamage_____dt
0002811c soArrayNull_25soCollisionAttackAbsolute_____dt
0002815c soCollisionAttackPart____ct
000281e8 soArrayVector_21soCollisionAttackPart_1_____dt
00028250 soArrayVector_21soCollisionAttackPart_1___getTopIndex
0002825c soArrayVector_21soCollisionAttackPart_1___getLastIndex
0002826c soArrayVector_21soCollisionAttackPart_1___isFull
00028278 soArrayVector_21soCollisionAttackPart_1___capacity
00028280 soArrayVector_8clTarget_7_____dt
000282e8 soArrayVectorAbstract_21soCollisionAttackPart___push
00028604 soArrayFixed_21soCollisionAttackPart___isEmpty
00028638 soArrayNull_8soDamage___at
000286b8 soArrayNull_8soDamage___at1
00028738 soArrayNull_8soDamage___size
00028740 soArrayNull_8soDamage___shift
00028744 soArrayNull_8soDamage___pop
00028748 soArrayNull_8soDamage___clear
0002874c soArrayNull_8soDamage___unshift
00028750 soArrayNull_8soDamage___push
00028754 soArrayNull_8soDamage___insert
00028758 soArrayNull_8soDamage___erase
0002875c soArrayNull_8soDamage___capacity
00028764 soArrayNull_8soDamage___isFull
0002876c soArrayNull_8soDamage___set
00028770 soArrayNull_8soDamage___isNull
00028778 soArrayNull_25soCollisionAttackAbsolute___at
000287f8 soArrayNull_25soCollisionAttackAbsolute___at1
00028878 soArrayNull_25soCollisionAttackAbsolute___size
00028880 soArrayNull_25soCollisionAttackAbsolute___shift
00028884 soArrayNull_25soCollisionAttackAbsolute___pop
00028888 soArrayNull_25soCollisionAttackAbsolute___clear
0002888c soArrayNull_25soCollisionAttackAbsolute___unshift
00028890 soArrayNull_25soCollisionAttackAbsolute___push
00028894 soArrayNull_25soCollisionAttackAbsolute___insert
00028898 soArrayNull_25soCollisionAttackAbsolute___erase
0002889c soArrayNull_25soCollisionAttackAbsolute___capacity
000288a4 soArrayNull_25soCollisionAttackAbsolute___isFull
000288ac soArrayNull_25soCollisionAttackAbsolute___set
000288b0 soArrayNull_25soCollisionAttackAbsolute___isNull
000288b8 soArrayVector_21soCollisionAttackPart_1___setTopIndex
000288c8 soArrayVector_21soCollisionAttackPart_1___setLastIndex
000288d8 soArrayVector_21soCollisionAttackPart_1___getArrayValueConst
000288e8 soArrayVector_21soCollisionAttackPart_1___onFull
000288f8 soArrayVector_21soCollisionAttackPart_1___offFull
00028908 soArrayVector_21soCollisionAttackPart_1___size
00028918 soArrayVector_21soCollisionAttackPart_1___atFastAbstractSub
00028940 soArrayVector_21soCollisionAttackPart_1___setSize
00028950 soArrayVector_8clTarget_7___getTopIndex
0002895c soArrayVector_8clTarget_7___setTopIndex
0002896c soArrayVector_8clTarget_7___getLastIndex
0002897c soArrayVector_8clTarget_7___setLastIndex
0002898c soArrayVector_8clTarget_7___getArrayValueConst
0002899c soArrayVector_8clTarget_7___onFull
000289ac soArrayVector_8clTarget_7___offFull
000289bc soArrayVector_8clTarget_7___isFull
000289c8 soArrayVector_8clTarget_7___capacity
000289d0 soArrayVector_8clTarget_7___size
000289e0 soArrayVector_8clTarget_7___atFastAbstractSub
00028a08 soArrayVector_8clTarget_7___setSize
00028a18 soArrayVectorAbstract_21soCollisionAttackPart___at
00028a28 soArrayVectorAbstract_21soCollisionAttackPart___at1
00028a38 soArrayVectorAbstract_21soCollisionAttackPart___unshift
00028d54 soArrayVectorAbstract_21soCollisionAttackPart___shift
00028e10 soArrayVectorAbstract_21soCollisionAttackPart___pop
00028ecc soArrayVectorAbstract_21soCollisionAttackPart___insert
0002920c soArrayVectorAbstract_21soCollisionAttackPart___erase
000292e4 soArrayVectorAbstract_21soCollisionAttackPart___set
000295b0 soArrayVectorAbstract_21soCollisionAttackPart___clear
000295f8 soArrayVectorAbstract_21soCollisionAttackPart___isNull
00029600 soArrayVectorAbstract_21soCollisionAttackPart___substitution
00029898 soArrayFixed_25soCollisionAttackAbsolute___isEmpty
000298cc soArrayVector_8clTarget_7____4_
000298d4 soArrayVector_8clTarget_7____4_setLastIndex
000298dc soArrayVector_8clTarget_7____4_setTopIndex
000298e4 soArrayVector_8clTarget_7____4_offFull
000298ec soArrayVector_8clTarget_7____4_onFull
000298f4 soArrayVector_21soCollisionAttackPart_1____4_
000298fc soArrayVector_21soCollisionAttackPart_1____4_setLastIndex
00029904 soArrayVector_21soCollisionAttackPart_1____4_setTopIndex
0002990c soArrayVector_21soCollisionAttackPart_1____4_offFull
00029914 soArrayVector_21soCollisionAttackPart_1____4_onFull
0002991c soArrayVectorAbstract_21soCollisionAttackPart____4_substitution
00029924 ykNormal_77soCollisionAttackModuleBuildConfig_6_1_0_27soCollisionAttackModuleImpl_1_0_1__35soColl______64_
0002992c grAdventureMoveCircleAttackGround__create
000299e4 grAdventureNotifyGimmickTriggerStatus____dt
00029a24 grAdventureMoveCircleAttackGround__startup
00029c44 grAdventureMoveCircleAttackGround__update
00029cac grAdventureMoveCircleAttackGround__setInitializeFlag
00029da4 grAdventureMoveCircleAttackGround__notifyEventOnTrigger
00029db8 grAdventureMoveCircleAttackGround____dt
00029e20 grAdventureMoveCircleAttackGround__notifyEventOffTrigger
00029e24 grAdventureMoveCircleAttackGround__notifyHitCircle
00029e28 gradventuremovecircleattackgroundcpp____sinit_
0002a114 grAdventureMoveCircleAttackGround___332_notifyHitCircle
0002a11c grAdventureMoveCircleAttackGround___332_
0002a124 grAdventureMoveCircleAttackGround___340_notifyEventOffTrigger
0002a12c grAdventureMoveCircleAttackGround___340_notifyEventOnTrigger
0002a134 grAdventureMoveCircleAttackGround___340_
0002a13c grAdventureFallingRock__create
0002a1e0 grAdventureFallingRock__startup
0002a214 grAdventureFallingRock__update
0002a490 grAdventureFallingRock____dt
0002a4e8 grAdventureMotionAttackGround__create
0002a584 grAdventureMotionAttackGround____ct
0002a5d0 grAdventureMotionAttackGround____dt
0002a628 grAdventureMotionAttackGround__startup
0002aa54 grAdventureMotionAttackGround__setMotionAttack
0002aa70 grAdventureMotionAttackGround__setValid
0002aad0 grAdventureMotionAttackGround__setValidAttachedEffect
0002ab30 gradventuremotionattackgroundcpp____sinit_
0002af48 grAdventureFirePillar__create
0002b048 grAdventureFirePillar__startup
0002bb30 grAdventureFirePillar__gimmickStop
0002bc3c grAdventureFirePillar__update
0002bd0c grAdventureFirePillar__frowStarting
0002bed4 grAdventureFirePillar__frowStarted
0002bf08 grAdventureFirePillar__frowStopping
0002c0b0 grAdventureFirePillar__frowStopped
0002c1a8 grAdventureFirePillar__updateStatus
0002c1ac grAdventureFirePillar__notifyEventOnTrigger
0002c1f8 grAdventureFirePillar__notifyEventOffTrigger
0002c2d4 grAdventureFirePillar__dbDispInvalidatedByCameraClippingSphere
0002c2d8 grAdventureFirePillar____dt
0002c330 gradventurefirepillarcpp____sinit_
0002c61c grAdventureFirePillar___352_updateStatus
0002c624 grAdventureFirePillar___352_notifyEventOffTrigger
0002c62c grAdventureFirePillar___352_notifyEventOnTrigger
0002c634 grAdventureFirePillar___352_
0002c63c grAdventureTruck__create
0002c708 grAdventureTruck____dt
0002c760 grAdventureTruck__startup
0002ce34 grAdventureTruck__startupSoundEffect
0002d1ac grAdventureTruck__setInitializeFlag
0002d248 grAdventureTruck__update
0002d3a8 grAdventureTruck__processFixPosition
0002d748 grAdventureTruck__startTruck
0002d8f4 grAdventureTruck__onGimmickEvent
0002da58 grAdventureTruck__setVisibilityByClipping
0002daac grAdventureTruck__setVisibilityAttachedEffect
0002db38 gradventuretruckcpp____sinit_
0002de24 grAdventureStaticModel__create
0002deb8 grAdventureStaticModel____dt
0002df10 grAdventureStaticModel__startup
0002dfb0 gradventurestaticcpp____sinit_
0002e29c grAdventureRebirthPos__create
0002e354 grAdventureRebirthPos____dt
0002e3c8 grAdventureRebirthPos__update
0002e3cc grAdventureRebirthPos__getRebirthPointData
0002e3dc grAdventureRebirthPos__setRebirthPosData
0002e564 grAdventureNotifyGimmickTriggerStatus__createGimmickStatusTrigger
0002e60c grAdventureNotifyGimmickTriggerStatus__setGimmickStatus
0002e624 grAdventureNotifyGimmickTriggerStatus__updateStatus
0002e628 gradventurenotifygimmictriggerstatuscpp____sinit_
0002e914 grAdventureMine__create
0002e9c4 grAdventureMine__startup
0002eaf8 grAdventureMine__processUpdate
0002eb0c grAdventureMine__update
0002eb44 grAdventureMine__callWarning
0002ec24 grAdventureMine__callCancelWarning
0002ece4 grAdventureMine__callBreak
0002ed44 grAdventureMine____dt
0002ed9c grAdventureMineManager__create
0002efc0 grAdventureMineManager__startup
0002fa98 grAdventureMineManager__update
0002fc14 grAdventureMineManager__chSympatheticDetonation
0002fdc4 grAdventureMineManager__chWarning
0002ff44 grAdventureMineManager__onDamage
0003001c grAdventureMineManager__onInflict
00030044 grAdventureMineManager__frowStandby
00030048 grAdventureMineManager__frowExplosion
00030104 grAdventureMineManager__frowExploding
000301b0 grAdventureMineManager__frowEnding
000301b4 grAdventureMineManager__isEnableAttackPersonAttacked
00030264 grAdventureMineManager__invalidatedByCameraClipping
00030414 grAdventureMineManager__createInvalidCameraClippingSphere
00030608 grAdventureMineManager__dbDispInvalidatedByCameraClippingSphere
0003060c grAdventureMineManager____dt
00030664 ykNormal_79soCollisionAttackModuleBuildConfig_6_13_0_27soCollisionAttackModuleImpl_13_0_1__74soCo_______dt
000307c0 soArrayVector_8soDamage_13_____dt
00030828 soArrayVector_19soCollisionHitGroup_13_____dt
00030890 soArrayVector_18soCollisionHitPart_13_____dt
000308f8 soArrayVector_18soCollisionHitPart_13___getTopIndex
00030904 soArrayVector_18soCollisionHitPart_13___getLastIndex
00030914 soArrayVector_18soCollisionHitPart_13___isFull
00030920 soArrayVector_18soCollisionHitPart_13___capacity
00030928 soArrayVector_16soCollisionGroup_13_____dt
00030990 soArrayVector_21soCollisionAttackPart_13_____dt
000309f8 soArrayVector_21soCollisionAttackPart_13___getTopIndex
00030a04 soArrayVector_21soCollisionAttackPart_13___getLastIndex
00030a14 soArrayVector_21soCollisionAttackPart_13___isFull
00030a20 soArrayVector_21soCollisionAttackPart_13___capacity
00030a28 soArrayVector_8soDamage_13___getTopIndex
00030a34 soArrayVector_8soDamage_13___setTopIndex
00030a44 soArrayVector_8soDamage_13___getLastIndex
00030a54 soArrayVector_8soDamage_13___setLastIndex
00030a64 soArrayVector_8soDamage_13___getArrayValueConst
00030a74 soArrayVector_8soDamage_13___onFull
00030a84 soArrayVector_8soDamage_13___offFull
00030a94 soArrayVector_8soDamage_13___isFull
00030aa0 soArrayVector_8soDamage_13___capacity
00030aa8 soArrayVector_8soDamage_13___size
00030ab8 soArrayVector_8soDamage_13___atFastAbstractSub
00030ae0 soArrayVector_8soDamage_13___setSize
00030af0 soArrayVector_19soCollisionHitGroup_13___getTopIndex
00030afc soArrayVector_19soCollisionHitGroup_13___setTopIndex
00030b0c soArrayVector_19soCollisionHitGroup_13___getLastIndex
00030b1c soArrayVector_19soCollisionHitGroup_13___setLastIndex
00030b2c soArrayVector_19soCollisionHitGroup_13___getArrayValueConst
00030b3c soArrayVector_19soCollisionHitGroup_13___onFull
00030b4c soArrayVector_19soCollisionHitGroup_13___offFull
00030b5c soArrayVector_19soCollisionHitGroup_13___isFull
00030b68 soArrayVector_19soCollisionHitGroup_13___capacity
00030b70 soArrayVector_19soCollisionHitGroup_13___size
00030b80 soArrayVector_19soCollisionHitGroup_13___atFastAbstractSub
00030ba8 soArrayVector_19soCollisionHitGroup_13___setSize
00030bb8 soArrayVector_18soCollisionHitPart_13___setTopIndex
00030bc8 soArrayVector_18soCollisionHitPart_13___setLastIndex
00030bd8 soArrayVector_18soCollisionHitPart_13___getArrayValueConst
00030be8 soArrayVector_18soCollisionHitPart_13___onFull
00030bf8 soArrayVector_18soCollisionHitPart_13___offFull
00030c08 soArrayVector_18soCollisionHitPart_13___size
00030c18 soArrayVector_18soCollisionHitPart_13___atFastAbstractSub
00030c40 soArrayVector_18soCollisionHitPart_13___setSize
00030c50 soArrayVector_16soCollisionGroup_13___getTopIndex
00030c5c soArrayVector_16soCollisionGroup_13___setTopIndex
00030c6c soArrayVector_16soCollisionGroup_13___getLastIndex
00030c7c soArrayVector_16soCollisionGroup_13___setLastIndex
00030c8c soArrayVector_16soCollisionGroup_13___getArrayValueConst
00030c9c soArrayVector_16soCollisionGroup_13___onFull
00030cac soArrayVector_16soCollisionGroup_13___offFull
00030cbc soArrayVector_16soCollisionGroup_13___isFull
00030cc8 soArrayVector_16soCollisionGroup_13___capacity
00030cd0 soArrayVector_16soCollisionGroup_13___size
00030ce0 soArrayVector_16soCollisionGroup_13___atFastAbstractSub
00030d08 soArrayVector_16soCollisionGroup_13___setSize
00030d18 soArrayVector_21soCollisionAttackPart_13___setTopIndex
00030d28 soArrayVector_21soCollisionAttackPart_13___setLastIndex
00030d38 soArrayVector_21soCollisionAttackPart_13___getArrayValueConst
00030d48 soArrayVector_21soCollisionAttackPart_13___onFull
00030d58 soArrayVector_21soCollisionAttackPart_13___offFull
00030d68 soArrayVector_21soCollisionAttackPart_13___size
00030d78 soArrayVector_21soCollisionAttackPart_13___atFastAbstractSub
00030da0 soArrayVector_21soCollisionAttackPart_13___setSize
00030db0 gradventureminemanagercpp____sinit_
0003109c soArrayVector_21soCollisionAttackPart_13____4_
000310a4 soArrayVector_21soCollisionAttackPart_13____4_setLastIndex
000310ac soArrayVector_21soCollisionAttackPart_13____4_setTopIndex
000310b4 soArrayVector_21soCollisionAttackPart_13____4_offFull
000310bc soArrayVector_21soCollisionAttackPart_13____4_onFull
000310c4 soArrayVector_16soCollisionGroup_13____4_
000310cc soArrayVector_16soCollisionGroup_13____4_setLastIndex
000310d4 soArrayVector_16soCollisionGroup_13____4_setTopIndex
000310dc soArrayVector_16soCollisionGroup_13____4_offFull
000310e4 soArrayVector_16soCollisionGroup_13____4_onFull
000310ec soArrayVector_18soCollisionHitPart_13____4_
000310f4 soArrayVector_18soCollisionHitPart_13____4_setLastIndex
000310fc soArrayVector_18soCollisionHitPart_13____4_setTopIndex
00031104 soArrayVector_18soCollisionHitPart_13____4_offFull
0003110c soArrayVector_18soCollisionHitPart_13____4_onFull
00031114 soArrayVector_19soCollisionHitGroup_13____4_
0003111c soArrayVector_19soCollisionHitGroup_13____4_setLastIndex
00031124 soArrayVector_19soCollisionHitGroup_13____4_setTopIndex
0003112c soArrayVector_19soCollisionHitGroup_13____4_offFull
00031134 soArrayVector_19soCollisionHitGroup_13____4_onFull
0003113c soArrayVector_8soDamage_13____4_
00031144 soArrayVector_8soDamage_13____4_setLastIndex
0003114c soArrayVector_8soDamage_13____4_setTopIndex
00031154 soArrayVector_8soDamage_13____4_offFull
0003115c soArrayVector_8soDamage_13____4_onFull
00031164 ykNormal_79soCollisionAttackModuleBuildConfig_6_13_0_27soCollisionAttackModuleImpl_13_0_1__74soCo______64_
0003116c grAdventureShutter__create
00031200 grAdventureShutter____dt
00031258 grAdventureShutter__startup
000317a8 grAdventureShutter__createMoveGroundMotionPath
0003183c grAdventureShutter__update
00031a54 gradventureshuttercpp____sinit_
00031d40 grAdventureMoveAttackTriggerOnce__create
00031dd4 grAdventureMoveAttackTriggerOnce__startup
00031e1c grAdventureMoveAttackTriggerOnce__update
00031f14 grAdventureMoveAttackTriggerOnce__frowStandby
00031f18 grAdventureMoveAttackTriggerOnce__frowStart
00031f64 grAdventureMoveAttackTriggerOnce__frowMoving
00031fbc grAdventureMoveAttackTriggerOnce__frowStopped
00031fc4 grAdventureMoveAttackTriggerOnce____dt
0003201c gradventuremoveattacktriggeroncecpp____sinit_
00032308 grAdventureAttackSwitchOnce__create
000323a4 grAdventureAttackSwitchOnce__startup
0003254c grAdventureAttackSwitchOnce__update
00032594 grAdventureAttackSwitchOnce__setSimpleEffectVisibleProduction
000325f8 grAdventureAttackSwitchOnce__setInitializeFlag
00032698 grAdventureAttackSwitchOnce__onDamage
00032740 grAdventureAttackSwitchOnce____dt
00032798 grAdventureRingLift__create
0003283c grAdventureRingLift__startup
00032bc8 grAdventureRingLift__update
00032c6c grAdventureRingLift__frowPreparation
00032c70 grAdventureRingLift__frowEntry
00032d48 grAdventureRingLift__frowStandby
00032d4c grAdventureRingLift__frowStart
00032e28 grAdventureRingLift__frowMoving
00032f14 grAdventureRingLift__frowStop
00032fd0 grAdventureRingLift__updateCallback
00033050 grAdventureRingLift__receiveCollMsg_Landing
000330dc grAdventureRingLift__notifyEventOnTrigger
00033148 grAdventureRingLift__notifyEventOffTrigger
0003314c grAdventureRingLift____dt
000331a4 gradventureringliftcpp____sinit_
00033490 grAdventureRingLift___340_notifyEventOffTrigger
00033498 grAdventureRingLift___340_notifyEventOnTrigger
000334a0 grAdventureRingLift___340_
000334a8 grAdventureMotionGroundAttach__create
00033554 grAdventureMotionGroundAttach__startup
00033668 grAdventureMotionGroundAttach__update
000336c0 grAdventureMotionGroundAttach__setInitializeFlag
000337d8 grAdventureMotionGroundAttach__receiveCollMsg_Landing
0003383c grAdventureMotionGround__setMotionAttack
00033840 grAdventureMotionGroundAttach____dt
00033898 gradventuremotiongroundattachcpp____sinit_
00033b84 grAdventureElevator__create
00033c30 grAdventureElevator____dt
00033cb0 grAdventureElevator__startup
00034090 grAdventureElevator__getFloorData
000344d8 std40vector_5Vec3f_Q23s__sort_Q23std73
00034a34 std40vector_5Vec3f_Q23s__sort_Q23std731
00034f90 std40vector_5Vec3f_Q23s____sort132_R8vecYsoat_Q23std73
00035150 grAdventureElevator__update
000351ec grAdventureElevator__processFixPosition
000352bc grAdventureElevator__setMoveParameter
000353b4 grAdventureElevator__getNextFloorTime
000354a0 grAdventureElevator__moveFloor
000356ac grAdventureElevator__onGimmickEvent
000357e0 gradventureelevatorcpp____sinit_
00035acc grAdventureEnemyCreator__create
00035b90 grAdventureEnemyCreator____dt
00035be8 grAdventureEnemyCreator__startup
00036630 grAdventureEnemyCreator__setInitializeFlag
00036744 grAdventureEnemyCreator__update
000369c0 grAdventureEnemyCreator__setValid
00036a14 grAdventureEnemyCreator__setValidAttachedEffect
00036a68 grAdventureEnemyCreator__onDamage
00036dc0 ykNormal_38soCollisionAttackModuleBuildConfigNull_72soCollisionHitModuleBuildConfig_1_1_1_24soCol_______dt
00036ec8 gradventureenemycreatorcpp____sinit_
000371b4 ykNormal_38soCollisionAttackModuleBuildConfigNull_72soCollisionHitModuleBuildConfig_1_1_1_24soCol______64_
000371bc grAdventureElasticity__create
0003726c grAdventureElasticity____dt
000372c4 grAdventureElasticity__startup
00037494 grAdventureElasticity__update
000375f8 grAdventureElasticity__receiveCollMsg_Landing
00037768 grAdventureElasticity__setVisibility
0003776c grAdventureTikuwa__create
00037814 grAdventureTikuwa____dt
0003786c grAdventureTikuwa__startup
000379b0 grAdventureTikuwa__update
00037d34 grAdventureTikuwa__receiveCollMsg_Landing
00037db8 grAdventureTikuwa__setVisibility
00037dbc grAdventureWarpZone__create
00037e50 grAdventureWarpZone____dt
00037ea8 grAdventureWarpZone__processFixPosition
00038124 grAdventureWarpZone__onGimmickEvent
0003819c gradventurewarpzonecpp____sinit_
00038488 grAdventurKingStatue__create
00038558 grAdventurKingStatue____dt
000385b0 grAdventurKingStatue__startup
00038c98 nw4r4math5_VEC3FRCQ34nw4r4math5_VE____as
00038cb4 Vec3f____ct2
00038cc4 Ground__getModel
00038cd4 nw4r3g3d9ResAnmChrCFv__GetNumFrame
00038ce0 gfTask__addChild
00038d14 gradventurekingstatue__GmGetAdventureGameLevel
00038d5c grGimmick__setGimmickSoundID
00038db8 grGimmick__setGimmickEffectID
00038ea0 grGimmick__setGimmickSoundID1
00038f14 grGimmick__setGimmickEffectID1
00039014 grYakumono__getYakumono
0003901c nw4r3g3d6G3dObjFPQ34nw4r3g3d6G3dOb__DynamicCast_PQ34nw4r3g3d6ScnMdl_
00039098 ykNormal_77soCollisionAttackModuleBuildConfig_6_1_0_27soCollisionAttackModuleImpl_1_0_1__72soColl_______ct
000395f8 grAdventurKingStatue__update
00039b68 grAdventurKingStatue__setAttackMoveGround
00039c14 grAdventurKingStatue__onDamage
00039c78 ykNormal_77soCollisionAttackModuleBuildConfig_6_1_0_27soCollisionAttackModuleImpl_1_0_1__72soColl_______dt
00039dd4 gradventurekingstatuecpp____sinit_
0003a0c0 ykNormal_77soCollisionAttackModuleBuildConfig_6_1_0_27soCollisionAttackModuleImpl_1_0_1__72soColl______64_
0003a0c8 grAdventureDoorBombFactory____ct
0003a10c grAdventureDoorBombFactory____dt
0003a164 grAdventureDoorBombFactory__create
0003a21c grAdventureDoorBombFactory__startup
0003a264 grAdventureDoorBombFactory__update
0003a29c grAdventureDoorBombFactory__openTheDoor
0003a2f4 grAdventureDoorThreePin____dt
0003a34c grAdventureDoorThreePin__create
0003a420 grAdventureDoorThreePin__startup
0003a588 grAdventureDoorThreePin__setInitializeFlag
0003a694 grAdventureDoorThreePin__update
0003a698 grAdventureDoorThreePin__offTurningMaterial
0003aa10 grAdventureDoorThreePin__getOnTurningMaterial
0003aec4 grAdventureDoorThreePin__onTurningMaterial
0003b0a4 grAdventureDoorThreePin__notifyEventOnTrigger
0003b10c grAdventureDoorThreePin__notifyEventOffTrigger
0003b110 grAdventureDoorThreePin__setValidAttachedEffect
0003b1dc gradventuredoorthreepincpp____sinit_
0003b4c8 grAdventureDoorThreePin___424_notifyEventOffTrigger
0003b4d0 grAdventureDoorThreePin___424_notifyEventOnTrigger
0003b4d8 grAdventureDoorThreePin___424_
0003b4e0 grAdventureDoorBoss____dt
0003b538 grAdventureDoorBoss__create
0003b618 grAdventureDoorBoss__startup
0003b794 grAdventureDoorBoss__processAnim
0003b884 grAdventureDoorBoss__setInitializeFlag
0003b8f8 grAdventureDoorBoss__update
0003bb24 grAdventureDoorBoss__getNextDoorFrame
0003bc3c grAdventureDoorBoss__openTheDoor
0003bca4 gradventuredoorbosscpp____sinit_
0003bf90 grAdventureSavePoint__create
0003c03c grAdventureSavePoint____dt
0003c094 grAdventureSavePoint__startup
0003c188 grAdventureSavePoint__update
0003c24c grAdventureSavePoint__onGimmickEvent
0003c2a4 gradventuresavepointcpp____sinit_
0003c590 grAdventureNewItemBox__create
0003c660 grAdventureNewItemBox____dt
0003c6c8 grAdventureNewItemBox__startup
0003cf7c grNodeCallbackData____ct
0003cf80 grAdventureNewItemBox__setInitializeFlag
0003d05c grAdventureNewItemBox__update
0003d0ec grAdventureNewItemBox__onDamage
0003d138 grAdventureNewItemBox__requestBreak
0003d49c grAdventureNewItemBox__phaseWait
0003d4a0 grAdventureNewItemBox__phaseShakeUp
0003d530 grAdventureNewItemBox__phaseShakeDown
0003d5d8 grAdventureNewItemBox__phaseBlinkVisible
0003d5dc grAdventureNewItemBox__phaseBlinkInVisible
0003d5e0 grAdventureNewItemBox__phaseEnd
0003d5e4 grAdventureNewItemBox__adventureEventGetItem
0003d660 grAdventureNewItemBox__setVisibilityByClipping
0003d6b4 gradventurenewitemboxcpp____sinit_
0003d6e4 grAdventureFinal__create
0003d7c4 grAdventureFinal____dt
0003d81c grAdventureFinal__update
0003d82c grAdventureFinal__updateEff
0003da24 adVisual____ct
0003dab4 adVisual____dt
0003db3c adVisual__processDefault
0003dc9c adVisual__renderOpa
0003dcf8 adVisual__setMovieFilename
0003dd68 adVisual__playStart
0003ddc4 adVisual__setPause
0003ddcc adVisual__resetPause
0003ddd4 adVisual__setLastFrame
0003dddc adVisual__setScnMdl
0003dde4 adVisual__setVolume
0003ddec muAdvSelchrCTask__create
0003de68 muAdvSelchrCTask____ct
0003e1ec muAdvSelchrCTask10PlayerWorkFv____ct
0003e220 muAdvSelchrCTask10PlayerWorkFv____dt
0003e260 muAdvSelchrCTask____dt
00041834 muAdvSelchrCTask__initProc
0003e58c muAdvSelchrCTask__restoreResult
0003e6a8 muAdvSelchrCTask__setMenuData
0003ec48 muAdvSelchrCTask__normalizeCharKind
0003ecd8 muAdvSelchrCTask__getNextPoke
0003edb0 muAdvSelchrCTask__getCharTeam
0003ee4c muAdvSelchrCTask__getTeamMember
0003ee64 muAdvSelchrCTask__getTeamMemberDetail
0003eebc muAdvSelchrCTask__attachMemberToTeamPanel
0003effc muMenu__getStockFrameNo
0003f048 muAdvSelchrCTask__getNumTeamMember
0003f058 muAdvSelchrCTask__getFaceObj
0003f07c muAdvSelchrCTask__prepareTeamPanel
0003f1c8 muAdvSelchrCTask__createObjResFile
0003f2b8 muAdvSelchrCTask__getPadStatus
0003f3a0 muAdvSelchrCTask__initDisp
0003f670 muAdvSelchrCTask__isPlayerJoined
0003f6a4 muAdvSelchrCTask__getTeamCurPos
0003f6ac muAdvSelchrCTask__getNumTeamLine
0003aec4 muAdvSelchrCTask__processDefault
0003fc48 muAdvSelchrCTask__calcTeamListScrollYPos
00040124 muAdvSelchrCTask__moveCharCursor
000401cc muAdvSelchrCTask__dispNumber
00040290 muAdvSelchrCTask__removeNumber
000402e0 muAdvSelchrCTask__getMemberNumber
00040390 muAdvSelchrCTask__canLocateCursor
00040480 muAdvSelchrCTask__getNumFreeChar
00040558 muAdvSelchrCTask__findNextCharCursorPos
0004068c muAdvSelchrCTask__isNextSubCharButtonPushed
000407e8 gfPadStatus__bitcheckEdgeOn
00040800 muAdvSelchrCTask__findLocateCursorPosX
00040aa0 muAdvSelchrCTask__selCharCurCursorPos
00040ab0 muAdvSelchrCTask__selCharMain
00041250 muAdvSelchrCTask__getDirButtonRepeat
00041260 muAdvSelchrCTask__getCharCursorPos
00041270 sndSystem__getInstance
0004127c muAdvSelchrCTask__setCharCursorPos
0004128c gfPadStatus____as
0003e260 muAdvSelchrCTask__printRushMembers
00041440 muAdvSelchrCTask__updateRushMembers
00041478 muAdvSelchrCTask__storeResult
00041834 muAdvSelchrCTask__reportResult
00041918 muAdvSelchrCTask__mainStepAppearInit
00041ac0 muAdvSelchrCTask__mainStepAppearMain
00041b40 muAdvSelchrCTask__mainStepSelectTeamInit
00041f18 muAdvSelchrCTask__mainStepSelectTeamMain
000424a4 muAdvSelchrCTask__mainStepSelectCharInit
000427c8 muAdvSelchrCTask__mainStepSelectCharMain
00042d20 muAdvSelchrCTask__mainStepSelectedInit
00042d98 muAdvSelchrCTask__mainStepSelectedMain
00042dc4 muAdvSelchrCTask__mainStepZombieInit
00042dc8 muAdvSelchrCTask__mainStepZombieMain
00042dd0 muAdvSelchrCTask__isSelected
00042df8 mu_adv_saveload_cpp__overwriteAMatAlphaMul
00042f04 muAdvSaveLoadTask8SlotInfoFiP14gmAdvSaveImage__set
000432c0 muAdvSaveLoadTask____ct
0003d7c4 muRecorder4DataFv____dt
000437d0 muRecorder4DataFv____defctor
000437dc std19auto_ptr_8MuObject____dt
0004384c muAdvSaveLoadTask7SaveBoxFv____ct
000438bc muAdvSaveLoadTask7SaveBoxFv____dt
00043a04 muAdvSaveLoadTask____dt
0003bc20 std19auto_ptr_8MuObject____defctor
00041368 muAdvSaveLoadTask__loadResource
00044238 muAdvSaveLoadTask__createModel
000455f8 muAdvSaveLoadTask__initMsg
0004729c muAdvSaveLoadTask__dispMsg
00045a14 muAdvSaveLoadTask__update
00045a50 muAdvSaveLoadTask__loading
00045b78 muRecorder__getAdvData
00045b90 muAdvSaveLoadTask__controllProc
000464a8 muAdvSaveLoadTask__moveCursor
000467b8 muAdvSaveLoadTask__moveScrollCore
0004688c muAdvSaveLoadTask__updateScroll
00046b0c muAdvSaveLoadTask__updatePanel
0004729c muAdvSaveLoadTask__renderPre
00047544 muAdvSaveTask__create
000475cc muAdvSaveTask____dt
00047624 muAdvSaveTask__onCheckFinished
0004762c muAdvSaveTask__initSlotList
000476b8 muAdvSaveTask__onSelected
0004778c muAdvSaveTask__onDecided
00047a64 muAdvSaveTask__afterDecided
00047a70 muAdvSaveTask__onCancel
00047b24 muAdvLoadTask__create
00047b90 muAdvLoadTask__onCheckFinished
00047b98 muAdvLoadTask__initSlotList
00047c30 muAdvLoadTask__onSelected
00047d80 muAdvLoadTask__onDecided
00047dd8 muAdvLoadTask__afterDecided
00047ddc muAdvLoadTask__onCancel
00047de0 muAdvLoadTask__isLoaded
00047de8 utility12StandardTaskCFv__checkLoadFinish
00047df0 utility12StandardTaskFv__preLoad
00047df8 muAdvLoadTask____dt
00047e50 muAdvSavePoint__create
00047eb8 muAdvSavePoint____ct
0004855c muAdvSavePoint____dt
00048664 muAdvSavePoint__processDefault
00048a44 muAdvSavePoint__moveCursor
00048b24 muAdvSavePoint__searchCursor
00048c04 muAdvSavePoint__checkState
00048cf0 moadvstage___prolog
00048d38 moadvstage___epilog
00048d80 moadvstage___unresolved
