.section 1
.module 31
00000000 muAdvSelmapTask__create
00000060 muAdvSelmapTask____ct
000002f0 muMenuController____ct
00000324 muMenuController____dt
00000364 muAdvSelmapTask____dt
00000534 muAdvSelmapTask__initProc
000006b4 muAdvSelmapTask__initMsg
00000afc muAdvSelmapTask__getNextPos
00000d8c muAdvSelmapTask__processDefault
00000e8c muAdvSelmapTask__getMaxScroll
00000f0c muAdvSelmapTask__isLeftScroll
00000fb8 muAdvSelmapTask__isRightScroll
00001064 muAdvSelmapTask__controllProc
00001b80 muAdvSelmapTask__createObjResFile
00001c74 muAdvSelmapTask__createExpMdl
00001d3c muAdvSelmapTask__initDisp
000023d0 muAdvSelmapTask__drawMapParts
00002558 muAdvSelmapTask__drawMapCurSor
00002648 muAdvSelmapTask__drawScrollArrowGC
0000292c muAdvSelmapTask__drawPanelCurSor
00002af0 muAdvSelmapTask__mainStepLoadInit
00002af4 muAdvSelmapTask__mainStepLoadMain
00002d98 muAdvSelmapTask__mainStepFadeInInit
00002ce4 muAdvSelmapTask__mainStepFadeInMain
00002d98 muAdvSelmapTask__mainStepSelectInit
00002e70 muAdvSelmapTask__mainStepSelectMain
00002e6c muAdvSelmapTask__mainStepFadeOutInit
00002e70 muAdvSelmapTask__mainStepFadeOutMain
00003214 muAdvComerTask__create
00003214 muAdvComerTask____ct
00003608 muAdvComerTask____dt
00003650 muAdvComerTask__processDefault
00003814 muAdvComerTask__initialize
00003814 muAdvComerTask__createData
00003c08 moadvmenu___prolog
00003c08 moadvmenu___epilog
00003c08 moadvmenu___unresolved
