.section 1
.module 20
00000000 globaldestructorchain____register_global_object
0000001c globaldestructorchain____destroy_global_chain
00000070 csElement____ct
000000c8 csElement____ct1
00000120 csElement____dt
0000018c csModule____ct
00000254 csModule____dt
000004a0 csModule__getElement
000004c8 csModule__entryElement
000008b8 csModule__removeElement
00000928 csModule__removeWork
0000092c csModule__initLoadParam
00000930 csWorld____dt
000009f8 csWorld__createPhysicsWorld
00000a70 csWorld__addArticle
00000af0 csWorld__beginOperation
0000256c csWorld__afterOperation
00002570 csWorld__enemyGroupBonus
00002af4 csWorld__getEnemyKillCount
00002ce8 csWorld__debugDraw
00002cec csWorld___8_
00002cf4 csArticle____ct
00002d50 csArticle____dt
00002db8 csArticle__beginOperation
00002e08 csArticle__afterOperation
00002e58 hkEntityListener__entityDeletedCallback
00002e5c hkEntityListener__entityShapeSetCallback
00002ec4 hkEntityListener__entityRemovedCallback
00002ec8 hkEntityListener__entityAddedCallback
00002ecc phCollisionEvent__contactProcessCallback
00002ed0 phCollisionEvent__contactPointRemovedCallback
00002ed4 phCollisionEvent__contactPointConfirmedCallback
00002ed8 phCollisionEvent__contactPointAddedCallback
00002edc csArticle__applyDestroy
00002ee0 csArticle__debugDraw
00002ee8 csArticle___28_
00002ef0 csArticle___24_
00002ef8 csFigure____ct
00002f64 csFigure____dt
00002fbc csEnemy____ct
00003024 csEnemy____dt
0000307c csMissile____ct
000030e8 csMissile____dt
00003150 csFigure__beginOperation
00003df0 csFigure__afterOperation
00003e40 csPathArticle__checkBonusFire
00003f6c csFigure__setFigureModel
00004120 csFigure__setNewFigure
000046f8 utility33SafePtr_Q214IfFigu____dt
00004760 csFigure__applyDestroy
000047d4 csEnemy__beginOperation
00004f1c csEnemy__afterOperation
00004f6c csEnemy__setEnemyModel
0000502c csEnemy__makeNewEnemy
00005370 csEnemy__hitCoinCheck
00005a18 csEnemy__applyDestroy
00005a5c csMissile__beginOperation
000065a0 csMissile__afterOperation
000065f0 csMissile__setMissileFirstPosition
00006a3c csMissile__makeNewMissile
00006d74 csMissile__applyDestroy
00006db8 csMissile__debugDraw
00006dbc csEnemy__debugDraw
00006dc0 csFigure__debugDraw
00006dc4 csFigure___28_
00006dcc csFigure___24_
00006dd4 csEnemy___28_
00006ddc csEnemy___24_
00006de4 csMissile___28_
00006dec csMissile___24_
00006df4 scCoinshooterDrawDownCallback__userProc
00006e0c csCoinshooter____ct
00007608 utility33SafePtr_Q214IfFigu____defctor
00007614 csCoinshooter____dt
000077d0 csCoinshooter__removeCoinAll
000078d0 csCoinshooter__removeFigureAll
00007a90 csCoinshooter__removeFigureAll2
00007c30 csCoinshooter__removeEnemyAll
00007e58 csCoinshooter__removeMissileAll
00008060 csCoinshooter__removeMissileNon0
00008230 csCoinshooter__setActiveModule
00008290 csCoinshooter__removeModule
000082a8 csCoinshooter__processUpdate
000083c8 csCoinshooter__renderDebug
00008468 csCoinshooter__entryElement
00008470 csCoinshooter__removeElement
00008478 csCoinshooter__restartFigure
00008734 csCoinshooter__restartEnemy
00008914 csCoinshooter__setEnemy1stParam
00008b5c csCoinshooter__restartMissile
00008c30 csCoinshooter__setMissile1stParam
00008d78 csCoinshooter__drawReleaseCheck
00008e6c csCoinshooter__notifyDrawDone
00009044 csCoinshooter__clr
000090b0 gfCallBack____dt
000090f0 scCoinshooterDrawDownCallback____dt
00009130 coinshootercpp____sinit_
0000916c csSampleModule____ct
00009454 csSampleModule__initLoadParam
0000ac20 csSampleModule__setCoinParam
0000b0a4 csSampleModule____dt
0000b0fc csSampleModule__removeWork
0000b328 cssamplemodulecpp____sinit_
0000b358 csCoin____ct
0000b3d8 csCoin____dt
0000b430 csCoin__beginOperation
0000d2fc csCoin__afterOperation
0000d34c csCoin__makeNewCoin
0000d69c csCoin__applyDestroy
0000d6a4 csCoin___28_
0000d6ac csCoin___24_
0000d6b4 csMotionPath____ct
0000d748 csMotionPath____dt
0000d888 csMotionPath__processAnim
0000d9cc csMotionPath__update
0000d9ec csMotionPath__setFrameModelAnim
0000da94 csMotionPath__setTRS
0000db8c csMotionPath__isMoveEnd
0000db94 csMotionPath__isReturnEnd
0000db9c csMotionPath__setFrame
0000dba4 csMotionPath__getTRS
0000dc18 csMotionPath__startMove
0000dc30 csMotionPath__applyDestroy
0000dc84 csMotionPath__loadPathData
0000ddd4 csMotionPath__createAttachMotionPath
0000de20 csMotionPath__clearFrame
0000de48 csMotionPath__getModelCount
0000de50 csMotionPath___28_
0000de58 csMotionPath___24_
0000de60 momenu___prolog
0000dea4 momenu___epilog
0000deec momenu___unresolved
