.section 1
.module 83
00000000 globaldestructorchain____register_global_object
0000001c globaldestructorchain____destroy_global_chain
00000070 stDxPStadium__create
000000a4 stDxPStadium____ct
00000228 stDxPStadium____dt
00000318 stDxPStadium__loading
00000320 stDxPStadium__createObj
00000a7c stDxPStadium__updateSpecialStage
00001898 stDxPStadium__update
00001d84 stDxPStadium__updateSymbol
00002294 stDxPStadium__setVision
0000246c stDxPStadium__enableVisionScreen
000025bc stDxPStadium__updateVisionScreenPos
000029e8 stDxPStadium__updateVisionScreen
00002bf0 Stage__startFighterEvent
00002bf4 Stage__initializeFighterAttackRatio
00002bfc Stage__helperStarWarp
00002c04 Stage__isSimpleBossBattleMode
00002c0c Stage__isBossBattleMode
00002c14 Stage__isCameraLocked
00002c1c Stage__notifyTimmingGameStart
00002c20 Stage__getFrameRuleTime
00002c28 Stage__setFrameRuleTime
00002c30 Stage__isNextStepBgmEqualNowStepBgmFromFlag
00002c38 Stage__getBgmPlayOffsetFrame
00002c44 Stage__getBgmVolume
00002c50 Stage__setBgmChange
00002c60 Stage__getBgmChangeID
00002c74 Stage__isBgmChange
00002c7c Stage__getBgmOptionID
00002c84 Stage__getNowStepBgmID
00002c8c Stage__getBgmID
00002c94 Stage__getBgmID1
00002c9c Stage__appearanceFighterLocal
00002ca0 Stage__getScrollDir
00002cbc Stage__getDefaultLightSetIndex
00002cc4 Stage__getAIRange
00002ccc Stage__isAdventureStage
00002cd4 Stage__getPokeTrainerDrawLayer
00002cdc Stage__getPokeTrainerPositionZ
00002ce8 Stage__getPokeTrainerPointData
00002cec Stage__getPokeTrainerPointNum
00002cf4 stMelee__isReStartSamePoint
00002cfc stMelee__getWind2ndOnlyData
00002d04 stDxPStadium__isBamperVector
00002d0c stDxPStadium__getFinalTechniqColor
00002d18 stdxpstadiumcpp____sinit_
00002d7c stClassInfoImpl_46_12stDxPStadium_____dt
00002df0 stClassInfoImpl_46_12stDxPStadium___create
00002e24 stClassInfoImpl_46_12stDxPStadium___preload
00002e28 mostage___prolog
00002e70 mostage___epilog
00002eb8 mostage___unresolved
