.section 1
.module 66
00000000 globaldestructorchain____register_global_object
0000001c globaldestructorchain____destroy_global_chain
00000070 stEarth__create
000000a4 stEarth____ct
000001b4 stEarth____dt
0000026c stEarth__loading
00000274 stEarth__createObj
000006bc Ground__setStageData
000006c4 stEarthPelletData____ct
000006c8 stEarth__createObjOniyon
00000774 stEarth__createObjStump
00000850 grEarthStump__setPelletData
00000858 grEarthStump__setPosGimmickWork
00000860 stEarth__createObjBranch
0000090c stEarth__createObjLeaf
00000aa0 grEarthLeaf__setType
00000aa8 grEarthLeaf__setDownLimit
00000ab0 grEarthLeaf__setPosOffsetWork
00000ab8 grEarthLeaf__setPelletData
00000ac0 stEarth__createObjChappy
00000bb4 grEarthChappy__setPosGimmickWork
00000bbc Ground__disableCalcCollision
00000bcc stEarth__createObjPellet
00000c5c stEarth__createObjPelletFlower
00000d20 grEarthPelletFlower__setPelletData
00000d28 stEarth__createObjPellet1
00000dec grEarthPellet__setPelletData
00000df4 stEarth__createObjRain
00000ea4 grEarthRain__setWeatherWork
00000eac stEarth__createObjRiver
00000f5c grEarthRiver__setSpeedWork
00000f64 stEarth__createObjHaneMizu
000010bc grEarthHaneMizu__setWeatherWork
000010c4 grEarthHaneMizu__setPosOffsetWork
000010cc stEarth__createObjBeltConv
000011bc stEarth__update
000012b8 stEarth__updateOniyon
00001804 grEarthOniyon__getLandingLeaf
0000180c grEarthOniyon__setPosLeaf
0000181c stEarth__updateWeather
00001eb0 stEarth__updateChappy
00002170 stEarth__updatePellet
000024b4 stEarth__updateBelt
00002680 stEarth__initPelletData
00002738 stEarth__selectPelletColor
0000281c stEarth__getCountPelletRideLeaf
0000289c stEarth__isEnableSpacePellet
000029ac stEarth__getItemPac
000029c8 Stage__startFighterEvent
000029cc Stage__initializeFighterAttackRatio
000029d4 Stage__helperStarWarp
000029dc Stage__isSimpleBossBattleMode
000029e4 Stage__isBossBattleMode
000029ec Stage__isCameraLocked
000029f4 Stage__notifyTimmingGameStart
000029f8 Stage__getFrameRuleTime
00002a00 Stage__setFrameRuleTime
00002a08 Stage__isNextStepBgmEqualNowStepBgmFromFlag
00002a10 Stage__getBgmPlayOffsetFrame
00002a1c Stage__getBgmVolume
00002a28 Stage__setBgmChange
00002a38 Stage__getBgmChangeID
00002a4c Stage__isBgmChange
00002a54 Stage__getBgmOptionID
00002a5c Stage__getNowStepBgmID
00002a64 Stage__getBgmID
00002a6c Stage__getBgmID1
00002a74 Stage__appearanceFighterLocal
00002a78 Stage__getScrollDir
00002a94 Stage__getDefaultLightSetIndex
00002a9c Stage__getAIRange
00002aa4 Stage__isAdventureStage
00002aac Stage__getPokeTrainerDrawLayer
00002ab4 Stage__getPokeTrainerPositionZ
00002ac0 Stage__getPokeTrainerPointData
00002ac4 Stage__getPokeTrainerPointNum
00002acc stMelee__isReStartSamePoint
00002ad4 stMelee__getWind2ndOnlyData
00002adc stEarth__isBamperVector
00002ae4 stearthcpp____sinit_
00002b48 stClassInfoImpl_29_7stEarth_____dt
00002bbc stClassInfoImpl_29_7stEarth___create
00002bf0 stClassInfoImpl_29_7stEarth___preload
00002bf4 Ground__setMdlIndex
00002bfc grEarth____ct
00002c60 grEarth____dt
00002cb8 Ground__adventureEventGetItem
00002cc0 Ground__getInitializeInfo
00002cc8 Ground__setInitializeInfo
00002ccc Ground__setInitializeFlag
00002cd0 Ground__enableCalcCollision
00002ce0 Ground__isEnableCalcCollision
00002cec Ground__getMdlIndex
00002cf4 Ground__initStageData
00002cf8 Ground__getStageData
00002d00 Ground__getModelCount
00002d1c grGimmick__getTransparencyFlag
00002d24 grGimmick__getGimmickData
00002d2c grGimmick__setGimmickData
00002d34 grEarthBranch__create
00002ddc grEarthBranch____ct
00002f44 grEarthBranch____dt
00002f9c grEarthBranch__setNode
00003040 grEarthBranch__update
000030b4 grEarthBranch__updateActive
000032e8 grEarthBranch__updateCalcPos
000033d0 grEarthBranch__updateCallBack
00003518 grEarthBranch__receiveCollMsg_Landing
00003800 grEarthBranch__translateCollision
000038bc grEarthChappy__create
00003964 grEarthChappy____ct
00003ae4 grEarthChappy____dt
00003b58 grEarthChappy__setNode
00003c60 grEarthChappy__update
00003d68 grEarthChappy__updateYakumono
00003dd4 grEarthChappy__updateMove
000048a0 grEarthChappy__updateColl
000049d0 grEarthChappy__updateCallBack
00004ab8 grEarthChappy__updateLanding
00004b58 grEarthChappy__updateSE
00004eac grEarthChappy__setMotion
000052e8 grEarthChappy__requestIn
00005370 grEarthChappy__requestOut
00005398 grEarthChappy__requestOpen
000053c0 grEarthChappy__requestClose
00005430 grEarthChappy__isInEnd
00005450 grEarthChappy__isOutEnd
00005470 grEarthChappy__isOutEndForce
00005490 grEarthChappy__receiveCollMsg_Landing
000054d8 grEarthChappy__creatEatArea
000055bc grEarthChappy__onGimmickEvent
000055fc grEarthChappy__presentPosEvent
00005678 grEarthChappy__makeItem
000057b4 grEarthChappy__makeItemInMouth
00005874 grearthchappycpp____sinit_
000058a4 grEarthLeaf__create
0000594c grEarthLeaf____ct
00005a34 grEarthLeaf____dt
00005a9c grEarthLeaf__update
00005b40 grEarthLeaf__updateDown
00005f08 grEarthLeaf__updateReturn
00006188 grEarthLeaf__updatePellet
000062b4 grEarthLeaf__updateCallBack
00006368 grEarthLeaf__getPos
00006498 grEarthLeaf__receiveCollMsg_Landing
0000656c grEarthLeaf__getPosPellet
00006828 grEarthLeaf__getDownLimit
00006830 grearthleafcpp____sinit_
00006860 grEarthMainBg__create
00006910 grEarthMainBg____dt
00006968 grEarthOniyon__create
00006a10 grEarthOniyon____ct
00006b40 grEarthOniyon____dt
00006c30 grEarthOniyon__update
00006cbc grEarthOniyon__updateYakumono
00006d14 grEarthOniyon__updateMove
00007534 grEarthOniyon__updateCallBack
000076bc grEarthOniyon__setHit
00007e90 soCollisionAttackAbsolute____dt
00007ed0 soDamageTransactorNull____dt
00007f10 grEarthOniyon__makeItem
00008034 grEarthOniyon__setMotion
00008468 grEarthOniyon__requestLanding
00008484 grEarthOniyon__requestTakeOff
0000849c grEarthOniyon__requestItem
0000869c grEarthOniyon__isPreLanding
000086bc grEarthOniyon__isLanding
000086d0 grEarthOniyon__isTakeOff
000086e4 grEarthOniyon__onDamage
00008818 grEarthOniyon__selectColor
00008ad4 soAnimCmdEventObserver__addObserver
00008d10 soLinkEventObserver__addObserver
00008f4c StageObject__isTreadPassive
00008f54 StageObject__adjustParentGroundCollision
00008f58 StageObject__checkTransitionStatus
00008f60 StageObject__isActive
00008f68 StageObject__getInput
00008fec Input____dt
0000902c IpNull____dt
0000906c StageObject__processGameProc
00009070 soCollisionAttackEventObserver__addObserver
000092ac Yakumono__initHitPosXWork
000092b0 Yakumono__initAttackPosXWork
000092b4 Yakumono__soGetSubKind
000092bc Yakumono__soGetKind
000092c4 Yakumono__updatePosture
000092c8 soDamageTransactor__getWeightReactionMul
000092d4 soDamageTransactor__preProcessCheckDamage
000092dc soDamageTransactorNull__checkDownDamage
000092e4 soDamageTransactorNull__checkNoReaction
000092ec soDamageTransactorNull__getDamageForReaction
000092f0 soDamageTransactorNull__checkCheer
000092f4 soDamageTransactorNull__getDamageMul
00009300 soDamageTransactorNull__getReactionMul
0000930c soDamageTransactorNull__getReactionSub
00009318 soDamageTransactorNull__setupDamageFlyRollStatus
0000931c soDamageTransactorNull__setupDamageStatusNoReaction
00009320 soDamageTransactorNull__setupSpeedDamage
00009324 soDamageTransactorNull__setupDamageStatusTurn
00009328 soDamageTransactorNull__setupDamageStatusNormal
0000932c soDamageTransactorNull__onDamage
00009334 soDamageTransactorNull__onCompositionDamageSpeed
0000933c soDamageTransactorNull__onGroundDamageAfter
00009340 soDamageTransactorNull__isCheckGroundDamage
00009348 soDamageTransactorNull__setFlagDownDamage3
0000934c soDamageTransactorNull__onParalyzeDamage
00009350 soDamageTransactorNull__onFlowerDamage
00009354 soDamageTransactorNull__addSleepTime
00009358 soDamageTransactorNull__isParalyzeDamage
00009360 soDamageTransactorNull__isSleepStatus
00009368 soDamageTransactorNull__isSlip
00009370 soDamageTransactorNull__getHitStopMul
0000937c soDamageTransactorNull__getDamageHeight
00009384 soDamageTransactorNull__isApplyTurnDamage
0000938c soDamageTransactorNull__isUseTurn
00009394 soDamageTransactorNull__isUseTurnDamage
0000939c soDamageTransactorNull__getDamageStatusKind
000093a4 soDamageTransactorNull__onDamageChangeStatusRequest
000093ac soDamageTransactorNull__getDamageValueParam
000093b4 Input__getContNo
000093bc IpNull__removeRumbleMask
000093c0 IpNull__removeRumbleId
000093c4 IpNull__removeRumble
000093c8 IpNull__stopRumble
000093cc IpNull__setRumble
000093d0 IpNull__getTrigger
000093f0 IpNull__getButton
000093f8 IpNull__getStickSub
0000941c IpNull__getStickMain
00009440 IpNull__update
00009444 ykNormal_77soCollisionAttackModuleBuildConfig_6_1_0_27soCollisionAttackModuleImpl_1_0_1__72soColl_______dt
000095a0 soArrayNull_25soCollisionAttackAbsolute_____dt
000095e0 soArrayVector_8soDamage_1_____dt
00009648 soArrayVector_19soCollisionHitGroup_1_____dt
000096b0 soCollisionHitPart____ct
0000971c soArrayVector_18soCollisionHitPart_1_____dt
00009784 soArrayVector_18soCollisionHitPart_1___getTopIndex
00009790 soArrayVector_18soCollisionHitPart_1___getLastIndex
000097a0 soArrayVector_18soCollisionHitPart_1___isFull
000097ac soArrayVector_18soCollisionHitPart_1___capacity
000097b4 soCollisionAttackPart____ct
00009840 soArrayVector_21soCollisionAttackPart_1_____dt
000098a8 soArrayVector_21soCollisionAttackPart_1___getTopIndex
000098b4 soArrayVector_21soCollisionAttackPart_1___getLastIndex
000098c4 soArrayVector_21soCollisionAttackPart_1___isFull
000098d0 soArrayVector_21soCollisionAttackPart_1___capacity
000098d8 soArrayVector_16soCollisionGroup_1_____dt
00009940 clTarget____ct
00009950 clTarget____dt
00009990 soArrayVector_8clTarget_7_____dt
000099f8 soArrayVector_8clTarget_6_____dt
00009a60 soArrayVectorAbstract_18soCollisionHitPart___push
00009d44 soArrayVectorAbstract_21soCollisionAttackPart___push
0000a060 soArrayFixed_21soCollisionAttackPart___isEmpty
0000a094 soArrayFixed_18soCollisionHitPart___isEmpty
0000a0c8 soDamage____ct
0000a0ec soDamage____dt
0000a12c soArrayNull_25soCollisionAttackAbsolute___at
0000a1ac soArrayNull_25soCollisionAttackAbsolute___at1
0000a22c soArrayNull_25soCollisionAttackAbsolute___size
0000a234 soArrayNull_25soCollisionAttackAbsolute___shift
0000a238 soArrayNull_25soCollisionAttackAbsolute___pop
0000a23c soArrayNull_25soCollisionAttackAbsolute___clear
0000a240 soArrayNull_25soCollisionAttackAbsolute___unshift
0000a244 soArrayNull_25soCollisionAttackAbsolute___push
0000a248 soArrayNull_25soCollisionAttackAbsolute___insert
0000a24c soArrayNull_25soCollisionAttackAbsolute___erase
0000a250 soArrayNull_25soCollisionAttackAbsolute___capacity
0000a258 soArrayNull_25soCollisionAttackAbsolute___isFull
0000a260 soArrayNull_25soCollisionAttackAbsolute___set
0000a264 soArrayNull_25soCollisionAttackAbsolute___isNull
0000a26c soArrayVector_8soDamage_1___getTopIndex
0000a278 soArrayVector_8soDamage_1___setTopIndex
0000a288 soArrayVector_8soDamage_1___getLastIndex
0000a298 soArrayVector_8soDamage_1___setLastIndex
0000a2a8 soArrayVector_8soDamage_1___getArrayValueConst
0000a2b8 soArrayVector_8soDamage_1___onFull
0000a2c8 soArrayVector_8soDamage_1___offFull
0000a2d8 soArrayVector_8soDamage_1___isFull
0000a2e4 soArrayVector_8soDamage_1___capacity
0000a2ec soArrayVector_8soDamage_1___size
0000a2fc soArrayVector_8soDamage_1___atFastAbstractSub
0000a324 soArrayVector_8soDamage_1___setSize
0000a334 soArrayVector_19soCollisionHitGroup_1___getTopIndex
0000a340 soArrayVector_19soCollisionHitGroup_1___setTopIndex
0000a350 soArrayVector_19soCollisionHitGroup_1___getLastIndex
0000a360 soArrayVector_19soCollisionHitGroup_1___setLastIndex
0000a370 soArrayVector_19soCollisionHitGroup_1___getArrayValueConst
0000a380 soArrayVector_19soCollisionHitGroup_1___onFull
0000a390 soArrayVector_19soCollisionHitGroup_1___offFull
0000a3a0 soArrayVector_19soCollisionHitGroup_1___isFull
0000a3ac soArrayVector_19soCollisionHitGroup_1___capacity
0000a3b4 soArrayVector_19soCollisionHitGroup_1___size
0000a3c4 soArrayVector_19soCollisionHitGroup_1___atFastAbstractSub
0000a3ec soArrayVector_19soCollisionHitGroup_1___setSize
0000a3fc soArrayVector_18soCollisionHitPart_1___setTopIndex
0000a40c soArrayVector_18soCollisionHitPart_1___setLastIndex
0000a41c soArrayVector_18soCollisionHitPart_1___getArrayValueConst
0000a42c soArrayVector_18soCollisionHitPart_1___onFull
0000a43c soArrayVector_18soCollisionHitPart_1___offFull
0000a44c soArrayVector_18soCollisionHitPart_1___size
0000a45c soArrayVector_18soCollisionHitPart_1___atFastAbstractSub
0000a484 soArrayVector_18soCollisionHitPart_1___setSize
0000a494 soArrayVector_21soCollisionAttackPart_1___setTopIndex
0000a4a4 soArrayVector_21soCollisionAttackPart_1___setLastIndex
0000a4b4 soArrayVector_21soCollisionAttackPart_1___getArrayValueConst
0000a4c4 soArrayVector_21soCollisionAttackPart_1___onFull
0000a4d4 soArrayVector_21soCollisionAttackPart_1___offFull
0000a4e4 soArrayVector_21soCollisionAttackPart_1___size
0000a4f4 soArrayVector_21soCollisionAttackPart_1___atFastAbstractSub
0000a51c soArrayVector_21soCollisionAttackPart_1___setSize
0000a52c soArrayVector_16soCollisionGroup_1___getTopIndex
0000a538 soArrayVector_16soCollisionGroup_1___setTopIndex
0000a548 soArrayVector_16soCollisionGroup_1___getLastIndex
0000a558 soArrayVector_16soCollisionGroup_1___setLastIndex
0000a568 soArrayVector_16soCollisionGroup_1___getArrayValueConst
0000a578 soArrayVector_16soCollisionGroup_1___onFull
0000a588 soArrayVector_16soCollisionGroup_1___offFull
0000a598 soArrayVector_16soCollisionGroup_1___isFull
0000a5a4 soArrayVector_16soCollisionGroup_1___capacity
0000a5ac soArrayVector_16soCollisionGroup_1___size
0000a5bc soArrayVector_16soCollisionGroup_1___atFastAbstractSub
0000a5e4 soArrayVector_16soCollisionGroup_1___setSize
0000a5f4 soArrayVector_8clTarget_7___getTopIndex
0000a600 soArrayVector_8clTarget_7___setTopIndex
0000a610 soArrayVector_8clTarget_7___getLastIndex
0000a620 soArrayVector_8clTarget_7___setLastIndex
0000a630 soArrayVector_8clTarget_7___getArrayValueConst
0000a640 soArrayVector_8clTarget_7___onFull
0000a650 soArrayVector_8clTarget_7___offFull
0000a660 soArrayVector_8clTarget_7___isFull
0000a66c soArrayVector_8clTarget_7___capacity
0000a674 soArrayVector_8clTarget_7___size
0000a684 soArrayVector_8clTarget_7___atFastAbstractSub
0000a6ac soArrayVector_8clTarget_7___setSize
0000a6bc soArrayVector_8clTarget_6___getTopIndex
0000a6c8 soArrayVector_8clTarget_6___setTopIndex
0000a6d8 soArrayVector_8clTarget_6___getLastIndex
0000a6e8 soArrayVector_8clTarget_6___setLastIndex
0000a6f8 soArrayVector_8clTarget_6___getArrayValueConst
0000a708 soArrayVector_8clTarget_6___onFull
0000a718 soArrayVector_8clTarget_6___offFull
0000a728 soArrayVector_8clTarget_6___isFull
0000a734 soArrayVector_8clTarget_6___capacity
0000a73c soArrayVector_8clTarget_6___size
0000a74c soArrayVector_8clTarget_6___atFastAbstractSub
0000a774 soArrayVector_8clTarget_6___setSize
0000a784 soArrayVectorAbstract_8soDamage___at
0000a794 soArrayVectorAbstract_8soDamage___at1
0000a7a4 soArrayVectorAbstract_8soDamage___unshift
0000aa18 soArrayVectorAbstract_8soDamage___shift
0000aad4 soArrayVectorAbstract_8soDamage___push
0000ad48 soArrayVectorAbstract_8soDamage___pop
0000ae04 soArrayVectorAbstract_8soDamage___insert
0000b09c soArrayVectorAbstract_8soDamage___erase
0000b174 soArrayVectorAbstract_8soDamage___set
0000b398 soArrayVectorAbstract_8soDamage___clear
0000b3e0 soArrayVectorAbstract_8soDamage___isNull
0000b3e8 soArrayVectorAbstract_8soDamage___substitution
0000b5d8 soArrayVectorAbstract_19soCollisionHitGroup___at
0000b5e8 soArrayVectorAbstract_19soCollisionHitGroup___at1
0000b5f8 soArrayVectorAbstract_19soCollisionHitGroup___unshift
0000b774 soArrayVectorAbstract_19soCollisionHitGroup___shift
0000b830 soArrayVectorAbstract_19soCollisionHitGroup___push
0000b9ac soArrayVectorAbstract_19soCollisionHitGroup___pop
0000ba68 soArrayVectorAbstract_19soCollisionHitGroup___insert
0000bc08 soArrayVectorAbstract_19soCollisionHitGroup___erase
0000bce0 soArrayVectorAbstract_19soCollisionHitGroup___set
0000be0c soArrayVectorAbstract_19soCollisionHitGroup___clear
0000be54 soArrayVectorAbstract_19soCollisionHitGroup___isNull
0000be5c soArrayVectorAbstract_19soCollisionHitGroup___substitution
0000bf54 soArrayVectorAbstract_18soCollisionHitPart___at
0000bf64 soArrayVectorAbstract_18soCollisionHitPart___at1
0000bf74 soArrayVectorAbstract_18soCollisionHitPart___unshift
0000c258 soArrayVectorAbstract_18soCollisionHitPart___shift
0000c314 soArrayVectorAbstract_18soCollisionHitPart___pop
0000c3d0 soArrayVectorAbstract_18soCollisionHitPart___insert
0000c6d8 soArrayVectorAbstract_18soCollisionHitPart___erase
0000c7b0 soArrayVectorAbstract_18soCollisionHitPart___set
0000ca44 soArrayVectorAbstract_18soCollisionHitPart___clear
0000ca8c soArrayVectorAbstract_18soCollisionHitPart___isNull
0000ca94 soArrayVectorAbstract_18soCollisionHitPart___substitution
0000ccf4 soArrayVectorAbstract_21soCollisionAttackPart___at
0000cd04 soArrayVectorAbstract_21soCollisionAttackPart___at1
0000cd14 soArrayVectorAbstract_21soCollisionAttackPart___unshift
0000d030 soArrayVectorAbstract_21soCollisionAttackPart___shift
0000d0ec soArrayVectorAbstract_21soCollisionAttackPart___pop
0000d1a8 soArrayVectorAbstract_21soCollisionAttackPart___insert
0000d4e8 soArrayVectorAbstract_21soCollisionAttackPart___erase
0000d5c0 soArrayVectorAbstract_21soCollisionAttackPart___set
0000d88c soArrayVectorAbstract_21soCollisionAttackPart___clear
0000d8d4 soArrayVectorAbstract_21soCollisionAttackPart___isNull
0000d8dc soArrayVectorAbstract_21soCollisionAttackPart___substitution
0000db74 soArrayVectorAbstract_16soCollisionGroup___at
0000db84 soArrayVectorAbstract_16soCollisionGroup___at1
0000db94 soArrayVectorAbstract_16soCollisionGroup___unshift
0000dd80 soArrayVectorAbstract_16soCollisionGroup___shift
0000de3c soArrayVectorAbstract_16soCollisionGroup___push
0000e028 soArrayVectorAbstract_16soCollisionGroup___pop
0000e0e4 soArrayVectorAbstract_16soCollisionGroup___insert
0000e2f4 soArrayVectorAbstract_16soCollisionGroup___erase
0000e3cc soArrayVectorAbstract_16soCollisionGroup___set
0000e568 soArrayVectorAbstract_16soCollisionGroup___clear
0000e5b0 soArrayVectorAbstract_16soCollisionGroup___isNull
0000e5b8 soArrayVectorAbstract_16soCollisionGroup___substitution
0000e720 soArrayVectorAbstract_8clTarget___at
0000e730 soArrayVectorAbstract_8clTarget___at1
0000e740 soArrayVectorAbstract_8clTarget___unshift
0000e83c soArrayVectorAbstract_8clTarget___shift
0000e8f8 soArrayVectorAbstract_8clTarget___push
0000e9f4 soArrayVectorAbstract_8clTarget___pop
0000eab0 soArrayVectorAbstract_8clTarget___insert
0000ebd0 soArrayVectorAbstract_8clTarget___erase
0000eca8 soArrayVectorAbstract_8clTarget___set
0000ed54 soArrayVectorAbstract_8clTarget___clear
0000ed9c soArrayVectorAbstract_8clTarget___isNull
0000eda4 soArrayVectorAbstract_8clTarget___substitution
0000ee1c soArrayFixed_8soDamage___isEmpty
0000ee50 soArrayFixed_25soCollisionAttackAbsolute___isEmpty
0000ee84 soArrayFixed_8clTarget___isEmpty
0000eeb8 soArrayFixed_19soCollisionHitGroup___isEmpty
0000eeec soArrayFixed_16soCollisionGroup___isEmpty
0000ef20 grearthoniyoncpp____sinit_
0000ef50 soArrayVector_8clTarget_6____4_
0000ef58 soArrayVector_8clTarget_6____4_setLastIndex
0000ef60 soArrayVector_8clTarget_6____4_setTopIndex
0000ef68 soArrayVector_8clTarget_6____4_offFull
0000ef70 soArrayVector_8clTarget_6____4_onFull
0000ef78 soArrayVector_8clTarget_7____4_
0000ef80 soArrayVector_8clTarget_7____4_setLastIndex
0000ef88 soArrayVector_8clTarget_7____4_setTopIndex
0000ef90 soArrayVector_8clTarget_7____4_offFull
0000ef98 soArrayVector_8clTarget_7____4_onFull
0000efa0 soArrayVectorAbstract_8clTarget____4_substitution
0000efa8 soArrayVector_16soCollisionGroup_1____4_
0000efb0 soArrayVector_16soCollisionGroup_1____4_setLastIndex
0000efb8 soArrayVector_16soCollisionGroup_1____4_setTopIndex
0000efc0 soArrayVector_16soCollisionGroup_1____4_offFull
0000efc8 soArrayVector_16soCollisionGroup_1____4_onFull
0000efd0 soArrayVectorAbstract_16soCollisionGroup____4_substitution
0000efd8 soArrayVector_21soCollisionAttackPart_1____4_
0000efe0 soArrayVector_21soCollisionAttackPart_1____4_setLastIndex
0000efe8 soArrayVector_21soCollisionAttackPart_1____4_setTopIndex
0000eff0 soArrayVector_21soCollisionAttackPart_1____4_offFull
0000eff8 soArrayVector_21soCollisionAttackPart_1____4_onFull
0000f000 soArrayVectorAbstract_21soCollisionAttackPart____4_substitution
0000f008 soArrayVector_18soCollisionHitPart_1____4_
0000f010 soArrayVector_18soCollisionHitPart_1____4_setLastIndex
0000f018 soArrayVector_18soCollisionHitPart_1____4_setTopIndex
0000f020 soArrayVector_18soCollisionHitPart_1____4_offFull
0000f028 soArrayVector_18soCollisionHitPart_1____4_onFull
0000f030 soArrayVectorAbstract_18soCollisionHitPart____4_substitution
0000f038 soArrayVector_19soCollisionHitGroup_1____4_
0000f040 soArrayVector_19soCollisionHitGroup_1____4_setLastIndex
0000f048 soArrayVector_19soCollisionHitGroup_1____4_setTopIndex
0000f050 soArrayVector_19soCollisionHitGroup_1____4_offFull
0000f058 soArrayVector_19soCollisionHitGroup_1____4_onFull
0000f060 soArrayVectorAbstract_19soCollisionHitGroup____4_substitution
0000f068 soArrayVector_8soDamage_1____4_
0000f070 soArrayVector_8soDamage_1____4_setLastIndex
0000f078 soArrayVector_8soDamage_1____4_setTopIndex
0000f080 soArrayVector_8soDamage_1____4_offFull
0000f088 soArrayVector_8soDamage_1____4_onFull
0000f090 soArrayVectorAbstract_8soDamage____4_substitution
0000f098 ykNormal_77soCollisionAttackModuleBuildConfig_6_1_0_27soCollisionAttackModuleImpl_1_0_1__72soColl______64_
0000f0a0 StageObject___72_notifyEventAnimCmd
0000f0a8 StageObject___72_isObserv
0000f0b0 StageObject___84_notifyEventLink
0000f0b8 Yakumono___100_notifyEventCollisionAttackCheck
0000f0c0 Yakumono___100_notifyEventCollisionAttack
0000f0c8 grEarthPellet__create
0000f1c8 grEarthPellet____dt
0000f220 grEarthPellet__update
0000f2e4 grEarthPellet__updatePos
0000f49c grEarthPellet__updateState
0000f7d0 grEarthPellet__updateMotion
0000f898 grEarthPellet__updateCallBack
0000f97c grEarthPellet__changeColor
0000fb2c grearthpelletcpp____sinit_
0000fb5c grEarthPelletFlower__create
0000fc04 grEarthPelletFlower____ct
0000fcd8 grEarthPelletFlower____dt
0000fdc8 grEarthPelletFlower__processAnim
0000fdcc grEarthPelletFlower__update
0000fec0 grEarthPelletFlower__updateYakumono
0000ff18 grEarthPelletFlower__updateState
000103a0 grEarthPelletFlower__updateMotion
000104dc grEarthPelletFlower__updateCallBack
00010594 grEarthPelletFlower__setHit
00010c14 grEarthPelletFlower__setMotion
0001105c grEarthPelletFlower__onDamage
00011158 grEarthPelletFlower__setPosWork
00011160 ykNormal_38soCollisionAttackModuleBuildConfigNull_72soCollisionHitModuleBuildConfig_6_2_1_24soCol_______dt
00011268 soArrayVector_18soCollisionHitPart_2_____dt
000112d0 soArrayVector_18soCollisionHitPart_2___getTopIndex
000112dc soArrayVector_18soCollisionHitPart_2___getLastIndex
000112ec soArrayVector_18soCollisionHitPart_2___isFull
000112f8 soArrayVector_18soCollisionHitPart_2___capacity
00011300 soArrayVector_18soCollisionHitPart_2___setTopIndex
00011310 soArrayVector_18soCollisionHitPart_2___setLastIndex
00011320 soArrayVector_18soCollisionHitPart_2___getArrayValueConst
00011330 soArrayVector_18soCollisionHitPart_2___onFull
00011340 soArrayVector_18soCollisionHitPart_2___offFull
00011350 soArrayVector_18soCollisionHitPart_2___size
00011360 soArrayVector_18soCollisionHitPart_2___atFastAbstractSub
00011388 soArrayVector_18soCollisionHitPart_2___setSize
00011398 soArrayVector_18soCollisionHitPart_2____4_
000113a0 soArrayVector_18soCollisionHitPart_2____4_setLastIndex
000113a8 soArrayVector_18soCollisionHitPart_2____4_setTopIndex
000113b0 soArrayVector_18soCollisionHitPart_2____4_offFull
000113b8 soArrayVector_18soCollisionHitPart_2____4_onFull
000113c0 ykNormal_38soCollisionAttackModuleBuildConfigNull_72soCollisionHitModuleBuildConfig_6_2_1_24soCol______64_
000113c8 grEarthRiver__create
000114c0 grEarthRiver____dt
00011528 grEarthRiver__update
00011b90 grEarthRiver__startRiver
00011bbc grEarthRiver__endRiver
00011bdc grEarthRiver__setMotion
00012008 grEarthSun__create
000120cc grEarthSun____dt
00012124 grEarthSun__update
00012390 grEarthSun__requestToFine
000123d4 grEarthSun__requestToRain
00012418 grEarthSun__setMotion
00012844 grEarthSun__isChangeWeather
000128c4 grEarthStump__create
00012984 grEarthStump____dt
000129dc grEarthStump__processAnim
00012a90 grEarthStump__update
00012af8 grEarthStump__updateJoint
00012bbc grEarthStump__updatePellet
00012c64 grEarthStump__getPosPellet
00012e34 grEarthStump__setAILowPriority
00012e50 grEarthStump__setCollisionAttr
00012ed8 grEarthRain__create
00012fa4 grEarthRain____dt
00012ffc grEarthRain__update
0001304c grEarthRain__updateWeather
000131f8 grEarthRain__setMotion
00013640 grEarthHaneMizu__create
0001373c grEarthHaneMizu____dt
00013794 grEarthHaneMizu__update
00013808 grEarthHaneMizu__updateWeather
00013910 grEarthHaneMizu__updateCallBack
000139c4 mostage___prolog
00013a0c mostage___epilog
00013a54 mostage___unresolved
