.section 1
.module 64
00000000 globaldestructorchain____register_global_object
0000001c globaldestructorchain____destroy_global_chain
00000070 stEmblem__create
000000a4 stEmblem____ct
00000274 StSeUtil18SeSeqInstance_2_2_____dt
000002cc stEmblem____dt
0000039c stEmblem__loading
000003a4 stEmblem__createObj
00000898 stEmblem__setSceneCollision
0000099c stEmblem__createSceneGround
00000b24 stEmblem__setChangeSceneNumber
00000b2c stEmblem__checkChangeScene
00000b34 stEmblem__resetChangeScene
00000b40 stEmblem__startScene
00000c14 stEmblem__moveGround
00000cec stEmblem__updateScene
00001680 stEmblem__updateScene00
00001918 stEmblem__updateScene01
00002068 stEmblem__updateScene02
000022d0 stEmblem__update
000024b8 stEmblem__updateSE
000025ac stEmblem__isEventEnd
000025dc stEmblem__getFinalTechniqColor
000025f8 Stage__startFighterEvent
000025fc Stage__initializeFighterAttackRatio
00002604 Stage__helperStarWarp
0000260c Stage__isSimpleBossBattleMode
00002614 Stage__isBossBattleMode
0000261c Stage__isCameraLocked
00002624 Stage__notifyTimmingGameStart
00002628 Stage__getFrameRuleTime
00002630 Stage__setFrameRuleTime
00002638 Stage__isNextStepBgmEqualNowStepBgmFromFlag
00002640 Stage__getBgmPlayOffsetFrame
0000264c Stage__getBgmVolume
00002658 Stage__setBgmChange
00002668 Stage__getBgmChangeID
0000267c Stage__isBgmChange
00002684 Stage__getBgmOptionID
0000268c Stage__getNowStepBgmID
00002694 Stage__getBgmID
0000269c Stage__getBgmID1
000026a4 Stage__appearanceFighterLocal
000026a8 Stage__getScrollDir
000026c4 Stage__getDefaultLightSetIndex
000026cc Stage__getAIRange
000026d4 Stage__isAdventureStage
000026dc Stage__getPokeTrainerDrawLayer
000026e4 Stage__getPokeTrainerPositionZ
000026f0 Stage__getPokeTrainerPointData
000026f4 Stage__getPokeTrainerPointNum
000026fc stMelee__isReStartSamePoint
00002704 stMelee__getWind2ndOnlyData
0000270c stemblemcpp____sinit_
00002770 stClassInfoImpl_25_8stEmblem_____dt
000027e4 stClassInfoImpl_25_8stEmblem___create
00002818 stClassInfoImpl_25_8stEmblem___preload
0000281c mostage___prolog
00002864 mostage___epilog
000028ac mostage___unresolved
