.section 1
.module 57
00000000 globaldestructorchain____register_global_object
0000001c globaldestructorchain____destroy_global_chain
00000070 stHalberd__create
000000a4 stHalberd____ct
00000298 stHalberd____dt
00000310 stHalberd__loading
00000318 stHalberd__createObj
0000052c stHalberd__createObjBg
00000638 Ground__setStageData
00000640 grHalberdBg__setMtxGimmickWork
00000648 grHalberdBg__setPosTrainerWork
00000650 grHalberd__setFrameWork
00000658 grHalberd__setStateWork
00000660 stHalberd__createObjDome
00000784 grHalberdDome__setMtxWork
0000078c grHalberdDome__setMtxGimmickWork
00000794 grHalberdDome__setPosTrainerWork
0000079c stHalberd__createObjEnkei
00000890 grHalberdEnkei__setMtxWork
00000898 stHalberd__createObjStage
00000974 stHalberd__createObjCannon
00000ab0 grHalberdCannon__setMtxWork
00000ab8 grHalberdCannon__setMtxGimmickWork
00000ac0 grHalberdCannon__setPosTgtWork
00000ac8 grHalberdCannon__setTgtWork
00000ad0 stHalberd__createObjLaser
00000bdc grHalberdLaser__setMtxWork
00000be4 grHalberdLaser__setPosTgtWork
00000bec stHalberd__createObjTarget
00000ce0 grHalberdTarget__setPosWork
00000ce8 stHalberd__createObjHero2Hou
00000e0c grHalberdHero2Hou__setMtxWork
00000e14 grHalberdHero2Hou__setMtxGimmickWork
00000e1c grHalberdHero2Hou__setPosTgtWork
00000e24 stHalberd__createObjHero2Dan
00000f30 grHalberdHero2Dan__setMtxWork
00000f38 grHalberdHero2Dan__setPosTgtWork
00000f40 stHalberd__createObjWarning
00001034 grHalberdWarning__setMtxWork
0000103c stHalberd__createObjArm
000010d4 stHalberd__createObjArmBone
000011f8 grHalberdArm__setMtxWork
00001200 grHalberdArm__setType
00001208 grHalberdArm__setStateAttackWork
00001210 stHalberd__createObjArmJoint
00001334 stHalberd__createObjArmHand
00001458 stHalberd__update
0000153c stHalberd__updateActive
00001b98 stHalberd__updateArm
00002d34 stHalberd__updateArmPos
00003628 stHalberd__updateHeroHero
0000371c stHalberd__isEventEnd
00003748 Stage__startFighterEvent
0000374c Stage__initializeFighterAttackRatio
00003754 Stage__helperStarWarp
0000375c Stage__isSimpleBossBattleMode
00003764 Stage__isBossBattleMode
0000376c Stage__isCameraLocked
00003774 Stage__notifyTimmingGameStart
00003778 Stage__getFrameRuleTime
00003780 Stage__setFrameRuleTime
00003788 Stage__isNextStepBgmEqualNowStepBgmFromFlag
00003790 Stage__getBgmPlayOffsetFrame
0000379c Stage__getBgmVolume
000037a8 Stage__setBgmChange
000037b8 Stage__getBgmChangeID
000037cc Stage__isBgmChange
000037d4 Stage__getBgmOptionID
000037dc Stage__getNowStepBgmID
000037e4 Stage__getBgmID
000037ec Stage__getBgmID1
000037f4 Stage__appearanceFighterLocal
000037f8 Stage__getScrollDir
00003814 Stage__getDefaultLightSetIndex
0000381c Stage__getAIRange
00003824 Stage__isAdventureStage
0000382c Stage__getPokeTrainerDrawLayer
00003834 Stage__getPokeTrainerPositionZ
00003840 Stage__getPokeTrainerPointData
00003844 Stage__getPokeTrainerPointNum
0000384c stMelee__isReStartSamePoint
00003854 stMelee__getWind2ndOnlyData
0000385c stHalberd__getFinalTechniqColor
00003868 sthalberdcpp____sinit_
000038cc stClassInfoImpl_14_9stHalberd_____dt
00003940 stClassInfoImpl_14_9stHalberd___create
00003974 stClassInfoImpl_14_9stHalberd___preload
00003978 Ground__setMdlIndex
00003980 grHalberd____ct
000039ec grHalberd____dt
00003a44 Ground__adventureEventGetItem
00003a4c Ground__getInitializeInfo
00003a54 Ground__setInitializeInfo
00003a58 Ground__setInitializeFlag
00003a5c Ground__disableCalcCollision
00003a6c Ground__enableCalcCollision
00003a7c Ground__isEnableCalcCollision
00003a88 Ground__getMdlIndex
00003a90 Ground__initStageData
00003a94 Ground__getStageData
00003a9c Ground__getModelCount
00003ab8 grGimmick__getTransparencyFlag
00003ac0 grGimmick__getGimmickData
00003ac8 grGimmick__setGimmickData
00003ad0 grHalberdBg__create
00003b78 grHalberdBg____ct
00003e7c StSeUtil19SeSeqInstance_2_11____dt
00003ed4 grHalberdBg____dt
00003f4c grHalberdBg__processAnim
00003f50 grHalberdBg__startup
0000400c grHalberdBg__update
000042b0 grHalberdBg__updateJoint
000043f0 grHalberdBg__updateCollision
000045ac grHalberdBg__updateMotion
00004920 grHalberdBg__setMotion
00004d68 grHalberdEnkei__create
00004e78 grHalberdEnkei____dt
00004ed0 grHalberdEnkei__update
00004f44 grHalberdEnkei__updateMotion
000050f0 grHalberdEnkei__updateCallBack
000051e0 grHalberdEnkei__setMotion
00005558 grHalberdEnkei__setMotionFrame
000055e0 grHalberdEnkei__getMotionFrame
00005618 grHalberdDome__create
000056c0 grHalberdDome____ct
0000583c StSeUtil18SeSeqInstance_1_3_____dt
00005894 grHalberdDome____dt
0000590c grHalberdDome__processAnim
00005968 grHalberdDome__update
00005af4 grHalberdDome__updateJoint
00005d0c grHalberdDome__updateCollision
00006028 grHalberdDome__updateMotion
00006214 grHalberdDome__updateCallBack
00006328 grHalberdDome__setMotion
00006770 grHalberdStage__create
00006818 grHalberdStage____ct
00006a50 StSeUtil18SeSeqInstance_2_4_____dt
00006aa8 grHalberdStage____dt
00006b20 grHalberdStage__update
00006b94 grHalberdStage__updateJoint
00006c70 grHalberdStage__updateMotion
00007028 grHalberdStage__setMotion
00007470 grHalberdCannon__create
00007518 grHalberdCannon____ct
000076e8 StSeUtil18SeSeqInstance_2_2_____dt
00007740 grHalberdCannon____dt
000077b8 grHalberdCannon__processAnim
000077bc grHalberdCannon__update
000078ec grHalberdCannon__updateMotion
00008118 grHalberdCannon__updateRot
000082f0 grHalberdCannon__updateCallBack
00008408 grHalberdCannon__setMotion
00008850 grHalberdCannon__getPlayerPosition
0000885c grHalberdLaser__create
00008904 grHalberdLaser____ct
000089c4 grHalberdLaser____dt
00008a48 grHalberdLaser__update
00008ad4 grHalberdLaser__updateYakumono
00008d28 grHalberdLaser__updateMotion
00008f20 grHalberdLaser__updateCallBack
0000901c grHalberdLaser__setMotion
00009464 grHalberdLaser__setHit
00009800 soCollisionAttackAbsolute____dt
00009840 grHalberdLaser__setAttack
00009a44 grHalberdLaser__setAttackFinal
00009c48 soAnimCmdEventObserver__addObserver
00009e84 soLinkEventObserver__addObserver
0000a0c0 StageObject__isTreadPassive
0000a0c8 StageObject__adjustParentGroundCollision
0000a0cc StageObject__checkTransitionStatus
0000a0d4 StageObject__isActive
0000a0dc StageObject__getInput
0000a160 Input____dt
0000a1a0 IpNull____dt
0000a1e0 StageObject__processGameProc
0000a1e4 soCollisionAttackEventObserver__addObserver
0000a420 Yakumono__soGetSubKind
0000a428 Yakumono__soGetKind
0000a430 Yakumono__updatePosture
0000a434 Input__getContNo
0000a43c IpNull__removeRumbleMask
0000a440 IpNull__removeRumbleId
0000a444 IpNull__removeRumble
0000a448 IpNull__stopRumble
0000a44c IpNull__setRumble
0000a450 IpNull__getTrigger
0000a470 IpNull__getButton
0000a478 IpNull__getStickSub
0000a49c IpNull__getStickMain
0000a4c0 IpNull__update
0000a4c4 ykNoHitNormal_77soCollisionAttackModuleBuildConfig_6_2_0_27soCollisionAttackModuleImpl_1_0_1______dt
0000a574 ykNoHitNormal_77soCollisionAttackModuleBuildConfig_6_2_0_27soCollisionAttackModuleImpl_1_0_1____initAttackPosXWork
0000a580 ykNoHitNormal_77soCollisionAttackModuleBuildConfig_6_2_0_27soCollisionAttackModuleImpl_1_0_1____initHitPosXWork
0000a58c ykNoHitNormal_77soCollisionAttackModuleBuildConfig_6_2_0_27soCollisionAttackModuleImpl_1_0_1____getAttackPosX
0000a59c ykNoHitNormal_77soCollisionAttackModuleBuildConfig_6_2_0_27soCollisionAttackModuleImpl_1_0_1____getHitPosX
0000a5ac soArrayNull_25soCollisionAttackAbsolute_____dt
0000a5ec soArrayVector_16soCollisionGroup_1_____dt
0000a654 soCollisionAttackPart____ct
0000a6e0 soArrayVector_21soCollisionAttackPart_2_____dt
0000a748 soArrayVector_21soCollisionAttackPart_2___getTopIndex
0000a754 soArrayVector_21soCollisionAttackPart_2___getLastIndex
0000a764 soArrayVector_21soCollisionAttackPart_2___isFull
0000a770 soArrayVector_21soCollisionAttackPart_2___capacity
0000a778 clTarget____ct
0000a788 clTarget____dt
0000a7c8 soArrayVector_8clTarget_7_____dt
0000a830 soArrayVectorAbstract_21soCollisionAttackPart___push
0000ab4c soArrayFixed_21soCollisionAttackPart___isEmpty
0000ab80 soArrayNull_25soCollisionAttackAbsolute___at
0000ac00 soArrayNull_25soCollisionAttackAbsolute___at1
0000ac80 soArrayNull_25soCollisionAttackAbsolute___size
0000ac88 soArrayNull_25soCollisionAttackAbsolute___shift
0000ac8c soArrayNull_25soCollisionAttackAbsolute___pop
0000ac90 soArrayNull_25soCollisionAttackAbsolute___clear
0000ac94 soArrayNull_25soCollisionAttackAbsolute___unshift
0000ac98 soArrayNull_25soCollisionAttackAbsolute___push
0000ac9c soArrayNull_25soCollisionAttackAbsolute___insert
0000aca0 soArrayNull_25soCollisionAttackAbsolute___erase
0000aca4 soArrayNull_25soCollisionAttackAbsolute___capacity
0000acac soArrayNull_25soCollisionAttackAbsolute___isFull
0000acb4 soArrayNull_25soCollisionAttackAbsolute___set
0000acb8 soArrayNull_25soCollisionAttackAbsolute___isNull
0000acc0 soArrayVector_16soCollisionGroup_1___getTopIndex
0000accc soArrayVector_16soCollisionGroup_1___setTopIndex
0000acdc soArrayVector_16soCollisionGroup_1___getLastIndex
0000acec soArrayVector_16soCollisionGroup_1___setLastIndex
0000acfc soArrayVector_16soCollisionGroup_1___getArrayValueConst
0000ad0c soArrayVector_16soCollisionGroup_1___onFull
0000ad1c soArrayVector_16soCollisionGroup_1___offFull
0000ad2c soArrayVector_16soCollisionGroup_1___isFull
0000ad38 soArrayVector_16soCollisionGroup_1___capacity
0000ad40 soArrayVector_16soCollisionGroup_1___size
0000ad50 soArrayVector_16soCollisionGroup_1___atFastAbstractSub
0000ad78 soArrayVector_16soCollisionGroup_1___setSize
0000ad88 soArrayVector_21soCollisionAttackPart_2___setTopIndex
0000ad98 soArrayVector_21soCollisionAttackPart_2___setLastIndex
0000ada8 soArrayVector_21soCollisionAttackPart_2___getArrayValueConst
0000adb8 soArrayVector_21soCollisionAttackPart_2___onFull
0000adc8 soArrayVector_21soCollisionAttackPart_2___offFull
0000add8 soArrayVector_21soCollisionAttackPart_2___size
0000ade8 soArrayVector_21soCollisionAttackPart_2___atFastAbstractSub
0000ae10 soArrayVector_21soCollisionAttackPart_2___setSize
0000ae20 soArrayVector_8clTarget_7___getTopIndex
0000ae2c soArrayVector_8clTarget_7___setTopIndex
0000ae3c soArrayVector_8clTarget_7___getLastIndex
0000ae4c soArrayVector_8clTarget_7___setLastIndex
0000ae5c soArrayVector_8clTarget_7___getArrayValueConst
0000ae6c soArrayVector_8clTarget_7___onFull
0000ae7c soArrayVector_8clTarget_7___offFull
0000ae8c soArrayVector_8clTarget_7___isFull
0000ae98 soArrayVector_8clTarget_7___capacity
0000aea0 soArrayVector_8clTarget_7___size
0000aeb0 soArrayVector_8clTarget_7___atFastAbstractSub
0000aed8 soArrayVector_8clTarget_7___setSize
0000aee8 soArrayVectorAbstract_16soCollisionGroup___at
0000aef8 soArrayVectorAbstract_16soCollisionGroup___at1
0000af08 soArrayVectorAbstract_16soCollisionGroup___unshift
0000b0f4 soArrayVectorAbstract_16soCollisionGroup___shift
0000b1b0 soArrayVectorAbstract_16soCollisionGroup___push
0000b39c soArrayVectorAbstract_16soCollisionGroup___pop
0000b458 soArrayVectorAbstract_16soCollisionGroup___insert
0000b668 soArrayVectorAbstract_16soCollisionGroup___erase
0000b740 soArrayVectorAbstract_16soCollisionGroup___set
0000b8dc soArrayVectorAbstract_16soCollisionGroup___clear
0000b924 soArrayVectorAbstract_16soCollisionGroup___isNull
0000b92c soArrayVectorAbstract_16soCollisionGroup___substitution
0000ba94 soArrayVectorAbstract_21soCollisionAttackPart___at
0000baa4 soArrayVectorAbstract_21soCollisionAttackPart___at1
0000bab4 soArrayVectorAbstract_21soCollisionAttackPart___unshift
0000bdd0 soArrayVectorAbstract_21soCollisionAttackPart___shift
0000be8c soArrayVectorAbstract_21soCollisionAttackPart___pop
0000bf48 soArrayVectorAbstract_21soCollisionAttackPart___insert
0000c288 soArrayVectorAbstract_21soCollisionAttackPart___erase
0000c360 soArrayVectorAbstract_21soCollisionAttackPart___set
0000c62c soArrayVectorAbstract_21soCollisionAttackPart___clear
0000c674 soArrayVectorAbstract_21soCollisionAttackPart___isNull
0000c67c soArrayVectorAbstract_21soCollisionAttackPart___substitution
0000c914 soArrayVectorAbstract_8clTarget___at
0000c924 soArrayVectorAbstract_8clTarget___at1
0000c934 soArrayVectorAbstract_8clTarget___unshift
0000ca30 soArrayVectorAbstract_8clTarget___shift
0000caec soArrayVectorAbstract_8clTarget___push
0000cbe8 soArrayVectorAbstract_8clTarget___pop
0000cca4 soArrayVectorAbstract_8clTarget___insert
0000cdc4 soArrayVectorAbstract_8clTarget___erase
0000ce9c soArrayVectorAbstract_8clTarget___set
0000cf48 soArrayVectorAbstract_8clTarget___clear
0000cf90 soArrayVectorAbstract_8clTarget___isNull
0000cf98 soArrayVectorAbstract_8clTarget___substitution
0000d010 soArrayFixed_8clTarget___isEmpty
0000d044 soArrayFixed_25soCollisionAttackAbsolute___isEmpty
0000d078 soArrayFixed_16soCollisionGroup___isEmpty
0000d0ac soArrayVector_8clTarget_7____4_
0000d0b4 soArrayVector_8clTarget_7____4_setLastIndex
0000d0bc soArrayVector_8clTarget_7____4_setTopIndex
0000d0c4 soArrayVector_8clTarget_7____4_offFull
0000d0cc soArrayVector_8clTarget_7____4_onFull
0000d0d4 soArrayVectorAbstract_8clTarget____4_substitution
0000d0dc soArrayVector_21soCollisionAttackPart_2____4_
0000d0e4 soArrayVector_21soCollisionAttackPart_2____4_setLastIndex
0000d0ec soArrayVector_21soCollisionAttackPart_2____4_setTopIndex
0000d0f4 soArrayVector_21soCollisionAttackPart_2____4_offFull
0000d0fc soArrayVector_21soCollisionAttackPart_2____4_onFull
0000d104 soArrayVectorAbstract_21soCollisionAttackPart____4_substitution
0000d10c soArrayVector_16soCollisionGroup_1____4_
0000d114 soArrayVector_16soCollisionGroup_1____4_setLastIndex
0000d11c soArrayVector_16soCollisionGroup_1____4_setTopIndex
0000d124 soArrayVector_16soCollisionGroup_1____4_offFull
0000d12c soArrayVector_16soCollisionGroup_1____4_onFull
0000d134 soArrayVectorAbstract_16soCollisionGroup____4_substitution
0000d13c ykNoHitNormal_77soCollisionAttackModuleBuildConfig_6_2_0_27soCollisionAttackModuleImpl_1_0_1_____64_
0000d144 StageObject___72_notifyEventAnimCmd
0000d14c StageObject___72_isObserv
0000d154 StageObject___84_notifyEventLink
0000d15c Yakumono___100_notifyEventCollisionAttackCheck
0000d164 Yakumono___100_notifyEventCollisionAttack
0000d16c grHalberdTarget__create
0000d28c grHalberdTarget____dt
0000d2f4 grHalberdTarget__update
0000d368 grHalberdTarget__updateMotion
0000d668 grHalberdTarget__updateCallBack
0000d710 grHalberdTarget__setMotion
0000db58 grHalberdHero2Hou__create
0000dc00 grHalberdHero2Hou____ct
0000dcec grHalberdHero2Hou____dt
0000dd54 grHalberdHero2Hou__processAnim
0000ddb0 grHalberdHero2Hou__update
0000de3c grHalberdHero2Hou__updateMotion
0000e530 grHalberdHero2Hou__updateRot
0000e6c4 grHalberdHero2Hou__updateCallBack
0000e7e8 grHalberdHero2Hou__setMotion
0000ec30 grHalberdHero2Dan__create
0000ecd8 grHalberdHero2Dan____ct
0000edec grHalberdHero2Dan____dt
0000ee88 grHalberdHero2Dan__update
0000ef14 grHalberdHero2Dan__updateYakumono
0000ef6c grHalberdHero2Dan__updateMotion
0000f5dc grHalberdHero2Dan__updateCallBack
0000f848 grHalberdHero2Dan__setMotion
0000fc90 grHalberdHero2Dan__setHit
0001002c grHalberdHero2Dan__setAttack
00010258 grHalberdHero2Dan__bomb
00010380 grHalberdHero2Dan__onInflict
000103cc grHalberdArm__create
00010474 grHalberdArm____ct
00010538 grHalberdArm____dt
000105c8 grHalberdArm__update
00010654 grHalberdArm__updateYakumono
00010734 grHalberdArm__updateActive
000108bc grHalberdArm__updateCallBack
00010a34 grHalberdArm__setHit
00010dd0 grHalberdArm__setAttack
00010f18 grHalberdArm__setMotion
00011360 grHalberdWarning__create
00011408 grHalberdWarning____ct
0001156c grHalberdWarning____dt
000115e4 grHalberdWarning__update
00011658 grHalberdWarning__updateMotion
00011940 grHalberdWarning__updateCallBack
00011b48 grHalberdWarning__setMotion
00011f90 mostage___prolog
00011fd8 mostage___epilog
00012020 mostage___unresolved
