.section 1
.module 62
00000000 globaldestructorchain____register_global_object
0000001c globaldestructorchain____destroy_global_chain
00000070 stIce__create
000000a4 stIce____ct
00000258 stIce____dt
00000360 stIce__loading
00000368 stIce__createObj
00000950 stIce__createObjBg
00000a44 Ground__setStageData
00000a4c grIceBg__setMtxGimmickWork
00000a54 grIceBg__setPosFishWork
00000a5c grIceBg__setStateWork
00000a64 stIce__createObjYama
00000b70 grIceYama__setMtxGimmickWork
00000b78 grIceYama__setPosBearWork
00000b80 grIceYama__setStateWork
00000b88 grIceYama__setStateBearWork
00000b90 stIce__createObjBreak
00000c54 grIceBreak__setMtxWork
00000c5c stIce__createObjRot
00000d20 grIceRot__setMtxWork
00000d28 stIce__createObjKumo
00000e60 grIceKumo__setMtxWork
00000e68 grIceKumo__setLimitWork
00000e70 grIceKumo__setStateWork
00000e78 stIce__createObjIce
00000fb8 grIceIce__setMtxWork
00000fc0 grIceIce__setMtxGimmickWork
00000fc8 grIceIce__setLimitWork
00000fd0 grIceIce__setStateWork
00000fd8 stIce__createObjTurara
00001158 grIceTurara__setMtxWork
00001160 grIceTurara__setPosLimitWork
00001168 grIceTurara__setStateWork
00001170 grIceTurara__setType
00001178 grIceTurara__setHPWork
00001180 stIce__createObjFish
0000128c grIceFish__setPosWork
00001294 grIceFish__setPosXWork
0000129c grIceFish__setLimitWork
000012a4 grIceFish__setStateWork
000012ac stIce__createObjWhiteBear
000013a0 grIceBear__setPosWork
000013a8 grIceBear__setLimitWork
000013b0 grIceBear__setStateWork
000013b8 stIce__createObjWater
000014f0 stIce__createObjWarning
000015b4 grIceWarning__setStateWork
000015bc stIce__update
00001758 stIce__updateLimit
000017b4 stIce__updateScene
00001a74 stIce__updateTurara
00001bf4 stIce__updateKumo
00001d08 stIce__updateIce
00001e38 stIce__updateWater
00002050 stIce__updateFish
00002444 stIce__updateYasai
0000289c stIce__getPlayerPosition
000028a8 stIce__getItemPac
00002950 Stage__startFighterEvent
00002954 Stage__initializeFighterAttackRatio
0000295c Stage__helperStarWarp
00002964 Stage__isSimpleBossBattleMode
0000296c Stage__isBossBattleMode
00002974 Stage__isCameraLocked
0000297c Stage__notifyTimmingGameStart
00002980 Stage__getFrameRuleTime
00002988 Stage__setFrameRuleTime
00002990 Stage__isNextStepBgmEqualNowStepBgmFromFlag
00002998 Stage__getBgmPlayOffsetFrame
000029a4 Stage__getBgmVolume
000029b0 Stage__setBgmChange
000029c0 Stage__getBgmChangeID
000029d4 Stage__isBgmChange
000029dc Stage__getBgmOptionID
000029e4 Stage__getNowStepBgmID
000029ec Stage__getBgmID
000029f4 Stage__getBgmID1
000029fc Stage__appearanceFighterLocal
00002a00 Stage__getScrollDir
00002a1c Stage__getDefaultLightSetIndex
00002a24 Stage__getAIRange
00002a2c Stage__isAdventureStage
00002a34 Stage__getPokeTrainerDrawLayer
00002a3c Stage__getPokeTrainerPositionZ
00002a48 Stage__getPokeTrainerPointData
00002a4c Stage__getPokeTrainerPointNum
00002a54 stMelee__isReStartSamePoint
00002a5c stMelee__getWind2ndOnlyData
00002a64 stIce__getFinalTechniqColor
00002a70 sticecpp____sinit_
00002af8 stClassInfoImpl_23_5stIce_____dt
00002b6c stClassInfoImpl_23_5stIce___create
00002ba0 stClassInfoImpl_23_5stIce___preload
00002ba4 grIce__create
00002c7c Ground__setMdlIndex
00002c84 grIce____ct
00002ce8 grIce____dt
00002d40 grIceWarning__create
00002eec StSeUtil18SeSeqInstance_1_1_____dt
00002f44 grIceWarning____dt
00002fb8 grIceWarning__update
000030bc Ground__adventureEventGetItem
000030c4 Ground__getInitializeInfo
000030cc Ground__setInitializeInfo
000030d0 Ground__setInitializeFlag
000030d4 Ground__disableCalcCollision
000030e4 Ground__enableCalcCollision
000030f4 Ground__isEnableCalcCollision
00003100 Ground__getMdlIndex
00003108 Ground__initStageData
0000310c Ground__getStageData
00003114 Ground__getModelCount
00003130 grGimmick__getTransparencyFlag
00003138 grGimmick__getGimmickData
00003140 grGimmick__setGimmickData
00003148 grIceBg__create
00003208 grIceBg____dt
00003260 grIceBg__processAnim
000033c4 grIceBg__update
000034a4 grIceYama__create
0000354c grIceYama____ct
00003680 grIceYama____dt
00003710 grIceYama__processAnim
0000373c grIceYama__update
000039b0 grIceYama__updateJoint
00003a80 grIceYama__updateYakumono
00003ad8 grIceYama__updateState
00004190 grIceYama__updateSE
000043bc grIceYama__updateCallBack
00004484 grIceYama__setNode
000045ac grIceYama__setHit
00004948 soCollisionAttackAbsolute____dt
00004988 grIceYama__setAttack
00004b04 grIceYama__setGravity
00004b1c grIceYama__setCollisionAttr
00004ba4 soAnimCmdEventObserver__addObserver
00004de0 soLinkEventObserver__addObserver
0000501c StageObject__isTreadPassive
00005024 StageObject__adjustParentGroundCollision
00005028 StageObject__checkTransitionStatus
00005030 StageObject__isActive
00005038 StageObject__getInput
000050bc Input____dt
000050fc IpNull____dt
0000513c StageObject__processGameProc
00005140 soCollisionAttackEventObserver__addObserver
0000537c Yakumono__soGetSubKind
00005384 Yakumono__soGetKind
0000538c Yakumono__updatePosture
00005390 Input__getContNo
00005398 IpNull__removeRumbleMask
0000539c IpNull__removeRumbleId
000053a0 IpNull__removeRumble
000053a4 IpNull__stopRumble
000053a8 IpNull__setRumble
000053ac IpNull__getTrigger
000053cc IpNull__getButton
000053d4 IpNull__getStickSub
000053f8 IpNull__getStickMain
0000541c IpNull__update
00005420 soArrayVectorCalcInterface____dt
00005460 ykNoHitNormal_77soCollisionAttackModuleBuildConfig_6_2_0_27soCollisionAttackModuleImpl_1_0_1______dt
00005510 ykNoHitNormal_77soCollisionAttackModuleBuildConfig_6_2_0_27soCollisionAttackModuleImpl_1_0_1____initAttackPosXWork
0000551c ykNoHitNormal_77soCollisionAttackModuleBuildConfig_6_2_0_27soCollisionAttackModuleImpl_1_0_1____initHitPosXWork
00005528 ykNoHitNormal_77soCollisionAttackModuleBuildConfig_6_2_0_27soCollisionAttackModuleImpl_1_0_1____getAttackPosX
00005538 ykNoHitNormal_77soCollisionAttackModuleBuildConfig_6_2_0_27soCollisionAttackModuleImpl_1_0_1____getHitPosX
00005548 soArrayNull_25soCollisionAttackAbsolute_____dt
00005588 soArrayVector_16soCollisionGroup_1_____dt
000055f0 soCollisionAttackPart____ct
0000567c soArrayVector_21soCollisionAttackPart_2_____dt
000056e4 soArrayVector_21soCollisionAttackPart_2___getTopIndex
000056f0 soArrayVector_21soCollisionAttackPart_2___getLastIndex
00005700 soArrayVector_21soCollisionAttackPart_2___isFull
0000570c soArrayVector_21soCollisionAttackPart_2___capacity
00005714 clTarget____ct
00005724 clTarget____dt
00005764 soArrayVector_8clTarget_7_____dt
000057cc soArrayVectorAbstract_16soCollisionGroup_____dt
0000580c soArrayVectorAbstract_21soCollisionAttackPart___push
00005b28 soArrayVectorAbstract_21soCollisionAttackPart_____dt
00005b68 soArrayVectorAbstract_8clTarget_____dt
00005ba8 soArray_8clTarget_____dt
00005be8 soArray_25soCollisionAttackAbsolute_____dt
00005c28 soArray_21soCollisionAttackPart_____dt
00005c68 soArray_16soCollisionGroup_____dt
00005ca8 soArrayContractible_8clTarget_____dt
00005ce8 soArrayContractible_25soCollisionAttackAbsolute_____dt
00005d28 soArrayContractible_21soCollisionAttackPart_____dt
00005d68 soArrayContractible_16soCollisionGroup_____dt
00005da8 soArrayFixed_8clTarget_____dt
00005de8 soArrayFixed_25soCollisionAttackAbsolute_____dt
00005e28 soArrayFixed_21soCollisionAttackPart___isEmpty
00005e5c soArrayFixed_21soCollisionAttackPart_____dt
00005e9c soArrayFixed_16soCollisionGroup_____dt
00005edc soArrayNull_25soCollisionAttackAbsolute___at
00005f5c soArrayNull_25soCollisionAttackAbsolute___at1
00005fdc soArrayNull_25soCollisionAttackAbsolute___size
00005fe4 soArrayNull_25soCollisionAttackAbsolute___shift
00005fe8 soArrayNull_25soCollisionAttackAbsolute___pop
00005fec soArrayNull_25soCollisionAttackAbsolute___clear
00005ff0 soArrayNull_25soCollisionAttackAbsolute___unshift
00005ff4 soArrayNull_25soCollisionAttackAbsolute___push
00005ff8 soArrayNull_25soCollisionAttackAbsolute___insert
00005ffc soArrayNull_25soCollisionAttackAbsolute___erase
00006000 soArrayNull_25soCollisionAttackAbsolute___capacity
00006008 soArrayNull_25soCollisionAttackAbsolute___isFull
00006010 soArrayNull_25soCollisionAttackAbsolute___set
00006014 soArrayNull_25soCollisionAttackAbsolute___isNull
0000601c soArrayVector_16soCollisionGroup_1___getTopIndex
00006028 soArrayVector_16soCollisionGroup_1___setTopIndex
00006038 soArrayVector_16soCollisionGroup_1___getLastIndex
00006048 soArrayVector_16soCollisionGroup_1___setLastIndex
00006058 soArrayVector_16soCollisionGroup_1___getArrayValueConst
00006068 soArrayVector_16soCollisionGroup_1___onFull
00006078 soArrayVector_16soCollisionGroup_1___offFull
00006088 soArrayVector_16soCollisionGroup_1___isFull
00006094 soArrayVector_16soCollisionGroup_1___capacity
0000609c soArrayVector_16soCollisionGroup_1___size
000060ac soArrayVector_16soCollisionGroup_1___atFastAbstractSub
000060d4 soArrayVector_16soCollisionGroup_1___setSize
000060e4 soArrayVector_21soCollisionAttackPart_2___setTopIndex
000060f4 soArrayVector_21soCollisionAttackPart_2___setLastIndex
00006104 soArrayVector_21soCollisionAttackPart_2___getArrayValueConst
00006114 soArrayVector_21soCollisionAttackPart_2___onFull
00006124 soArrayVector_21soCollisionAttackPart_2___offFull
00006134 soArrayVector_21soCollisionAttackPart_2___size
00006144 soArrayVector_21soCollisionAttackPart_2___atFastAbstractSub
0000616c soArrayVector_21soCollisionAttackPart_2___setSize
0000617c soArrayVector_8clTarget_7___getTopIndex
00006188 soArrayVector_8clTarget_7___setTopIndex
00006198 soArrayVector_8clTarget_7___getLastIndex
000061a8 soArrayVector_8clTarget_7___setLastIndex
000061b8 soArrayVector_8clTarget_7___getArrayValueConst
000061c8 soArrayVector_8clTarget_7___onFull
000061d8 soArrayVector_8clTarget_7___offFull
000061e8 soArrayVector_8clTarget_7___isFull
000061f4 soArrayVector_8clTarget_7___capacity
000061fc soArrayVector_8clTarget_7___size
0000620c soArrayVector_8clTarget_7___atFastAbstractSub
00006234 soArrayVector_8clTarget_7___setSize
00006244 soArrayVectorAbstract_16soCollisionGroup___at
00006254 soArrayVectorAbstract_16soCollisionGroup___at1
00006264 soArrayVectorAbstract_16soCollisionGroup___unshift
00006450 soArrayVectorAbstract_16soCollisionGroup___shift
0000650c soArrayVectorAbstract_16soCollisionGroup___push
000066f8 soArrayVectorAbstract_16soCollisionGroup___pop
000067b4 soArrayVectorAbstract_16soCollisionGroup___insert
000069c4 soArrayVectorAbstract_16soCollisionGroup___erase
00006a9c soArrayVectorAbstract_16soCollisionGroup___set
00006c38 soArrayVectorAbstract_16soCollisionGroup___clear
00006c80 soArrayVectorAbstract_16soCollisionGroup___isNull
00006c88 soArrayVectorAbstract_16soCollisionGroup___substitution
00006df0 soArrayVectorAbstract_21soCollisionAttackPart___at
00006e00 soArrayVectorAbstract_21soCollisionAttackPart___at1
00006e10 soArrayVectorAbstract_21soCollisionAttackPart___unshift
0000712c soArrayVectorAbstract_21soCollisionAttackPart___shift
000071e8 soArrayVectorAbstract_21soCollisionAttackPart___pop
000072a4 soArrayVectorAbstract_21soCollisionAttackPart___insert
000075e4 soArrayVectorAbstract_21soCollisionAttackPart___erase
000076bc soArrayVectorAbstract_21soCollisionAttackPart___set
00007988 soArrayVectorAbstract_21soCollisionAttackPart___clear
000079d0 soArrayVectorAbstract_21soCollisionAttackPart___isNull
000079d8 soArrayVectorAbstract_21soCollisionAttackPart___substitution
00007c70 soArrayVectorAbstract_8clTarget___at
00007c80 soArrayVectorAbstract_8clTarget___at1
00007c90 soArrayVectorAbstract_8clTarget___unshift
00007d8c soArrayVectorAbstract_8clTarget___shift
00007e48 soArrayVectorAbstract_8clTarget___push
00007f44 soArrayVectorAbstract_8clTarget___pop
00008000 soArrayVectorAbstract_8clTarget___insert
00008120 soArrayVectorAbstract_8clTarget___erase
000081f8 soArrayVectorAbstract_8clTarget___set
000082a4 soArrayVectorAbstract_8clTarget___clear
000082ec soArrayVectorAbstract_8clTarget___isNull
000082f4 soArrayVectorAbstract_8clTarget___substitution
0000836c soArrayFixed_8clTarget___isEmpty
000083a0 soArrayFixed_25soCollisionAttackAbsolute___isEmpty
000083d4 soArrayFixed_16soCollisionGroup___isEmpty
00008408 soArrayVectorAbstract_8clTarget____4_
00008410 soArrayVector_8clTarget_7____4_
00008418 soArrayVector_8clTarget_7____4_setLastIndex
00008420 soArrayVector_8clTarget_7____4_setTopIndex
00008428 soArrayVector_8clTarget_7____4_offFull
00008430 soArrayVector_8clTarget_7____4_onFull
00008438 soArrayVectorAbstract_8clTarget____4_substitution
00008440 soArrayVectorAbstract_21soCollisionAttackPart____4_
00008448 soArrayVector_21soCollisionAttackPart_2____4_
00008450 soArrayVector_21soCollisionAttackPart_2____4_setLastIndex
00008458 soArrayVector_21soCollisionAttackPart_2____4_setTopIndex
00008460 soArrayVector_21soCollisionAttackPart_2____4_offFull
00008468 soArrayVector_21soCollisionAttackPart_2____4_onFull
00008470 soArrayVectorAbstract_21soCollisionAttackPart____4_substitution
00008478 soArrayVectorAbstract_16soCollisionGroup____4_
00008480 soArrayVector_16soCollisionGroup_1____4_
00008488 soArrayVector_16soCollisionGroup_1____4_setLastIndex
00008490 soArrayVector_16soCollisionGroup_1____4_setTopIndex
00008498 soArrayVector_16soCollisionGroup_1____4_offFull
000084a0 soArrayVector_16soCollisionGroup_1____4_onFull
000084a8 soArrayVectorAbstract_16soCollisionGroup____4_substitution
000084b0 ykNoHitNormal_77soCollisionAttackModuleBuildConfig_6_2_0_27soCollisionAttackModuleImpl_1_0_1_____64_
000084b8 StageObject___72_notifyEventAnimCmd
000084c0 StageObject___72_isObserv
000084c8 StageObject___84_notifyEventLink
000084d0 Yakumono___100_notifyEventCollisionAttackCheck
000084d8 Yakumono___100_notifyEventCollisionAttack
000084e0 grIceRot__create
00008588 grIceRot____ct
00008654 grIceRot____dt
000086bc grIceRot__update
00008750 grIceRot__updateRot
00008ad4 grIceRot__updateCallBack
00008c6c grIceRot__receiveCollMsg_Landing
00008ce4 grIceBreak__create
00008d8c grIceBreak____ct
00008e60 grIceBreak____dt
00008f50 grIceBreak__update
0000905c grIceBreak__updateYakumono
00009138 grIceBreak__updatePreBuild
00009210 grIceBreak__updateShake
0000931c grIceBreak__updateCallBack
000094b0 grIceBreak__setHit
00009a7c soDamageTransactorNull____dt
00009abc grIceBreak__onDamage
00009c90 Yakumono__initHitPosXWork
00009c94 Yakumono__initAttackPosXWork
00009c98 soDamageTransactor__getWeightReactionMul
00009ca4 soDamageTransactor__preProcessCheckDamage
00009cac soDamageTransactorNull__checkDownDamage
00009cb4 soDamageTransactorNull__checkNoReaction
00009cbc soDamageTransactorNull__getDamageForReaction
00009cc0 soDamageTransactorNull__checkCheer
00009cc4 soDamageTransactorNull__getDamageMul
00009cd0 soDamageTransactorNull__getReactionMul
00009cdc soDamageTransactorNull__getReactionSub
00009ce8 soDamageTransactorNull__setupDamageFlyRollStatus
00009cec soDamageTransactorNull__setupDamageStatusNoReaction
00009cf0 soDamageTransactorNull__setupSpeedDamage
00009cf4 soDamageTransactorNull__setupDamageStatusTurn
00009cf8 soDamageTransactorNull__setupDamageStatusNormal
00009cfc soDamageTransactorNull__onDamage
00009d04 soDamageTransactorNull__onCompositionDamageSpeed
00009d0c soDamageTransactorNull__onGroundDamageAfter
00009d10 soDamageTransactorNull__isCheckGroundDamage
00009d18 soDamageTransactorNull__setFlagDownDamage3
00009d1c soDamageTransactorNull__onParalyzeDamage
00009d20 soDamageTransactorNull__onFlowerDamage
00009d24 soDamageTransactorNull__addSleepTime
00009d28 soDamageTransactorNull__isParalyzeDamage
00009d30 soDamageTransactorNull__isSleepStatus
00009d38 soDamageTransactorNull__isSlip
00009d40 soDamageTransactorNull__getHitStopMul
00009d4c soDamageTransactorNull__getDamageHeight
00009d54 soDamageTransactorNull__isApplyTurnDamage
00009d5c soDamageTransactorNull__isUseTurn
00009d64 soDamageTransactorNull__isUseTurnDamage
00009d6c soDamageTransactorNull__getDamageStatusKind
00009d74 soDamageTransactorNull__onDamageChangeStatusRequest
00009d7c soDamageTransactorNull__getDamageValueParam
00009d84 ykNormal_38soCollisionAttackModuleBuildConfigNull_72soCollisionHitModuleBuildConfig_7_1_1_24soCol_______dt
00009e8c soArrayVector_8soDamage_1_____dt
00009ef4 soArrayVector_19soCollisionHitGroup_1_____dt
00009f5c soCollisionHitPart____ct
00009fc8 soArrayVector_18soCollisionHitPart_1_____dt
0000a030 soArrayVector_18soCollisionHitPart_1___getTopIndex
0000a03c soArrayVector_18soCollisionHitPart_1___getLastIndex
0000a04c soArrayVector_18soCollisionHitPart_1___isFull
0000a058 soArrayVector_18soCollisionHitPart_1___capacity
0000a060 soArrayVector_8clTarget_6_____dt
0000a0c8 soArrayVectorAbstract_18soCollisionHitPart___push
0000a3ac soArrayFixed_18soCollisionHitPart___isEmpty
0000a3e0 soDamage____ct
0000a404 soDamage____dt
0000a444 soArrayVector_8soDamage_1___getTopIndex
0000a450 soArrayVector_8soDamage_1___setTopIndex
0000a460 soArrayVector_8soDamage_1___getLastIndex
0000a470 soArrayVector_8soDamage_1___setLastIndex
0000a480 soArrayVector_8soDamage_1___getArrayValueConst
0000a490 soArrayVector_8soDamage_1___onFull
0000a4a0 soArrayVector_8soDamage_1___offFull
0000a4b0 soArrayVector_8soDamage_1___isFull
0000a4bc soArrayVector_8soDamage_1___capacity
0000a4c4 soArrayVector_8soDamage_1___size
0000a4d4 soArrayVector_8soDamage_1___atFastAbstractSub
0000a4fc soArrayVector_8soDamage_1___setSize
0000a50c soArrayVector_19soCollisionHitGroup_1___getTopIndex
0000a518 soArrayVector_19soCollisionHitGroup_1___setTopIndex
0000a528 soArrayVector_19soCollisionHitGroup_1___getLastIndex
0000a538 soArrayVector_19soCollisionHitGroup_1___setLastIndex
0000a548 soArrayVector_19soCollisionHitGroup_1___getArrayValueConst
0000a558 soArrayVector_19soCollisionHitGroup_1___onFull
0000a568 soArrayVector_19soCollisionHitGroup_1___offFull
0000a578 soArrayVector_19soCollisionHitGroup_1___isFull
0000a584 soArrayVector_19soCollisionHitGroup_1___capacity
0000a58c soArrayVector_19soCollisionHitGroup_1___size
0000a59c soArrayVector_19soCollisionHitGroup_1___atFastAbstractSub
0000a5c4 soArrayVector_19soCollisionHitGroup_1___setSize
0000a5d4 soArrayVector_18soCollisionHitPart_1___setTopIndex
0000a5e4 soArrayVector_18soCollisionHitPart_1___setLastIndex
0000a5f4 soArrayVector_18soCollisionHitPart_1___getArrayValueConst
0000a604 soArrayVector_18soCollisionHitPart_1___onFull
0000a614 soArrayVector_18soCollisionHitPart_1___offFull
0000a624 soArrayVector_18soCollisionHitPart_1___size
0000a634 soArrayVector_18soCollisionHitPart_1___atFastAbstractSub
0000a65c soArrayVector_18soCollisionHitPart_1___setSize
0000a66c soArrayVector_8clTarget_6___getTopIndex
0000a678 soArrayVector_8clTarget_6___setTopIndex
0000a688 soArrayVector_8clTarget_6___getLastIndex
0000a698 soArrayVector_8clTarget_6___setLastIndex
0000a6a8 soArrayVector_8clTarget_6___getArrayValueConst
0000a6b8 soArrayVector_8clTarget_6___onFull
0000a6c8 soArrayVector_8clTarget_6___offFull
0000a6d8 soArrayVector_8clTarget_6___isFull
0000a6e4 soArrayVector_8clTarget_6___capacity
0000a6ec soArrayVector_8clTarget_6___size
0000a6fc soArrayVector_8clTarget_6___atFastAbstractSub
0000a724 soArrayVector_8clTarget_6___setSize
0000a734 soArrayVectorAbstract_8soDamage___at
0000a744 soArrayVectorAbstract_8soDamage___at1
0000a754 soArrayVectorAbstract_8soDamage___unshift
0000a9c8 soArrayVectorAbstract_8soDamage___shift
0000aa84 soArrayVectorAbstract_8soDamage___push
0000acf8 soArrayVectorAbstract_8soDamage___pop
0000adb4 soArrayVectorAbstract_8soDamage___insert
0000b04c soArrayVectorAbstract_8soDamage___erase
0000b124 soArrayVectorAbstract_8soDamage___set
0000b348 soArrayVectorAbstract_8soDamage___clear
0000b390 soArrayVectorAbstract_8soDamage___isNull
0000b398 soArrayVectorAbstract_8soDamage___substitution
0000b588 soArrayVectorAbstract_19soCollisionHitGroup___at
0000b598 soArrayVectorAbstract_19soCollisionHitGroup___at1
0000b5a8 soArrayVectorAbstract_19soCollisionHitGroup___unshift
0000b724 soArrayVectorAbstract_19soCollisionHitGroup___shift
0000b7e0 soArrayVectorAbstract_19soCollisionHitGroup___push
0000b95c soArrayVectorAbstract_19soCollisionHitGroup___pop
0000ba18 soArrayVectorAbstract_19soCollisionHitGroup___insert
0000bbb8 soArrayVectorAbstract_19soCollisionHitGroup___erase
0000bc90 soArrayVectorAbstract_19soCollisionHitGroup___set
0000bdbc soArrayVectorAbstract_19soCollisionHitGroup___clear
0000be04 soArrayVectorAbstract_19soCollisionHitGroup___isNull
0000be0c soArrayVectorAbstract_19soCollisionHitGroup___substitution
0000bf04 soArrayVectorAbstract_18soCollisionHitPart___at
0000bf14 soArrayVectorAbstract_18soCollisionHitPart___at1
0000bf24 soArrayVectorAbstract_18soCollisionHitPart___unshift
0000c208 soArrayVectorAbstract_18soCollisionHitPart___shift
0000c2c4 soArrayVectorAbstract_18soCollisionHitPart___pop
0000c380 soArrayVectorAbstract_18soCollisionHitPart___insert
0000c688 soArrayVectorAbstract_18soCollisionHitPart___erase
0000c760 soArrayVectorAbstract_18soCollisionHitPart___set
0000c9f4 soArrayVectorAbstract_18soCollisionHitPart___clear
0000ca3c soArrayVectorAbstract_18soCollisionHitPart___isNull
0000ca44 soArrayVectorAbstract_18soCollisionHitPart___substitution
0000cca4 soArrayFixed_8soDamage___isEmpty
0000ccd8 soArrayFixed_19soCollisionHitGroup___isEmpty
0000cd0c soArrayVector_8clTarget_6____4_
0000cd14 soArrayVector_8clTarget_6____4_setLastIndex
0000cd1c soArrayVector_8clTarget_6____4_setTopIndex
0000cd24 soArrayVector_8clTarget_6____4_offFull
0000cd2c soArrayVector_8clTarget_6____4_onFull
0000cd34 soArrayVector_18soCollisionHitPart_1____4_
0000cd3c soArrayVector_18soCollisionHitPart_1____4_setLastIndex
0000cd44 soArrayVector_18soCollisionHitPart_1____4_setTopIndex
0000cd4c soArrayVector_18soCollisionHitPart_1____4_offFull
0000cd54 soArrayVector_18soCollisionHitPart_1____4_onFull
0000cd5c soArrayVectorAbstract_18soCollisionHitPart____4_substitution
0000cd64 soArrayVector_19soCollisionHitGroup_1____4_
0000cd6c soArrayVector_19soCollisionHitGroup_1____4_setLastIndex
0000cd74 soArrayVector_19soCollisionHitGroup_1____4_setTopIndex
0000cd7c soArrayVector_19soCollisionHitGroup_1____4_offFull
0000cd84 soArrayVector_19soCollisionHitGroup_1____4_onFull
0000cd8c soArrayVectorAbstract_19soCollisionHitGroup____4_substitution
0000cd94 soArrayVector_8soDamage_1____4_
0000cd9c soArrayVector_8soDamage_1____4_setLastIndex
0000cda4 soArrayVector_8soDamage_1____4_setTopIndex
0000cdac soArrayVector_8soDamage_1____4_offFull
0000cdb4 soArrayVector_8soDamage_1____4_onFull
0000cdbc soArrayVectorAbstract_8soDamage____4_substitution
0000cdc4 ykNormal_38soCollisionAttackModuleBuildConfigNull_72soCollisionHitModuleBuildConfig_7_1_1_24soCol______64_
0000cdcc grIceKumo__create
0000cee0 grIceKumo____dt
0000cf38 grIceKumo__update
0000cfac grIceKumo__updateMove
0000d260 grIceKumo__updateCallBack
0000d308 grIceIce__create
0000d3b0 grIceIce____ct
0000d478 grIceIce____dt
0000d4e0 grIceIce__update
0000d56c grIceIce__updateMove
0000d890 grIceIce__updateUpDown
0000d9f8 grIceIce__updateCallBack
0000dac0 grIceIce__receiveCollMsg_Landing
0000db20 grIceTurara__create
0000dbc8 grIceTurara____ct
0000dcc8 grIceTurara____dt
0000ddb8 grIceTurara__update
0000de64 grIceTurara__updateYakumono
0000debc grIceTurara__updateActive
0000e1ec grIceTurara__updateCallBack
0000e388 grIceTurara__setHit
0000eb18 grIceTurara__setAttack
0000ec64 grIceTurara__onDamage
0000edf4 ykNormal_77soCollisionAttackModuleBuildConfig_6_1_0_27soCollisionAttackModuleImpl_1_0_1__72soColl_______dt
0000ef50 soArrayVector_21soCollisionAttackPart_1_____dt
0000efb8 soArrayVector_21soCollisionAttackPart_1___getTopIndex
0000efc4 soArrayVector_21soCollisionAttackPart_1___getLastIndex
0000efd4 soArrayVector_21soCollisionAttackPart_1___isFull
0000efe0 soArrayVector_21soCollisionAttackPart_1___capacity
0000efe8 soArrayVector_21soCollisionAttackPart_1___setTopIndex
0000eff8 soArrayVector_21soCollisionAttackPart_1___setLastIndex
0000f008 soArrayVector_21soCollisionAttackPart_1___getArrayValueConst
0000f018 soArrayVector_21soCollisionAttackPart_1___onFull
0000f028 soArrayVector_21soCollisionAttackPart_1___offFull
0000f038 soArrayVector_21soCollisionAttackPart_1___size
0000f048 soArrayVector_21soCollisionAttackPart_1___atFastAbstractSub
0000f070 soArrayVector_21soCollisionAttackPart_1___setSize
0000f080 soArrayVector_21soCollisionAttackPart_1____4_
0000f088 soArrayVector_21soCollisionAttackPart_1____4_setLastIndex
0000f090 soArrayVector_21soCollisionAttackPart_1____4_setTopIndex
0000f098 soArrayVector_21soCollisionAttackPart_1____4_offFull
0000f0a0 soArrayVector_21soCollisionAttackPart_1____4_onFull
0000f0a8 ykNormal_77soCollisionAttackModuleBuildConfig_6_1_0_27soCollisionAttackModuleImpl_1_0_1__72soColl______64_
0000f0b0 grIceFish__create
0000f158 grIceFish____ct
0000f244 grIceFish____dt
0000f2d4 grIceFish__update
0000f360 grIceFish__updateYakumono
0000f520 grIceFish__updateActive
0000f858 grIceFish__updateCallBack
0000f900 grIceFish__setAttackTail
0000fa78 grIceFish__setMotion
0000fec0 grIceFish__createEatArea
0000ff84 grIceFish__onGimmickEvent
0000ffdc grIceFish__presentPosEvent
00010058 grIceBear__create
00010100 grIceBear____ct
000101f4 grIceBear____dt
0001025c grIceBear__update
000102e8 grIceBear__updateMove
00010e38 grIceBear__updateMotion
000110d0 grIceBear__updateCallBack
000111a0 grIceBear__calcPos
00011404 grIceBear__setMotion
0001184c mostage___prolog
00011894 mostage___epilog
000118dc mostage___unresolved
