.section 1
.module 86
00000000 globaldestructorchain____register_global_object
0000001c globaldestructorchain____destroy_global_chain
00000070 stOnlineTrainning__create
000000f0 stOnlineTrainning____dt
0000015c stOnlineTrainning__loading
00000164 stOnlineTrainning__createObj
00000350 stOnlineTrainning__update
0000062c Stage__startFighterEvent
00000630 Stage__initializeFighterAttackRatio
00000638 Stage__helperStarWarp
00000640 Stage__isSimpleBossBattleMode
00000648 Stage__isBossBattleMode
00000650 Stage__isCameraLocked
00000658 Stage__notifyTimmingGameStart
0000065c Stage__getFrameRuleTime
00000664 Stage__setFrameRuleTime
0000066c Stage__isNextStepBgmEqualNowStepBgmFromFlag
00000674 Stage__getBgmPlayOffsetFrame
00000680 Stage__getBgmVolume
0000068c Stage__setBgmChange
0000069c Stage__getBgmChangeID
000006b0 Stage__isBgmChange
000006b8 Stage__getBgmOptionID
000006c0 Stage__getNowStepBgmID
000006c8 Stage__getBgmID
000006d0 Stage__appearanceFighterLocal
000006d4 Stage__getScrollDir
000006f0 Stage__getDefaultLightSetIndex
000006f8 Stage__getAIRange
00000700 Stage__isAdventureStage
00000708 Stage__getPokeTrainerDrawLayer
00000710 Stage__getPokeTrainerPositionZ
0000071c Stage__getPokeTrainerPointData
00000720 Stage__getPokeTrainerPointNum
00000728 stMelee__isReStartSamePoint
00000730 stMelee__getWind2ndOnlyData
00000738 stOnlineTrainning__getBgmID
00000740 stonlinetrainningcpp____sinit_
000007c8 stClassInfoImpl_55_17stOnlineTrainning_____dt
0000083c stClassInfoImpl_55_17stOnlineTrainning___create
000008c0 stClassInfoImpl_55_17stOnlineTrainning___preload
000008c4 mostage___prolog
0000090c mostage___epilog
00000954 mostage___unresolved
