.section 1
.module 89
00000000 globaldestructorchain____register_global_object
0000001c globaldestructorchain____destroy_global_chain
00000070 stTargetBreak__create
000000a4 stTargetBreak____ct
0000016c stTargetBreak____dt
00000234 stTargetBreak__loading
0000023c stTargetBreak__createObj
00000f88 Ground__setStageData
00000f90 Ground__setMdlIndex
00000f98 grGimmick__setGimmickData
00000fa0 stTargetBreak__update
00001680 stTargetBreak__putItem
000017a8 Ground__adventureEventGetItem
000017b0 Ground__getInitializeInfo
000017b8 Ground__setInitializeInfo
000017bc Ground__disableCalcCollision
000017cc Ground__enableCalcCollision
000017dc Ground__isEnableCalcCollision
000017e8 Ground__getMdlIndex
000017f0 Ground__initStageData
000017f4 Ground__getStageData
000017fc Ground__getModelCount
00001818 grGimmick__getTransparencyFlag
00001820 grGimmick__getGimmickData
00001828 grGimmickTargetBreakSpring__setMotionOff
000018c4 grGimmickTargetBreakSpring____dt
0000191c Stage__startFighterEvent
00001920 Stage__initializeFighterAttackRatio
00001928 Stage__helperStarWarp
00001930 Stage__isSimpleBossBattleMode
00001938 Stage__isBossBattleMode
00001940 Stage__isCameraLocked
00001948 Stage__notifyTimmingGameStart
0000194c Stage__getFrameRuleTime
00001954 Stage__setFrameRuleTime
0000195c Stage__isNextStepBgmEqualNowStepBgmFromFlag
00001964 Stage__getBgmPlayOffsetFrame
00001970 Stage__getBgmVolume
0000197c Stage__setBgmChange
0000198c Stage__getBgmChangeID
000019a0 Stage__isBgmChange
000019a8 Stage__getBgmOptionID
000019b0 Stage__getNowStepBgmID
000019b8 Stage__getBgmID
000019c0 Stage__appearanceFighterLocal
000019c4 Stage__getScrollDir
000019e0 Stage__getDefaultLightSetIndex
000019e8 Stage__getAIRange
000019f0 Stage__isAdventureStage
000019f8 Stage__getPokeTrainerDrawLayer
00001a00 Stage__getPokeTrainerPositionZ
00001a0c Stage__getPokeTrainerPointData
00001a10 Stage__getPokeTrainerPointNum
00001a18 stMelee__getWind2ndOnlyData
00001a20 stTargetBreak__isReStartSamePoint
00001a28 stTargetBreak__getBgmID
00001a30 sttargetbreakcpp____sinit_
00001ab8 stClassInfoImpl_56_13stTargetBreak_____dt
00001b2c stClassInfoImpl_56_13stTargetBreak___create
00001b60 stClassInfoImpl_56_13stTargetBreak___preload
00001b64 grTargetBreak__create
00001c28 grTargetBreak____dt
00001c80 grTargetBreak__thisIsTarget
00001d10 grTargetBreak__targetBroken
00001d18 grTargetBreak__onDamage
00001d7c Ground__setInitializeFlag
00001d80 mostage___prolog
00001dc8 mostage___epilog
00001e10 mostage___unresolved
