.module 117
.section 1
00000000 globaldestructorchain____register_global_object
0000001C globaldestructorchain____destroy_global_chain
00000070 ftDedede____ct
000019B4 ftFighterBuilder_19ftDededeBuildConfig_____dt
00001A54 ftStatusGimmickUniqProcessPoolImpl____dt
00001B0C ftStatusUniqProcessGimmickEaten____dt
00001B68 ftStatusUniqProcessGimmick____dt
00001BCC ftStatusUniqProcessGimmickTruck____dt
00001C28 ftStatusUniqProcessGimmickSpring____dt
00001C84 ftStatusUniqProcessGimmickLadder____dt
00001CE0 ftStatusUniqProcessGimmickCatapult____dt
00001D3C ftStatusUniqProcessGimmickDoor____dt
00001D98 ftStatusUniqProcessGimmickBarrel____dt
00001DF4 ftStatusGimmickUniqProcessPool____dt
00001E34 ftVirtualNodeMatrixPoolImpl____dt
00001E90 ftVirtualNodeMatrixPool____dt
00001ED0 ftCancelModuleImpl____dt
00001F50 soAnimCmdEventObserver____dt
00001FAC soStatusEventObserver____dt
00002008 ftModuleAccesserBuilder_19ftDededeBuildConfig_____dt
0000208C ftAnimCmdModuleSubBuilder_38ftAnimCmdModuleSubBuildConfig_314_535______dt
00002164 soAnimCmdControlUnitBuilder_51soAnimCmdControlUnitBuildConfig_10_16_41_0_0_1_0_8______dt
000021F0 soAnimCmdInterpreter____dt
0000224C soEventPresenter_22soAnimCmdEventObserver_____dt
0000228C soAnimCmdAddressPackArraySeparate____dt
000022CC soArraySelectHolder_1_44soArrayVector_25acCmdInterpreterStackData_8__61soSingletonHolder_40soArra_______dt
00002328 soAnimCmdControlUnitBuilder_41soAnimCmdControlUnitBuildConfigUniq_9_10______dt
00002394 soArraySelectHolder_1_45soArrayVector_25acCmdInterpreterStackData_10__61soSingletonHolder_40soArr_______dt
000023F0 soAnimCmdControlUnitBuilder_51soAnimCmdControlUnitBuildConfig_8_32_535_0_0_1_0_8______dt
0000247C soAnimCmdControlUnitBuilder_52soAnimCmdControlUnitBuildConfig_7_128_535_0_0_1_0_8______dt
000024BC soAnimCmdControlUnitBuilder_52soAnimCmdControlUnitBuildConfig_6_128_535_0_0_1_0_8______dt
00002548 soAnimCmdControlUnitBuilder_51soAnimCmdControlUnitBuildConfig_5_32_535_0_0_1_0_8______dt
000025D4 soAnimCmdControlUnitBuilder_50soAnimCmdControlUnitBuildConfig_4_2_535_0_0_1_0_8______dt
00002660 soAnimCmdControlUnitBuilder_51soAnimCmdControlUnitBuildConfig_3_64_535_0_0_1_0_8______dt
000026EC soAnimCmdControlUnitBuilder_51soAnimCmdControlUnitBuildConfig_2_64_535_0_0_1_0_8______dt
000027C4 soAnimCmdControlUnitBuilder_50soAnimCmdControlUnitBuildConfig_1_2_535_0_0_1_0_8______dt
00002850 soAnimCmdControlUnitBuilder_60soAnimCmdControlUnitBuildConfigDisguise_0_1_314_314_0_1_0_8______dt
000028E8 soArraySelectHolder_1_36soArrayVector_PC13acAnimCmdConv_314__51soSingletonHolder_30soArrayNull_PC_______dt
00002944 soModuleAccesserBuilder_19ftDededeBuildConfig_____dt
00002BF0 soGlowModuleBuilder_43soGlowModuleBuildConfig_16ftGlowModuleImpl______dt
00002C4C soSlowModuleBuilder_43soSlowModuleBuildConfig_16soSlowModuleImpl______dt
00002CA8 soAbnormalModuleBuilder_51soAbnormalModuleBuildConfig_20ftAbnormalModuleImpl______dt
00002D04 soJostleModuleBuilder_51soJostleModuleBuildConfig_0_8_18soJostleModuleImpl______dt
00002D60 soColorBlendModuleBuilder_60soColorBlendModuleBuildConfig_10_1_22soColorBlendModuleImpl______dt
00002DBC soItemManageModuleBuilder_127soItemManageModuleBuildConfig_7_4_27ftDededeWaddledeeSearchImpl_35ft_______dt
00002E3C soArraySelectHolder_1_29soArrayVector_10soItemInfo_4__46soSingletonHolder_25soArrayNull_10soItemI_______dt
00002E98 soShadowModuleBuilder_47soShadowModuleBuildConfig_18soShadowModuleImpl______dt
00002EF4 soSlopeModuleBuilder_49soSlopeModuleBuildConfig_0_1_17soSlopeModuleImpl______dt
00002F50 soPhysicsModuleBuilder_53soPhysicsModuleBuildConfig_2_19soPhysicsModuleImpl_1______dt
00002FC4 soAreaModuleBuilder_90soAreaModuleBuildConfig_11_16_34soAreaEnviromentElementCheckerImpl_16ftArea_______dt
0000305C soComboModuleBuilder_45soComboModuleBuildConfig_17ftComboModuleImpl______dt
000030B8 soEffectModuleBuilder_58soEffectModuleBuildConfig_1_1_1_1_10_18soEffectModuleImpl______dt
00003150 soArraySelectHolder_1_33soArrayVector_14efScreenHandle_1__50soSingletonHolder_29soArrayNull_14efS_______dt
000031AC soArraySelectHolder_1_31soArrayVector_12soEffectTime_1__48soSingletonHolder_27soArrayNull_12soEff_______dt
00003208 soGenerateArticleManageModuleBuilder_1104soGenerateArticleManageModuleBuildConfig_1017soArticleMe_______dt
00003290 soSelectInstanceHolder_1_1017soArticleMediatorImpl_493soTypeList_72soInstancePoolInfo_12wnDededeS_______dt
000032EC soArticleMediatorImpl_493soTypeList_72soInstancePoolInfo_12wnDededeStar_2_16wnInstanceHolder_14so_______dt
0000335C soLineHierarchy_493soTypeList_72soInstancePoolInfo_12wnDededeStar_2_16wnInstanceHolder_14soIntToT_______dt
000033B8 soInstancePool_72soInstancePoolInfo_12wnDededeStar_2_16wnInstanceHolder_14soIntToType_0___489soLi_______dt
00003434 soInstancePoolSub_72soInstancePoolInfo_12wnDededeStar_2_16wnInstanceHolder_14soIntToType_0___23so_______dt
000034A0 wnInstanceHolder_12wnDededeStar_23soKindInfoGeneric_0_32__14soIntToType_0______dt
00003500 soInstancePoolSub_72soInstancePoolInfo_12wnDededeStar_1_16wnInstanceHolder_14soIntToType_0___23so_______dt
00003560 soInstancePool_77soInstancePoolInfo_17wnDededeJethammer_1_16wnInstanceHolder_14soIntToType_1___39_______dt
000035DC soInstancePoolSub_77soInstancePoolInfo_17wnDededeJethammer_1_16wnInstanceHolder_14soIntToType_1_________dt
0000363C wnInstanceHolder_17wnDededeJethammer_23soKindInfoGeneric_0_32__14soIntToType_1______dt
0000369C soInstancePool_79soInstancePoolInfo_19wnDededeStarmissile_1_16wnInstanceHolder_14soIntToType_2__________dt
00003718 soInstancePoolSub_79soInstancePoolInfo_19wnDededeStarmissile_1_16wnInstanceHolder_14soIntToType_2_______dt
00003778 wnInstanceHolder_19wnDededeStarmissile_23soKindInfoGeneric_0_32__14soIntToType_2______dt
000037D8 soInstancePool_81soInstancePoolInfo_21wnDededeWaddledooBeam_4_16wnInstanceHolder_14soIntToType_3________dt
0000384C soInstancePoolSub_81soInstancePoolInfo_21wnDededeWaddledooBeam_4_16wnInstanceHolder_14soIntToType_______dt
000038B8 wnInstanceHolder_21wnDededeWaddledooBeam_23soKindInfoGeneric_0_32__14soIntToType_3______dt
00003918 soInstancePoolSub_81soInstancePoolInfo_21wnDededeWaddledooBeam_3_16wnInstanceHolder_14soIntToType_______dt
00003984 soInstancePoolSub_81soInstancePoolInfo_21wnDededeWaddledooBeam_2_16wnInstanceHolder_14soIntToType_______dt
000039F0 soInstancePoolSub_81soInstancePoolInfo_21wnDededeWaddledooBeam_1_16wnInstanceHolder_14soIntToType_______dt
00003A50 soLineHierarchy_112soTypeList_77soInstancePoolInfo_16wnDededeFollower_19_16wnInstanceHolder_14soI_______dt
00003AB4 soInstancePool_77soInstancePoolInfo_16wnDededeFollower_19_16wnInstanceHolder_14soIntToType_4___18_______dt
00003B14 soInstancePoolSub_77soInstancePoolInfo_16wnDededeFollower_19_16wnInstanceHolder_14soIntToType_4_________dt
00003B84 wnInstanceHolder_16wnDededeFollower_23soKindInfoGeneric_0_32__14soIntToType_4______dt
00003BE4 soInstancePoolSub_77soInstancePoolInfo_16wnDededeFollower_18_16wnInstanceHolder_14soIntToType_4_________dt
00003C54 soInstancePoolSub_77soInstancePoolInfo_16wnDededeFollower_17_16wnInstanceHolder_14soIntToType_4_________dt
00003CC4 soInstancePoolSub_77soInstancePoolInfo_16wnDededeFollower_16_16wnInstanceHolder_14soIntToType_4_________dt
00003D20 soInstancePoolSub_77soInstancePoolInfo_16wnDededeFollower_15_16wnInstanceHolder_14soIntToType_4_________dt
00003D90 soInstancePoolSub_77soInstancePoolInfo_16wnDededeFollower_14_16wnInstanceHolder_14soIntToType_4_________dt
00003E00 soInstancePoolSub_77soInstancePoolInfo_16wnDededeFollower_13_16wnInstanceHolder_14soIntToType_4_________dt
00003E70 soInstancePoolSub_77soInstancePoolInfo_16wnDededeFollower_12_16wnInstanceHolder_14soIntToType_4_________dt
00003EE0 soInstancePoolSub_77soInstancePoolInfo_16wnDededeFollower_11_16wnInstanceHolder_14soIntToType_4_________dt
00003F50 soInstancePoolSub_77soInstancePoolInfo_16wnDededeFollower_10_16wnInstanceHolder_14soIntToType_4_________dt
00003FC0 soInstancePoolSub_76soInstancePoolInfo_16wnDededeFollower_9_16wnInstanceHolder_14soIntToType_4__________dt
00004030 soInstancePoolSub_76soInstancePoolInfo_16wnDededeFollower_8_16wnInstanceHolder_14soIntToType_4__________dt
000040B4 soInstancePoolSub_76soInstancePoolInfo_16wnDededeFollower_7_16wnInstanceHolder_14soIntToType_4__________dt
00004124 soInstancePoolSub_76soInstancePoolInfo_16wnDededeFollower_6_16wnInstanceHolder_14soIntToType_4__________dt
00004194 soInstancePoolSub_76soInstancePoolInfo_16wnDededeFollower_5_16wnInstanceHolder_14soIntToType_4__________dt
00004204 soInstancePoolSub_76soInstancePoolInfo_16wnDededeFollower_4_16wnInstanceHolder_14soIntToType_4__________dt
00004270 soInstancePoolSub_76soInstancePoolInfo_16wnDededeFollower_3_16wnInstanceHolder_14soIntToType_4__________dt
000042DC soInstancePoolSub_76soInstancePoolInfo_16wnDededeFollower_2_16wnInstanceHolder_14soIntToType_4__________dt
00004348 soInstancePoolSub_76soInstancePoolInfo_16wnDededeFollower_1_16wnInstanceHolder_14soIntToType_4__________dt
000043A8 soArticleMediator____dt
000043E8 soArticleOperator____dt
00004428 soArticleGenerator____dt
00004468 soGeneralWorkBuilder_33soGeneralWorkBuildConfig_77_32_3______dt
000044C8 soGeneralWorkSimple____dt
00004524 soGeneralWorkAbstract____dt
00004564 soKineticModuleBuilder_1193soKineticModuleBuildConfig_26soKineticModuleGenericImpl_1129soKineticM_______dt
000045DC soInstanceManagerFullPropertyVector_P15soKineticEnergy_12_____dt
0000463C soKineticModuleGenericImpl____dt
000046B0 soStatusModuleBuilder_824soStatusModuleBuildConfig_314_34soGeneralWorkBuildConfig_18_14_11__274_7_______dt
0000474C soStatusModuleImpl____dt
000047D0 soArrayQueueImpl_18soArrayVector_l_1______dt
00004830 soArraySelectHolder_1_41soArrayVector_P19soStatusUniqProcess_314__56soSingletonHolder_35soArrayNu_______dt
0000488C soTransitionModuleBuilder_716soTransitionModuleBuildConfig_657soTypeList_15soIntToType_25__624soT_______dt
00004904 soTransitionModuleImpl____dt
00004964 soTransitionInfo____dt
000049A4 soJagArray_46soInstanceUnitFullProperty_16soTransitionTerm__657soTypeList_15soIntToType_25__624so_______dt
00004A04 soArrayPool_15soIntToType_25__818soLineHierarchy_624soTypeList_14soIntToType_6__592soTypeList_14s_______dt
00004A7C soArrayPool_14soIntToType_6__786soLineHierarchy_592soTypeList_14soIntToType_2__560soTypeList_14so_______dt
00004AF4 soArrayPool_14soIntToType_2__754soLineHierarchy_560soTypeList_14soIntToType_1__528soTypeList_15so_______dt
00004B6C soArrayPool_14soIntToType_1__722soLineHierarchy_528soTypeList_15soIntToType_17__495soTypeList_14s_______dt
00004BE4 soArrayPool_15soIntToType_17__689soLineHierarchy_495soTypeList_14soIntToType_3__463soTypeList_14s_______dt
00004C5C soArrayPool_14soIntToType_3__657soLineHierarchy_463soTypeList_14soIntToType_1__431soTypeList_14so_______dt
00004CD4 soArrayPool_14soIntToType_1__625soLineHierarchy_431soTypeList_14soIntToType_2__399soTypeList_14so_______dt
00004D4C soArrayPool_14soIntToType_2__593soLineHierarchy_399soTypeList_14soIntToType_8__367soTypeList_14so_______dt
00004DC4 soArrayPool_14soIntToType_8__561soLineHierarchy_367soTypeList_14soIntToType_2__335soTypeList_14so_______dt
00004E3C soArrayPool_14soIntToType_2__530soLineHierarchy_335soTypeList_14soIntToType_1__303soTypeList_14so_______dt
00004EB4 soArrayPool_14soIntToType_1__498soLineHierarchy_303soTypeList_14soIntToType_6__271soTypeList_14so_______dt
00004F2C soArrayPool_14soIntToType_6__466soLineHierarchy_271soTypeList_14soIntToType_3__239soTypeList_14so_______dt
00004FA4 soArrayPool_14soIntToType_3__434soLineHierarchy_239soTypeList_14soIntToType_1__207soTypeList_14so_______dt
0000501C soArrayPool_14soIntToType_1__402soLineHierarchy_207soTypeList_14soIntToType_1__175soTypeList_14so_______dt
00005094 soArrayPool_14soIntToType_1__370soLineHierarchy_175soTypeList_14soIntToType_2__143soTypeList_14so_______dt
0000510C soArrayPool_14soIntToType_2__338soLineHierarchy_143soTypeList_14soIntToType_3__111soTypeList_14so_______dt
00005184 soArrayPool_14soIntToType_3__306soLineHierarchy_111soTypeList_14soIntToType_2__80soTypeList_14soI_______dt
000051FC soArrayPool_14soIntToType_2__274soLineHierarchy_80soTypeList_14soIntToType_6__49soTypeList_14soIn_______dt
00005274 soArrayPool_14soIntToType_6__243soLineHierarchy_49soTypeList_14soIntToType_1__18soTypeListNullTyp_______dt
000052E4 soLineHierarchy_49soTypeList_14soIntToType_1__18soTypeListNullType__11soArrayPool_65soArrayPoolRo_______dt
00005344 soGeneralWorkBuilder_34soGeneralWorkBuildConfig_18_14_11______dt
000053A4 soAnimCmdModuleBuilder_52soAnimCmdModuleBuildConfig_11_19soAnimCmdModuleImpl______dt
00005410 soInstanceManagerFullPropertyVector_20soAnimCmdControlUnit_11_____dt
00005470 soAnimCmdModuleImpl____dt
000054DC soWorkManageModuleBuilder_55soWorkManageModuleBuildConfig_22soWorkManageModuleImpl______dt
00005538 soCameraModuleBuilder_49soCameraModuleBuildConfig_18soCameraModuleImpl_1______dt
000055AC soControllerModuleBuilder_60soControllerModuleBuildConfig_22ftControllerModuleImpl_10_2______dt
0000562C soArraySelectHolder_1_38soArrayVector_19soControllerClatter_2__55soSingletonHolder_34soArrayNull________dt
00005688 soVisibilityModuleBuilder_57soVisibilityModuleBuildConfig_22soVisibilityModuleImpl_2______dt
000056E4 soLinkModuleBuilder_45soLinkModuleBuildConfig_7_16soLinkModuleImpl______dt
00005750 soSoundModuleBuilder_80soSoundModuleBuildConfig_1_30ftSound3dGeneratorAccesserImpl_17soSoundModul_______dt
000057BC ftSound3dGeneratorAccesserImpl____dt
000057FC soShakeModuleBuilder_47soShakeModuleBuildConfig_4_17soShakeModuleImpl______dt
00005870 soTurnModuleBuilder_43soTurnModuleBuildConfig_16soTurnModuleImpl______dt
000058CC soStopModuleBuilder_43soStopModuleBuildConfig_16ftStopModuleImpl______dt
00005928 soCaptureModuleBuilder_49soCaptureModuleBuildConfig_19soCaptureModuleImpl______dt
00005984 soCatchModuleBuilder_47soCatchModuleBuildConfig_1_17soCatchModuleImpl______dt
000059E0 soDamageModuleBuilder_98soDamageModuleBuildConfig_19soDamageModuleActor_1_22ftDamageTransactorImp_______dt
00005A54 soCollisionSearchModuleBuilder_73soCollisionSearchModuleBuildConfig_0_1_1_27soCollisionSearchModu_______dt
00005ACC soCollisionCatchModuleBuilder_71soCollisionCatchModuleBuildConfig_0_4_1_26soCollisionCatchModuleI_______dt
00005B38 soCollisionReflectorModuleBuilder_75soCollisionReflectorModuleBuildConfig_0_20_2_27soCollisionShi_______dt
00005BC8 soCollisionShieldModuleBuilder_73soCollisionShieldModuleBuildConfig_0_1_1_27soCollisionShieldModu_______dt
00005C58 soCollisionHitModuleBuilder_73soCollisionHitModuleBuildConfig_0_20_1_24soCollisionHitModuleImpl_1_______dt
00005CDC soCollisionAttackModuleBuilder_77soCollisionAttackModuleBuildConfig_0_5_2_27soCollisionAttackModu_______dt
00005D60 soTeamModuleBuilder_51soTeamModuleBuildConfig_6ftTeam_16soTeamModuleImpl______dt
00005DD8 ftTeamIndirect____dt
00005E34 ftTeam____dt
00005E74 soSituationModuleBuilder_53soSituationModuleBuildConfig_21soSituationModuleImpl______dt
00005ED0 soGroundModuleBuilder_49soGroundModuleBuildConfig_1_18soGroundModuleImpl______dt
00005F3C soPostureModuleBuilder_51soPostureModuleBuildConfig_1_19soPostureModuleImpl______dt
00005FB0 soMotionModuleBuilder_248soMotionModuleBuildConfig_535_18soMotionModuleImpl_2_1_107soTransitionMo_______dt
00006064 soMotionAnimObjCacheModuleBuilder_73soMotionAnimObjCacheModuleBuildConfig_5_30soMotionAnimObjCach_______dt
000060D0 soArraySelectHolder_1_19soArrayVector_Ul_5__36soSingletonHolder_15soArrayNull_Ul_______dt
0000612C soSelectInstanceHolder_1_39soArrayVector_20soTransitionTermPack_1__58soSingletonConcrete_35soArra_______dt
00006188 soArraySelectHolder_1_30soArrayVector_11soOtherAnim_1__47soSingletonHolder_26soArrayNull_11soOthe_______dt
000061E4 soArraySelectHolder_1_32soArrayVector_13soPartialAnim_2__49soSingletonHolder_28soArrayNull_13soPa_______dt
00006240 soTransitionModuleBuilder_107soTransitionModuleBuildConfig_49soTypeList_14soIntToType_8__18soType_______dt
000062B8 soJagArray_46soInstanceUnitFullProperty_16soTransitionTerm__49soTypeList_14soIntToType_8__18soTyp_______dt
00006314 soLineHierarchy_49soTypeList_14soIntToType_8__18soTypeListNullType__11soArrayPool_65soArrayPoolRo_______dt
00006374 soModelModuleBuilder_49soModelModuleBuildConfig_8_3_17soModelModuleImpl______dt
000063EC soArraySelectHolder_1_37soArrayVector_18soModelVirtualNode_3__54soSingletonHolder_33soArrayNull_1_______dt
00006448 soResourceModuleBuilder_87soResourceModuleBuildConfigDynamic_0_24ftResourceIdAccesserImpl_20soRes_______dt
000064C0 soResourceIdAccesser____dt
00006500 soParamCustomizeModuleBuilder_63soParamCustomizeModuleBuildConfig_26ftParamCustomizeModuleImpl______dt
0000655C soHeapModuleBuilder_43soHeapModuleBuildConfig_16soHeapModuleImpl______dt
000065B8 soInsideEventManageModuleBuilder_106soInsideEventManageModuleBuildConfig_32_40_4_4_4_4_4_4_5_4_4________dt
000066FC soNullable____ct
00006710 soTeamModuleBuilder_51soTeamModuleBuildConfig_6ftTeam_16soTeamModuleImpl______ct
000067D4 soNullable__isNull
000067DC soInsideEventManageModuleBuilder_106soInsideEventManageModuleBuildConfig_32_40_4_4_4_4_4_4_5_4_4________ct
00006B30 soResourceModuleBuilder_87soResourceModuleBuildConfigDynamic_0_24ftResourceIdAccesserImpl_20soRes_______ct
00006B98 soModelModuleBuilder_49soModelModuleBuildConfig_8_3_17soModelModuleImpl______ct
00006C20 soMotionModuleBuilder_248soMotionModuleBuildConfig_535_18soMotionModuleImpl_2_1_107soTransitionMo_______ct
00006DBC soTransitionModuleImpl____ct
00006DF4 soPostureModuleBuilder_51soPostureModuleBuildConfig_1_19soPostureModuleImpl______ct
00006E64 soGroundModuleBuilder_49soGroundModuleBuildConfig_1_18soGroundModuleImpl______ct
00006EC8 soCollisionAttackModuleBuilder_77soCollisionAttackModuleBuildConfig_0_5_2_27soCollisionAttackModu_______ct
00006F8C soCollisionHitModuleBuilder_73soCollisionHitModuleBuildConfig_0_20_1_24soCollisionHitModuleImpl_1_______ct
00007050 soCollisionShieldModuleBuilder_73soCollisionShieldModuleBuildConfig_0_1_1_27soCollisionShieldModu_______ct
00007124 soCollisionReflectorModuleBuilder_75soCollisionReflectorModuleBuildConfig_0_20_2_27soCollisionShi_______ct
000071F8 soCollisionCatchModuleBuilder_71soCollisionCatchModuleBuildConfig_0_4_1_26soCollisionCatchModuleI_______ct
00007290 soCollisionSearchModuleBuilder_73soCollisionSearchModuleBuildConfig_0_1_1_27soCollisionSearchModu_______ct
0000732C soDamageModuleBuilder_98soDamageModuleBuildConfig_19soDamageModuleActor_1_22ftDamageTransactorImp_______ct
00007398 soShakeModuleBuilder_47soShakeModuleBuildConfig_4_17soShakeModuleImpl______ct
000073F4 soSoundModuleBuilder_80soSoundModuleBuildConfig_1_30ftSound3dGeneratorAccesserImpl_17soSoundModul_______ct
00007484 soLinkModuleBuilder_45soLinkModuleBuildConfig_7_16soLinkModuleImpl______ct
000074D8 soControllerModuleBuilder_60soControllerModuleBuildConfig_22ftControllerModuleImpl_10_2______ct
00007548 soCameraModuleBuilder_49soCameraModuleBuildConfig_18soCameraModuleImpl_1______ct
000075B4 soAnimCmdModuleBuilder_52soAnimCmdModuleBuildConfig_11_19soAnimCmdModuleImpl______ct
000075F8 soStatusModuleBuilder_824soStatusModuleBuildConfig_314_34soGeneralWorkBuildConfig_18_14_11__274_7_______ct
00007980 soGeneralWorkSimple____ct
00007A00 soGeneralWorkSimple__clearWorkAll
00007AB0 soKineticModuleBuilder_1193soKineticModuleBuildConfig_26soKineticModuleGenericImpl_1129soKineticM_______ct
00007E80 soGeneralWorkBuilder_33soGeneralWorkBuildConfig_77_32_3______ct
00007EE0 soGenerateArticleManageModuleBuilder_1104soGenerateArticleManageModuleBuildConfig_1017soArticleMe_______ct
00008394 wnInstanceHolder_16wnDededeFollower_23soKindInfoGeneric_0_32__14soIntToType_4______ct
00008428 wnInstanceHolder_21wnDededeWaddledooBeam_23soKindInfoGeneric_0_32__14soIntToType_3______ct
000084BC wnInstanceHolder_12wnDededeStar_23soKindInfoGeneric_0_32__14soIntToType_0______ct
00008550 soEffectModuleBuilder_58soEffectModuleBuildConfig_1_1_1_1_10_18soEffectModuleImpl______ct
0000861C soAreaModuleBuilder_90soAreaModuleBuildConfig_11_16_34soAreaEnviromentElementCheckerImpl_16ftArea_______ct
000086B4 soPhysicsModuleBuilder_53soPhysicsModuleBuildConfig_2_19soPhysicsModuleImpl_1______ct
00008714 soItemManageModuleBuilder_127soItemManageModuleBuildConfig_7_4_27ftDededeWaddledeeSearchImpl_35ft_______ct
00008790 soAnimCmdAddressPackArraySeparate____ct
000087AC soAnimCmdInterpreter____ct
0000893C soSingletonHolder_30soArrayNull_PC13acAnimCmdConv____getInstance
000089AC soArrayUtility__pushRange_PC13acAnimCmdConv_
00008A28 soAnimCmdControlUnitBuilder_60soAnimCmdControlUnitBuildConfigDisguise_0_1_314_314_0_1_0_8____getEntryList
00008A64 soAnimCmdControlUnitBuilder_60soAnimCmdControlUnitBuildConfigDisguise_0_1_314_314_0_1_0_8____setupDisguiseList
00008B14 ftDedede__onStart
00008BE8 ftDedede__activeArticle
00008E7C Vec3f____as
00008E98 ftDedede__activeArticle1
00008F34 ftDedede__activeArticle2
000092AC Vec3f____ct
000092BC ftDedede__shootArticle
0000946C soSingletonHolder_18ftDededeTransactor___getInstance
000094DC ftDedede__notifyEventLink
000099D8 Weapon__soGetSubKind
000099E0 ftDedede__notifyArticleEventRemove
000099E4 ftDedede__notifyEventChangeStatus
00009CEC ftDedede__notifyEventChangeSituation
00009E84 ftDedede__notifyEventCollisionSearch
00009EE8 ftDedede__notifyEventCollisionSearchCheck
00009F40 ftExtendParamAccesser__getParamIndefinite
00009F48 ftDededeExtendParamAccesser__setup
0000A13C ftExtendParamAccesserEx_3999_41_23999_14___setup
0000A140 ftDededeExtendParamAccesser____dt
0000A1A0 ftExtendParamAccesserEx_3999_41_23999_14_____dt
0000A1FC Fighter__isObserv
0000A218 ftDedede____dt
0000A28C soAnimCmdEventObserver__addObserver
0000A2A0 soLinkEventObserver__addObserver
0000A2B4 StageObject__adjustParentGroundCollision
0000A2B8 StageObject__isActive
0000A2C0 StageObject__processGameProc
0000A2C4 soStatusEventObserver__addObserver
0000A2D8 soSituationEventObserver__addObserver
0000A2EC soCollisionAttackEventObserver__addObserver
0000A300 soCollisionHitEventObserver__notifyEventCollisionHit2nd
0000A304 soCollisionHitEventObserver__notifyEventCollisionHit
0000A308 soCollisionHitEventObserver__addObserver
0000A31C soCollisionShieldEventObserver__addObserver
0000A330 soCollisionReflectorEventObserver__addObserver
0000A344 soCollisionAbsorberEventObserver__addObserver
0000A358 soCollisionSearchEventObserver__addObserver
0000A36C soCaptureEventObserver__addObserver
0000A380 soItemManageEventObserver__addObserver
0000A394 soMotionEventObserver__notifyEventChangeMotion
0000A398 soMotionEventObserver__addObserver
0000A3AC soDamageEventObserver__addObserver
0000A3C0 ftEntryEventObserver__notifyEventExitFighter
0000A3C4 ftEntryEventObserver__notifyEventKirbyResourceUnLoaded
0000A3C8 ftEntryEventObserver__notifyEventKirbyResourceLoaded
0000A3CC ftEntryEventObserver__notifyEventPokeTrainerReplace
0000A3D0 ftEntryEventObserver__notifyEventPokemonDamage
0000A3D4 ftEntryEventObserver__notifyEventPokemonInflict
0000A3D8 ftEntryEventObserver__notifyEventPokemonAttack
0000A3DC ftEntryEventObserver__notifyEventPokemonRebirthEnd
0000A3E0 ftEntryEventObserver__notifyEventStopRumble
0000A3E4 ftEntryEventObserver__notifyEventSetRumble
0000A3E8 ftEntryEventObserver__notifyEventPokemonAppeal
0000A3EC ftEntryEventObserver__notifyEventPokemonSpecial
0000A3F0 ftEntryEventObserver__notifyEventPokemonChangeCancel
0000A3F4 ftEntryEventObserver__notifyEventPokemonCollect
0000A3F8 ftEntryEventObserver__notifyEventPokemonTrainerUpdate
0000A3FC ftEntryEventObserver__notifyEventPokemonRequestChange
0000A404 ftEntryEventObserver__notifyEventPokemonStart
0000A408 ftEntryEventObserver__notifyEventWarp
0000A40C ftEntryEventObserver__notifyEventPartnerResourcePrepared
0000A410 ftEntryEventObserver__notifyEventDeadPartner
0000A414 ftEntryEventObserver__addObserver
0000A428 soTurnEventObserver__addObserver
0000A43C Fighter__disappear
0000A440 Fighter__trainerRestart
0000A444 Fighter__trainerStart
0000A448 Fighter__playEatSE
0000A44C Fighter__setVisibility
0000A450 Fighter__getFtKind
0000A458 Fighter__soGetSubKind
0000A468 Fighter__soGetKind
0000A470 Fighter__notifyEventCollisionAttackFighter
0000A474 Fighter__analyzeSeal
0000A478 Fighter__onHitReflector
0000A47C Fighter__change
0000A480 Fighter__setupChangeSucceedEffect
0000A488 Fighter__getChangeSucceedOption
0000A490 Fighter__postStart
0000A494 Fighter__onDeactivate
0000A498 Fighter__onActivate
0000A49C Fighter__onEndFinal
0000A4A0 Fighter__onStartFinal
0000A4A4 ftSound3dGeneratorAccesserImpl__getInstance
0000A4B4 ftSound3dGeneratorAccesserImpl__deactivate
0000A508 ftSound3dGeneratorAccesserImpl__activate
0000A564 ftVirtualNodeMatrixPoolImpl__getExtendMatrix
0000A56C ftVirtualNodeMatrixPoolImpl__getCommonMatrix
0000A574 ftVirtualNodeMatrixPoolImpl__getHitMatrix
0000A57C ftStatusGimmickUniqProcessPoolImpl__getUniqProcessEaten
0000A584 ftStatusGimmickUniqProcessPoolImpl__getUniqProcessTruck
0000A58C ftStatusGimmickUniqProcessPoolImpl__getUniqProcessSpring
0000A594 ftStatusGimmickUniqProcessPoolImpl__getUniqProcessLadder
0000A59C ftStatusGimmickUniqProcessPoolImpl__getUniqProcessCatapult
0000A5A4 ftStatusGimmickUniqProcessPoolImpl__getUniqProcessDoor
0000A5AC ftStatusGimmickUniqProcessPoolImpl__getUniqProcessBarrel
0000A5B4 soKineticEnergy__getSpeed3f
0000A614 soKineticEnergy____dt
0000A654 soGeneralWorkSimple__getFlagWorkSize
0000A65C soGeneralWorkSimple__turnOffFlag
0000A6D0 soGeneralWorkSimple__isFlag
0000A6EC soGeneralWorkSimple__offFlag
0000A704 soGeneralWorkSimple__clearFlag
0000A718 soGeneralWorkSimple__onFlag
0000A730 soGeneralWorkSimple__getFloatWorkSize
0000A738 soGeneralWorkSimple__divFloatWork
0000A760 soGeneralWorkSimple__mulFloatWork
0000A778 soGeneralWorkSimple__subFloatWork
0000A790 soGeneralWorkSimple__addFloatWork
0000A7A8 soGeneralWorkSimple__setFloatWork
0000A7B8 soGeneralWorkSimple__getFloatWork
0000A7C8 soGeneralWorkSimple__getIntWorkSize
0000A7D0 soGeneralWorkSimple__decIntWork
0000A7E8 soGeneralWorkSimple__incIntWork
0000A800 soGeneralWorkSimple__divIntWork
0000A820 soGeneralWorkSimple__mulIntWork
0000A838 soGeneralWorkSimple__subIntWork
0000A850 soGeneralWorkSimple__addIntWork
0000A868 soGeneralWorkSimple__setIntWork
0000A878 soGeneralWorkSimple__getIntWork
0000A888 soAnimCmdAddressPackArraySeparate__isNull
0000A890 soAnimCmdAddressPackArraySeparate__size
0000A944 soAnimCmdAddressPackArraySeparate__at
0000A998 soAnimCmdAddressPackArraySeparate__atSub
0000AAC4 soAnimCmdAddressPackArraySeparate__at1
0000AAF8 ftExtendParamAccesserEx_3999_41_23999_14___getParamFloat
0000AB50 soValueAccesser__getValueVariation
0000AB5C ftExtendParamAccesserEx_3999_41_23999_14___getParamInt
0000ABB8 soKineticMediatorImpl_983soTypeList_100soInstancePoolInfo_21ftKineticEnergyMotion_1_21soKineticEn_______dt
0000AC18 soArticleMediatorImpl_493soTypeList_72soInstancePoolInfo_12wnDededeStar_2_16wnInstanceHolder_14so_____generate
0000B4F8 soArticleMediatorImpl_493soTypeList_72soInstancePoolInfo_12wnDededeStar_2_16wnInstanceHolder_14so_____isGeneratable
0000B818 soArticleMediatorImpl_493soTypeList_72soInstancePoolInfo_12wnDededeStar_2_16wnInstanceHolder_14so_____getActiveNum
0000BBD8 soArticleMediatorImpl_493soTypeList_72soInstancePoolInfo_12wnDededeStar_2_16wnInstanceHolder_14so_____getGenerateMaxNum
0000BD5C soArticleMediatorImpl_493soTypeList_72soInstancePoolInfo_12wnDededeStar_2_16wnInstanceHolder_14so_____shoot
0000BFD4 soArticleMediatorImpl_493soTypeList_72soInstancePoolInfo_12wnDededeStar_2_16wnInstanceHolder_14so_____deactivate
0000C104 soArticleMediatorImpl_493soTypeList_72soInstancePoolInfo_12wnDededeStar_2_16wnInstanceHolder_14so_____getMediateNum
0000C10C soArticleMediatorImpl_493soTypeList_72soInstancePoolInfo_12wnDededeStar_2_16wnInstanceHolder_14so_____setAutoRecycle
0000C118 ftFighterBuilder_19ftDededeBuildConfig___getCancelModule
0000C124 ftFighterBuilder_19ftDededeBuildConfig___isEnableCancel
0000C138 ftFighterBuilder_19ftDededeBuildConfig___getVirtualNodeMatrixPool
0000C144 ftFighterBuilder_19ftDededeBuildConfig___getStatusGimmickUniqProcessPool
0000C150 soArrayFixed_24soAnimCmdAddressPackConv___isEmpty
0000C184 soArticle__checkActivate
0000C194 soInstancePoolSub_77soInstancePoolInfo_16wnDededeFollower_19_16wnInstanceHolder_14soIntToType_4_______getInstanceAt
0000C308 soInstancePoolSub_81soInstancePoolInfo_21wnDededeWaddledooBeam_4_16wnInstanceHolder_14soIntToType_____getInstanceAt
0000C350 soInstancePoolSub_79soInstancePoolInfo_19wnDededeStarmissile_1_16wnInstanceHolder_14soIntToType_2_____getInstanceAt
0000C368 soInstancePoolSub_77soInstancePoolInfo_17wnDededeJethammer_1_16wnInstanceHolder_14soIntToType_1_______getInstanceAt
0000C380 soInstancePoolSub_72soInstancePoolInfo_12wnDededeStar_2_16wnInstanceHolder_14soIntToType_0___23so_____getInstanceAt
0000C3A8 ftKineticEnergyMotion____dt
0000C408 soKineticEnergyHolder_21ftKineticEnergyMotion_18soTypeListNullType_28soKineticEnergyInitInfo_0_1______dt
0000C468 soInstancePoolSub_100soInstancePoolInfo_21ftKineticEnergyMotion_1_21soKineticEnergyHolder_28soKin_______dt
0000C4C8 soInstancePool_100soInstancePoolInfo_21ftKineticEnergyMotion_1_21soKineticEnergyHolder_28soKineti_______dt
0000C528 soLineInvertHierarchy_136soTypeList_100soInstancePoolInfo_21ftKineticEnergyMotion_1_21soKineticEn_______dt
0000C58C ftKineticEnergyGravity____dt
0000C5E8 soKineticEnergyHolder_22ftKineticEnergyGravity_18soTypeListNullType_28soKineticEnergyInitInfo_1_1______dt
0000C648 soInstancePoolSub_101soInstancePoolInfo_22ftKineticEnergyGravity_1_21soKineticEnergyHolder_28soKi_______dt
0000C6A8 soInstancePool_101soInstancePoolInfo_22ftKineticEnergyGravity_1_21soKineticEnergyHolder_28soKinet_______dt
0000C718 ftKineticEnergyController____dt
0000C778 soKineticEnergyHolder_25ftKineticEnergyController_18soTypeListNullType_28soKineticEnergyInitInfo________dt
0000C7D8 soInstancePoolSub_104soInstancePoolInfo_25ftKineticEnergyController_1_21soKineticEnergyHolder_28s_______dt
0000C838 soInstancePool_104soInstancePoolInfo_25ftKineticEnergyController_1_21soKineticEnergyHolder_28soKi_______dt
0000C8B0 ftKineticEnergyStop____dt
0000C910 soKineticEnergyHolder_19ftKineticEnergyStop_18soTypeListNullType_28soKineticEnergyInitInfo_3_1______dt
0000C970 soInstancePoolSub_98soInstancePoolInfo_19ftKineticEnergyStop_1_21soKineticEnergyHolder_28soKineti_______dt
0000C9D0 soInstancePool_98soInstancePoolInfo_19ftKineticEnergyStop_1_21soKineticEnergyHolder_28soKineticEn_______dt
0000CA48 ftKineticEnergyDamage____dt
0000CAA4 soKineticEnergyHolder_21ftKineticEnergyDamage_18soTypeListNullType_28soKineticEnergyInitInfo_4_2______dt
0000CB04 soInstancePoolSub_100soInstancePoolInfo_21ftKineticEnergyDamage_1_21soKineticEnergyHolder_28soKin_______dt
0000CB64 soInstancePool_100soInstancePoolInfo_21ftKineticEnergyDamage_1_21soKineticEnergyHolder_28soKineti_______dt
0000CBDC soKineticEnergyWindNormal____dt
0000CC3C soKineticEnergyHolder_25soKineticEnergyWindNormal_18soTypeListNullType_28soKineticEnergyInitInfo________dt
0000CC9C soInstancePoolSub_104soInstancePoolInfo_25soKineticEnergyWindNormal_1_21soKineticEnergyHolder_28s_______dt
0000CCFC soInstancePool_104soInstancePoolInfo_25soKineticEnergyWindNormal_1_21soKineticEnergyHolder_28soKi_______dt
0000CD74 soKineticEnergyGroundMovement____dt
0000CDD0 soKineticEnergyHolder_29soKineticEnergyGroundMovement_18soTypeListNullType_28soKineticEnergyInitI_______dt
0000CE30 soInstancePoolSub_108soInstancePoolInfo_29soKineticEnergyGroundMovement_1_21soKineticEnergyHolder_______dt
0000CE90 soInstancePool_108soInstancePoolInfo_29soKineticEnergyGroundMovement_1_21soKineticEnergyHolder_28_______dt
0000CF08 soKineticEnergyJostle____dt
0000CF64 soKineticEnergyHolder_21soKineticEnergyJostle_18soTypeListNullType_28soKineticEnergyInitInfo_7_4______dt
0000CFC4 soInstancePoolSub_100soInstancePoolInfo_21soKineticEnergyJostle_1_21soKineticEnergyHolder_28soKin_______dt
0000D024 soInstancePool_100soInstancePoolInfo_21soKineticEnergyJostle_1_21soKineticEnergyHolder_28soKineti_______dt
0000D09C soLineInvertHierarchy_983soTypeList_100soInstancePoolInfo_21ftKineticEnergyMotion_1_21soKineticEn_______dt
0000D0F8 soKineticEnergyNormal__clearRotSpeed
0000D0FC soKineticEnergyNormal__clearSpeed
0000D134 Vec2f____as
0000D148 soKineticEnergyNormal__init
0000D1E0 soKineticEnergyNormal__offConsiderGroundFriction
0000D1EC soKineticEnergyNormal__onConsiderGroundFriction
0000D1F8 soKineticEnergyNormal__getRotation
0000D20C soKineticEnergyNormal__getSpeed
0000D21C soKineticMediatorImpl_983soTypeList_100soInstancePoolInfo_21ftKineticEnergyMotion_1_21soKineticEn_____changeKinetic
0000D378 soKineticMediatorImpl_983soTypeList_100soInstancePoolInfo_21ftKineticEnergyMotion_1_21soKineticEn_____updateEnergy
0000D60C soKineticMediatorImpl_983soTypeList_100soInstancePoolInfo_21ftKineticEnergyMotion_1_21soKineticEn_____updateEnergy1
0000D734 soKineticMediatorImpl_983soTypeList_100soInstancePoolInfo_21ftKineticEnergyMotion_1_21soKineticEn_____updateEnergy2
0000D804 soKineticMediatorImpl_983soTypeList_100soInstancePoolInfo_21ftKineticEnergyMotion_1_21soKineticEn_____postUpdateEnergy
0000D808 soKineticMediatorImpl_983soTypeList_100soInstancePoolInfo_21ftKineticEnergyMotion_1_21soKineticEn_____addSpeed
0000D818 soKineticMediatorImpl_983soTypeList_100soInstancePoolInfo_21ftKineticEnergyMotion_1_21soKineticEn_____addSpeedOutside
0000D82C soKineticMediatorImpl_983soTypeList_100soInstancePoolInfo_21ftKineticEnergyMotion_1_21soKineticEn_____notifyEventChangeStatus
0000D840 soKineticMediatorImpl_983soTypeList_100soInstancePoolInfo_21ftKineticEnergyMotion_1_21soKineticEn_____getMediateNum
0000D848 soKineticUpdateEnergyHolderHelper_19ftKineticTransactor_____ct
0000D854 ftKineticTransactor__updateEnergy_21ftKineticEnergyMotion_
0000D88C soInstancePoolSub_100soInstancePoolInfo_21ftKineticEnergyMotion_1_21soKineticEnergyHolder_28soKin_____getInstanceAt
0000D8A4 soInstancePoolSub_100soInstancePoolInfo_21ftKineticEnergyMotion_1_21soKineticEnergyHolder_28soKin_____forEachHolderModuleAccesser_56soKineticUpdateEnergyHolderHelper_19ftKineticTransactor__
0000D934 soInstancePoolSubNull_21ftKineticEnergyMotion___forEachHolderModuleAccesser_56soKineticUpdateEnergyHolderHelper_19ftKineticTransactor__
0000D93C ftKineticTransactor__updateEnergy_22ftKineticEnergyGravity_
0000D974 soInstancePoolSub_101soInstancePoolInfo_22ftKineticEnergyGravity_1_21soKineticEnergyHolder_28soKi_____getInstanceAt
0000D98C soInstancePoolSub_101soInstancePoolInfo_22ftKineticEnergyGravity_1_21soKineticEnergyHolder_28soKi_____forEachHolderModuleAccesser_56soKineticUpdateEnergyHolderHelper_19ftKineticTransactor__
0000DA1C soInstancePoolSubNull_22ftKineticEnergyGravity___forEachHolderModuleAccesser_56soKineticUpdateEnergyHolderHelper_19ftKineticTransactor__
0000DA24 ftKineticTransactor__updateEnergy_25ftKineticEnergyController_
0000DA5C soInstancePoolSub_104soInstancePoolInfo_25ftKineticEnergyController_1_21soKineticEnergyHolder_28s_____getInstanceAt
0000DA74 soInstancePoolSub_104soInstancePoolInfo_25ftKineticEnergyController_1_21soKineticEnergyHolder_28s_____forEachHolderModuleAccesser_56soKineticUpdateEnergyHolderHelper_19ftKineticTransactor__
0000DB04 soInstancePoolSubNull_25ftKineticEnergyController___forEachHolderModuleAccesser_56soKineticUpdateEnergyHolderHelper_19ftKineticTransactor__
0000DB0C ftKineticTransactor__updateEnergy_19ftKineticEnergyStop_
0000DB44 soInstancePoolSub_98soInstancePoolInfo_19ftKineticEnergyStop_1_21soKineticEnergyHolder_28soKineti_____getInstanceAt
0000DB5C soInstancePoolSub_98soInstancePoolInfo_19ftKineticEnergyStop_1_21soKineticEnergyHolder_28soKineti_____forEachHolderModuleAccesser_56soKineticUpdateEnergyHolderHelper_19ftKineticTransactor__
0000DBEC soInstancePoolSubNull_19ftKineticEnergyStop___forEachHolderModuleAccesser_56soKineticUpdateEnergyHolderHelper_19ftKineticTransactor__
0000DBF4 ftKineticTransactor__updateEnergy_21ftKineticEnergyDamage_
0000DC2C soInstancePoolSub_100soInstancePoolInfo_21ftKineticEnergyDamage_1_21soKineticEnergyHolder_28soKin_____getInstanceAt
0000DC44 soInstancePoolSub_100soInstancePoolInfo_21ftKineticEnergyDamage_1_21soKineticEnergyHolder_28soKin_____forEachHolderModuleAccesser_56soKineticUpdateEnergyHolderHelper_19ftKineticTransactor__
0000DCD4 soInstancePoolSubNull_21ftKineticEnergyDamage___forEachHolderModuleAccesser_56soKineticUpdateEnergyHolderHelper_19ftKineticTransactor__
0000DCDC ftKineticTransactor__updateEnergy_25soKineticEnergyWindNormal_
0000DD14 soInstancePoolSub_104soInstancePoolInfo_25soKineticEnergyWindNormal_1_21soKineticEnergyHolder_28s_____getInstanceAt
0000DD2C soInstancePoolSub_104soInstancePoolInfo_25soKineticEnergyWindNormal_1_21soKineticEnergyHolder_28s_____forEachHolderModuleAccesser_56soKineticUpdateEnergyHolderHelper_19ftKineticTransactor__
0000DDBC soInstancePoolSubNull_25soKineticEnergyWindNormal___forEachHolderModuleAccesser_56soKineticUpdateEnergyHolderHelper_19ftKineticTransactor__
0000DDC4 ftKineticTransactor__updateEnergy_29soKineticEnergyGroundMovement_
0000DDFC soInstancePoolSub_108soInstancePoolInfo_29soKineticEnergyGroundMovement_1_21soKineticEnergyHolder_____getInstanceAt
0000DE14 soInstancePoolSub_108soInstancePoolInfo_29soKineticEnergyGroundMovement_1_21soKineticEnergyHolder_____forEachHolderModuleAccesser_56soKineticUpdateEnergyHolderHelper_19ftKineticTransactor__
0000DEA4 soInstancePoolSubNull_29soKineticEnergyGroundMovement___forEachHolderModuleAccesser_56soKineticUpdateEnergyHolderHelper_19ftKineticTransactor__
0000DEAC ftKineticTransactor__updateEnergy_21soKineticEnergyJostle_
0000DEE4 soInstancePoolSub_100soInstancePoolInfo_21soKineticEnergyJostle_1_21soKineticEnergyHolder_28soKin_____getInstanceAt
0000DEFC soInstancePoolSub_100soInstancePoolInfo_21soKineticEnergyJostle_1_21soKineticEnergyHolder_28soKin_____forEachHolderModuleAccesser_56soKineticUpdateEnergyHolderHelper_19ftKineticTransactor__
0000DF8C soInstancePoolSubNull_21soKineticEnergyJostle___forEachHolderModuleAccesser_56soKineticUpdateEnergyHolderHelper_19ftKineticTransactor__
0000DF94 soKineticUpdateEnergyHolderHelper_19ftKineticTransactor_____ct1
0000DFA0 ftdededecpp____sinit_
0000E004 ftDededeExtendParamAccesser____ct
0000E04C ftClassInfoImpl_32_8ftDedede_____ct
0000E0A4 ftClassInfoImpl_32_8ftDedede_____dt
0000E128 ftClassInfoImpl_32_8ftDedede___create
0000E190 soArticleMediator___4_
0000E198 soArticleMediatorImpl_493soTypeList_72soInstancePoolInfo_12wnDededeStar_2_16wnInstanceHolder_14so______4_shoot
0000E1A0 soArticleMediatorImpl_493soTypeList_72soInstancePoolInfo_12wnDededeStar_2_16wnInstanceHolder_14so______4_
0000E1A8 ftFighterBuilder_19ftDededeBuildConfig____64_
0000E1B0 Fighter___84_notifyEventLink
0000E1B8 Fighter___100_notifyEventChangeStatus
0000E1C0 Fighter___112_notifyEventChangeSituation
0000E1C8 Fighter___184_notifyEventCollisionSearchCheck
0000E1D0 Fighter___184_notifyEventCollisionSearch
0000E1D8 ftDedede___64_
0000E1E0 Fighter___72_notifyEventAnimCmd
0000E1E8 Fighter___72_isObserv
0000E1F0 ftDedede___84_notifyEventLink
0000E1F8 ftDedede___100_notifyEventChangeStatus
0000E200 ftDedede___112_notifyEventChangeSituation
0000E208 Fighter___124_notifyEventCollisionAttackCheck
0000E210 Fighter___124_notifyEventCollisionAttack
0000E218 Fighter___136_notifyEventChangeCollisionHit
0000E220 Fighter___148_notifyEventCollisionShieldCheck
0000E228 Fighter___148_notifyEventCollisionShieldSearch
0000E230 Fighter___148_notifyEventCollisionShield
0000E238 Fighter___160_notifyEventCollisionReflectorCheck
0000E240 Fighter___160_notifyEventCollisionReflectorSearch
0000E248 Fighter___160_notifyEventCollisionReflector
0000E250 Fighter___172_notifyEventCollisionAbsorberCheck
0000E258 Fighter___172_notifyEventCollisionAbsorber
0000E260 ftDedede___184_notifyEventCollisionSearchCheck
0000E268 ftDedede___184_notifyEventCollisionSearch
0000E270 Fighter___196_notifyEventCaptureStatus
0000E278 Fighter___208_notifyVisibilityItem
0000E280 Fighter___208_notifyEjectAttachItem
0000E288 Fighter___208_notifyEjectItem
0000E290 Fighter___208_notifyShootBulletItem
0000E298 Fighter___208_notifyDropItem
0000E2A0 Fighter___208_notifyThrowItem
0000E2A8 Fighter___208_notifyUseItem
0000E2B0 Fighter___208_notifyAttachItem
0000E2B8 Fighter___208_notifyHaveItem
0000E2C0 Fighter___208_notifyHaveItemPreCheck
0000E2C8 Fighter___232_notifyEventAddDamage
0000E2D0 Fighter___232_notifyEventOnDamage
0000E2D8 Fighter___244_notifyEventPikminFinalAttack
0000E2E0 Fighter___244_notifyEventChangeAdvUnit
0000E2E8 Fighter___244_notifyEventBeat
0000E2F0 Fighter___244_notifyEventSetDamage
0000E2F8 Fighter___256_notifyEventTurn
0000E300 ftDededeStatusUniqProcessSpecialSuperJump__initStatus
0000E54C ftDededeStatusUniqProcessSpecialSuperJump__execStatus
0000E690 ftDededeStatusUniqProcessSpecialSuperJump__execStop
0000E694 ftDededeStatusUniqProcessSpecialSuperJump__exitStatus
0000E698 soStatusUniqProcess__checkTransitionPrecede
0000E6A0 soStatusUniqProcess__leaveStop
0000E6A4 soStatusUniqProcess__onChangeLr
0000E6AC soStatusUniqProcess__checkAttack
0000E6B0 soStatusUniqProcess__checkDamage
0000E6B8 soStatusUniqProcess__execFixCamera
0000E6BC soStatusUniqProcess__execFixPos
0000E6C0 soStatusUniqProcess__execFixPosCounter
0000E6C4 soStatusUniqProcess__execMapCorrection
0000E6C8 ftDededeStatusUniqProcessSpecialSuperJump____dt
0000E708 soStatusUniqProcess__execStop
0000E70C soStatusUniqProcess__exitStatus
0000E710 ftdededestatusuniqprocessspecialsuperjumpcpp____sinit_
0000E758 ftDededeStatusUniqProcessSpecialSuperJump____ct
0000E768 ftDededeStatusUniqProcessSpecialSuperJumpJump__initStatus
0000EAD0 ftDededeStatusUniqProcessSpecialSuperJumpJump__execStatus
0000ED04 ftDededeStatusUniqProcessSpecialSuperJumpJump__execStop
0000EDB0 ftDededeStatusUniqProcessSpecialSuperJumpJump__exitStatus
0000EE78 ftDededeStatusUniqProcessSpecialSuperJumpJump____dt
0000EEB8 ftdededestatusuniqprocessspecialsuperjumpjumpcpp____sinit_
0000EF00 ftDededeStatusUniqProcessSpecialSuperJumpJump____ct
0000EF10 ftDededeStatusUniqProcessSpecialSuperJumpLanding__initStatus
0000EF20 ftDededeStatusUniqProcessSpecialSuperJumpLanding__execStatus
0000EFBC ftDededeStatusUniqProcessSpecialSuperJumpLanding__execStop
0000EFCC ftDededeStatusUniqProcessSpecialSuperJumpLanding__exitStatus
0000EFE8 ftDededeStatusUniqProcessSpecialSuperJumpLanding____dt
0000F028 ftdededestatusuniqprocessspecialsuperjumplandingcpp____sinit_
0000F070 ftDededeStatusUniqProcessSpecialSuperJumpLanding____ct
0000F080 ftDededeStatusUniqProcessSpecialSuperJumpHitCeil__initStatus
0000F15C ftDededeStatusUniqProcessSpecialSuperJumpHitCeil__execStatus
0000F2B8 ftDededeStatusUniqProcessSpecialSuperJumpHitCeil__execStop
0000F2BC ftDededeStatusUniqProcessSpecialSuperJumpHitCeil__exitStatus
0000F2D8 ftDededeStatusUniqProcessSpecialSuperJumpHitCeil__setTurnTransN
0000F374 ftDededeStatusUniqProcessSpecialSuperJumpHitCeil____dt
0000F3B4 ftdededestatusuniqprocessspecialsuperjumphitceilcpp____sinit_
0000F3FC ftDededeStatusUniqProcessSpecialSuperJumpHitCeil____ct
0000F40C ftDededeStatusUniqProcessSpecialSuperJumpTurn__initStatus
0000F410 ftDededeStatusUniqProcessSpecialSuperJumpTurn__execStatus
0000F500 ftDededeStatusUniqProcessSpecialSuperJumpTurn____dt
0000F540 ftdededestatusuniqprocessspecialsuperjumpturncpp____sinit_
0000F588 ftDededeStatusUniqProcessSpecialSuperJumpTurn____ct
0000F598 ftDededeStatusUniqProcessSpecialJetHammer__initStatus
0000F938 ftDededeStatusUniqProcessSpecialJetHammer__execStatus
0000FC90 ftDededeStatusUniqProcessSpecialJetHammer__exitStatus
0000FD3C ftDededeStatusUniqProcessSpecialJetHammer__setRumble
0000FF50 ftDededeStatusUniqProcessSpecialJetHammer__checkSeChange
00010044 ftDededeStatusUniqProcessSpecialJetHammer__stopSe
000100B4 ftDededeStatusUniqProcessSpecialJetHammer____dt
000100F4 ftdededestatusuniqprocessspecialjethammercpp____sinit_
0001013C ftDededeStatusUniqProcessSpecialJetHammer____ct
0001014C ftDededeStatusUniqProcessSpecialWaddledeeThrow__initStatus
00010608 ftDededeStatusUniqProcessSpecialWaddledeeThrow__execStatus
00010770 ftdededestatusuniqprocessspecialwaddledeethrow__ABS_f_
00010778 ftDededeStatusUniqProcessSpecialWaddledeeThrow__execFixPos
00010B18 ftDededeStatusUniqProcessSpecialWaddledeeThrow__exitStatus
00010D20 ftDededeStatusUniqProcessSpecialWaddledeeThrow____dt
00010D60 ftdededestatusuniqprocessspecialwaddledeethrowcpp____sinit_
00010DC8 itGenSheetKind____ct
00010DD4 ftDededeStatusUniqProcessSpecialWaddledeeThrow____ct
00010DE4 ftDededeStatusUniqProcessSpecialWaddledeeThrowPickup__initStatus
00010F00 ftDededeStatusUniqProcessSpecialWaddledeeThrowPickup__execStatus
00011068 ftDededeStatusUniqProcessSpecialWaddledeeThrowPickup__execFixPos
0001119C ftDededeStatusUniqProcessSpecialWaddledeeThrowPickup__execStop
000111A0 ftDededeStatusUniqProcessSpecialWaddledeeThrowPickup__exitStatus
00011268 ftDededeStatusUniqProcessSpecialWaddledeeThrowPickup____dt
000112A8 ftdededestatusuniqprocessspecialwaddledeethrowpickupcpp____sinit_
00011310 ftDededeStatusUniqProcessSpecialWaddledeeThrowPickup____ct
00011320 ftDededeStatusUniqProcessFinal__initStatus
000114AC ftDededeStatusUniqProcessFinal__execStatus
000115C8 ftDededeStatusUniqProcessFinal__execStop
00011694 ftDededeStatusUniqProcessFinal__execFixPos
00011698 ftDededeStatusUniqProcessFinal__exitStatus
000117D4 ftDededeStatusUniqProcessFinal__updateRecall
00011B24 ftDededeStatusUniqProcessFinal____dt
00011B64 ftdededestatusuniqprocessfinalcpp____sinit_
00011BAC ftDededeStatusUniqProcessFinal____ct
00011BBC ftDededeWaddledeeSearchImpl__search
00011BC0 ftDededeWaddledeeSearchImpl__searchWaddledee
00011DF8 soItemSearch____dt
00011E38 ftDededeWaddledeeSearchImpl____dt
00011E98 ftdededewaddledeesearchimplcpp____sinit_
00011EE0 ftDededeWaddledeeSearchImpl____ct
00011F00 ftDededeWaddledeePickTransactorImpl__check
00011FC0 ftDededeWaddledeePickTransactorImpl__pickup
000120DC ftDededeWaddledeePickTransactorImpl____dt
0001213C soItemPickTransactor____dt
0001217C ftdededewaddledeepicktransactorimplcpp____sinit_
000121E4 ftDededeWaddledeePickTransactorImpl____ct
00012204 wnDededeStar____ct
00013960 wnModuleAccesserBuildData____dt
000139A0 soKineticEnergyRotNormal____dt
000139FC soInsideEventManageModuleBuilder_106soInsideEventManageModuleBuildConfig_16_32_4_2_4_4_4_4_2_4_4________dt
00013B28 soParamCustomizeModule____dt
00013B68 soParamCustomizeModuleImpl____dt
00013BC4 soParamCustomizeModuleBuilder_63soParamCustomizeModuleBuildConfig_26soParamCustomizeModuleImpl______dt
00013C24 soModelModuleBuilder_49soModelModuleBuildConfig_5_0_17soModelModuleImpl______dt
00013C90 soLineHierarchy_49soTypeList_14soIntToType_4__18soTypeListNullType__11soArrayPool_65soArrayPoolRo_______dt
00013CF0 soJagArray_46soInstanceUnitFullProperty_16soTransitionTerm__49soTypeList_14soIntToType_4__18soTyp_______dt
00013D4C soTransitionModuleBuilder_107soTransitionModuleBuildConfig_49soTypeList_14soIntToType_4__18soType_______dt
00013DC4 soMotionModuleBuilder_214soMotionModuleBuildConfig_1_18soMotionModuleImpl_0_0_107soTransitionModu_______dt
00013E3C soTeamImpl____ct
00013E94 soTeam____dt
00013ED4 soTeamImpl____dt
00013F30 soTeamModuleBuilder_56soTeamModuleBuildConfig_10soTeamImpl_16soTeamModuleImpl______dt
00013FB4 soCollisionAttackAbsolute____dt
00013FF4 soCollisionAttackModuleBuilder_77soCollisionAttackModuleBuildConfig_0_1_0_27soCollisionAttackModu_______dt
00014078 soStopModuleBuilder_43soStopModuleBuildConfig_16soStopModuleImpl______dt
000140D4 soShakeModuleBuilder_49soShakeModuleBuildConfig_0_19soShakeModuleSimple______dt
00014134 soSound3dGeneratorAccesserImpl____dt
00014174 soSoundModuleBuilder_80soSoundModuleBuildConfig_0_30soSound3dGeneratorAccesserImpl_17soSoundModul_______dt
000141E0 soLinkModuleBuilder_45soLinkModuleBuildConfig_5_16soLinkModuleImpl______dt
0001424C soVisibilityModuleBuilder_59soVisibilityModuleBuildConfig_24soVisibilityModuleSimple_1______dt
000142A8 soInstanceManagerFullPropertyVector_20soAnimCmdControlUnit_6_____dt
00014308 soAnimCmdModuleBuilder_51soAnimCmdModuleBuildConfig_6_19soAnimCmdModuleImpl______dt
00014374 soGeneralWorkBuilder_31soGeneralWorkBuildConfig_2_2_1______dt
000143D4 soLineHierarchy_49soTypeList_14soIntToType_6__18soTypeListNullType__11soArrayPool_65soArrayPoolRo_______dt
00014434 soJagArray_46soInstanceUnitFullProperty_16soTransitionTerm__49soTypeList_14soIntToType_6__18soTyp_______dt
00014490 soTransitionModuleBuilder_107soTransitionModuleBuildConfig_49soTypeList_14soIntToType_6__18soType_______dt
00014508 soArraySelectHolder_1_39soArrayVector_P19soStatusUniqProcess_1__56soSingletonHolder_35soArrayNull_______dt
00014564 soStatusModuleBuilder_204soStatusModuleBuildConfig_1_31soGeneralWorkBuildConfig_2_2_1__1_107soTra_______dt
00014600 wnKineticModuleImpl____dt
00014674 soKineticMediatorNull____dt
000146B4 soInstanceManagerFullPropertyVector_P15soKineticEnergy_8_____dt
00014714 soKineticModuleBuilder_75soKineticModuleBuildConfig_19wnKineticModuleImpl_21soKineticMediatorNull_______dt
0001478C soGeneralWorkBuilder_31soGeneralWorkBuildConfig_7_6_1______dt
000147EC soEffectModuleBuilder_58soEffectModuleBuildConfig_1_1_0_1__1_18soEffectModuleImpl______dt
00014878 soSlowModuleBuilder_45soSlowModuleBuildConfig_18soSlowModuleSimple______dt
000148D4 soReflectModuleBuilder_51soReflectModuleBuildConfig_0_19soReflectModuleImpl______dt
00014930 soModuleAccesserBuilder_37wnDededeStarModuleAccesserBuildConfig_____dt
00014A98 soAnimCmdControlUnitBuilder_48soAnimCmdControlUnitBuildConfig_0_1_1_0_0_0_0_8______dt
00014B24 soAnimCmdControlUnitBuilder_48soAnimCmdControlUnitBuildConfig_1_2_1_0_0_1_0_8______dt
00014BB0 soAnimCmdControlUnitBuilder_48soAnimCmdControlUnitBuildConfig_2_2_1_0_0_1_0_8______dt
00014C3C soAnimCmdControlUnitBuilder_48soAnimCmdControlUnitBuildConfig_3_2_1_0_0_1_0_8______dt
00014CC8 soAnimCmdControlUnitBuilder_40soAnimCmdControlUnitBuildConfigUniq_4_8______dt
00014D34 wnAnimCmdModuleSubBuilder_79wnAnimCmdModuleSubBuildConfigDefault_1_1_0_0_1_1_0_0_1_1_0_0_1_1_0_0________dt
00014DC4 wnModuleAccesserBuilder_37wnDededeStarModuleAccesserBuildConfig_____dt
00014E34 wnWeaponBuilder_37wnDededeStarModuleAccesserBuildConfig_____dt
00014EBC wnDededeStar____dt
00014F18 wnDededeStar__activate
00015158 Vec2f____ct
00015164 wnDededeStar__notifyEventAnimCmd
00015168 Weapon__getArticleId
00015170 Weapon__getTaskId
00015178 Weapon__isActiveArticle
00015188 Weapon__isSyncOwnerStatus
0001519C Weapon__setSyncOwnerStatus
000151AC Weapon__isObserv
000151C8 StageObject__isTreadPassive
000151D0 StageObject__checkTransitionStatus
000151D8 StageObject__getInput
0001525C Input____dt
0001529C IpNull____dt
000152DC soCollisionHitEventObserver__notifyEventChangeCollisionHit
000152E0 soArticle__intrudeLogAttackInfo
000152E4 soArticle__action
000152E8 Weapon__onDeactivate
000152EC Weapon__soGetKind
000152F4 soParamCustomizeModuleImpl__getAttackPowerMulArticle
00015300 soParamCustomizeModuleImpl__getParamIndefinite
00015308 soParamCustomizeModuleImpl__getParamFloat
00015314 soParamCustomizeModuleImpl__getParamInt
0001531C soParamCustomizeModuleImpl__getWalkSpeedMul
00015328 soParamCustomizeModuleImpl__getAttackReactionMul
00015334 soParamCustomizeModuleImpl__isCustomize
0001533C soParamCustomizeModuleImpl__removeCustomize
00015340 soParamCustomizeModuleImpl__addCustomize
00015344 soParamCustomizeModuleImpl__setDefault
00015348 soParamCustomizeModuleImpl__activate
0001535C soParamCustomizeModuleImpl__getAttackPowerMulScale
00015364 soParamCustomizeModuleImpl__setAttackPowerMulScale
0001536C soParamCustomizeModuleImpl__getAttackPowerMulPattern
00015374 soParamCustomizeModuleImpl__setAttackPowerMulPattern
0001537C soParamCustomizeModuleImpl__getAttackPowerMul
0001538C soArticleMediatorNull____dt
000153E8 soArticleMediatorNull__shoot
000153F0 soArticleMediatorNull__setAutoRecycle
000153F4 soArticleMediatorNull__getMediateNum
000153FC soArticleMediatorNull__getGenerateMaxNum
00015404 soArticleMediatorNull__getActiveNum
0001540C soArticleMediatorNull__isGeneratable
00015414 soArticleMediatorNull__deactivate
00015418 soArticleMediatorNull__generate
00015424 soKineticMediatorNull__getMediateNum
0001542C soKineticMediatorNull__notifyEventChangeStatus
00015430 soKineticMediatorNull__addSpeedOutside
00015434 soKineticMediatorNull__addSpeed
00015438 soKineticMediatorNull__postUpdateEnergy
0001543C soKineticMediatorNull__updateEnergy
00015440 soKineticMediatorNull__updateEnergy1
00015444 soKineticMediatorNull__updateEnergy2
00015448 soKineticMediatorNull__changeKinetic
0001544C soKineticEnergy__offConsiderGroundFriction
00015450 soKineticEnergy__onConsiderGroundFriction
00015454 soTeamImpl__reset
00015458 soTeamImpl__set2nd
00015460 soTeamImpl__get2nd
00015468 soTeamImpl__setIndirectNo
0001546C soTeamImpl__getIndirectNo
00015474 soTeamImpl__setNo
0001547C soTeamImpl__getNo
00015484 Input__getContNo
0001548C IpNull__removeRumbleMask
00015490 IpNull__removeRumbleId
00015494 IpNull__removeRumble
00015498 IpNull__stopRumble
0001549C IpNull__setRumble
000154A0 IpNull__getTrigger
000154BC IpNull__getButton
000154C4 IpNull__getStickSub
000154E8 IpNull__getStickMain
0001550C IpNull__update
00015510 wnWeaponBuilder_37wnDededeStarModuleAccesserBuildConfig___deactivateDescendantForce
000155BC soArticleMediatorNull___4_shoot
000155C4 soArticleMediatorNull___4_
000155CC wnWeaponBuilder_37wnDededeStarModuleAccesserBuildConfig____64_
000155D4 Weapon___72_notifyEventAnimCmd
000155DC wnWeaponBuilder_37wnDededeStarModuleAccesserBuildConfig____144_
000155E4 wnWeaponBuilder_37wnDededeStarModuleAccesserBuildConfig____136_
000155EC wnDededeStar___64_
000155F4 wnDededeStar___72_notifyEventAnimCmd
000155FC Weapon___72_isObserv
00015604 Weapon___84_notifyEventLink
0001560C Weapon___100_notifyEventChangeStatus
00015614 Weapon___112_notifyEventCollisionAttackCheck
0001561C Weapon___112_notifyEventCollisionAttack
00015624 Weapon___124_notifyEventCollisionHit2nd
0001562C Weapon___124_notifyEventCollisionHit
00015634 wnDededeStar___144_
0001563C Weapon___136_setAttackPowerMulPattern
00015644 Weapon___136_getActiveGlobalFrame
0001564C Weapon___136_updateLogAttackInfo
00015654 Weapon___136_getLogAttackInfo
0001565C Weapon___136_setLogAttackInfo
00015664 Weapon___136_setSyncOwnerStatus
0001566C Weapon___136_isSyncOwnerStatus
00015674 Weapon___136_unlinkOwner
0001567C Weapon___136_linkOwner
00015684 Weapon___136_have
0001568C Weapon___136_getFounderTaskId
00015694 Weapon___136_getOwnerDeactiveTreatType
0001569C Weapon___136_deactivateArticle
000156A4 Weapon___136_isActiveArticle
000156AC wnWeaponBuilder_37wnDededeStarModuleAccesserBuildConfig____136_deactivateDescendantForce
000156B4 Weapon___136_isConstraint
000156BC Weapon___136_setSituationKind
000156C4 Weapon___136_set2nd
000156CC Weapon___136_setVisibility
000156D4 Weapon___136_setVisibilityWhole
000156DC Weapon___136_changeStatus
000156E4 Weapon___136_setRate
000156EC Weapon___136_setFrame
000156F4 Weapon___136_changeMotion
000156FC Weapon___136_getTaskId
00015704 Weapon___136_getArticleEventManageId
0001570C Weapon___136_getArticleId
00015714 Weapon___136_remove
0001571C wnDededeStar___136_
00015724 wnDededeFollowerKineticTransactor__addSpeed
00015728 wnDededeFollowerKineticTransactor__addSpeedOutside
00015C24 Vec2f__add
00015C48 wnDededeFollowerKineticTransactor__changeKinetic
00015DF0 wnDededeFollowerKineticTransactor__changeKineticSub
00016014 wnDededeFollowerKineticTransactor__changeKineticSub1
00016200 wnDededeFollowerKineticTransactor__changeKineticSub2
0001640C wnDededeFollowerKineticTransactor__changeKineticSub3
000164F4 wnDededeFollowerKineticTransactor__changeKineticSub4
00016660 wnDededeFollowerKineticTransactor__changeKineticSub5
00016850 wnDededeFollowerKineticTransactor__changeKineticSub6
00016AB4 wnDededeFollowerKineticTransactor__changeKineticSub7
00016D18 wnDededeFollowerKineticTransactor__changeKineticSub8
00016E98 wnDededeFollowerKineticTransactor__changeKineticSub9
00016F6C wnDededeFollowerKineticTransactor__changeKineticSub10
00017178 wnDededeFollowerKineticTransactor__changeKineticSub11
00017408 wnDededeFollowerKineticTransactor__changeKineticSub12
00017558 wnDededeFollowerKineticTransactor__changeKineticSub13
000177CC wnDededeFollowerKineticTransactor__changeKineticSub14
0001799C wnDededeFollowerParamAccesser____ct
00017A6C soParamAccesser____dt
00017AAC wnDededeFollowerParamAccesser__getParamFloat
00017D38 wnExtendParamAccesser_3999_27_23999_16_0_0___getParamFloat
00017D58 wnDededeFollowerParamAccesser__getParamInt
00017EE4 wnExtendParamAccesser_3999_27_23999_16_0_0___getParamInt
00017F04 wnDededeFollowerParamAccesser____dt
00017F7C soArrayContractibleTable_C27wnParamDededeFollowerCommon_____dt
00017FD8 soArrayContractible_C27wnParamDededeFollowerCommon_____dt
00018018 wnExtendParamAccesser_3999_27_23999_16_0_0___getParamIndefinite
00018030 soArrayContractibleTable_C27wnParamDededeFollowerCommon___at
00018040 soArrayContractibleTable_C27wnParamDededeFollowerCommon___at1
00018050 soArrayContractibleTable_C27wnParamDededeFollowerCommon___shift
000180E0 soArrayContractibleTable_C27wnParamDededeFollowerCommon___pop
00018158 soArrayContractibleTable_C27wnParamDededeFollowerCommon___clear
000181A8 soArrayContractibleTable_C27wnParamDededeFollowerCommon___size
00018208 soArrayContractibleTable_C27wnParamDededeFollowerCommon___isNull
00018210 soArrayContractibleTable_C27wnParamDededeFollowerCommon___atSub
00018250 soArrayFixed_C27wnParamDededeFollowerCommon___isEmpty
00018284 wnDededeJethammer____ct
000197E8 soInsideEventManageModuleBuilder_106soInsideEventManageModuleBuildConfig_16_32_4_2_4_4_4_5_2_4_4________dt
00019914 soResourceIdAccesserImpl____dt
00019970 soResourceModuleBuilder_80soResourceModuleBuildConfig_0_24soResourceIdAccesserImpl_20soResourceMo_______dt
000199E8 soMotionModuleBuilder_215soMotionModuleBuildConfig_14_18soMotionModuleImpl_0_1_107soTransitionMod_______dt
00019A6C soGeneralWorkBuilder_31soGeneralWorkBuildConfig_4_2_7______dt
00019ACC soArraySelectHolder_1_40soArrayVector_P19soStatusUniqProcess_10__56soSingletonHolder_35soArrayNul_______dt
00019B28 soStatusModuleBuilder_208soStatusModuleBuildConfig_10_31soGeneralWorkBuildConfig_4_2_7__10_107soT_______dt
00019BC4 soColorBlendModuleBuilder_60soColorBlendModuleBuildConfig__1_0_22soColorBlendModuleImpl______dt
00019C20 soModuleAccesserBuilder_42wnDededeJethammerModuleAccesserBuildConfig_____dt
00019D7C soAnimCmdControlUnitBuilder_49soAnimCmdControlUnitBuildConfig_0_1_10_0_0_0_0_8______dt
00019E08 soAnimCmdControlUnitBuilder_49soAnimCmdControlUnitBuildConfig_1_2_14_0_0_1_0_8______dt
00019E94 soAnimCmdControlUnitBuilder_49soAnimCmdControlUnitBuildConfig_2_2_14_0_0_1_0_8______dt
00019F20 soAnimCmdControlUnitBuilder_49soAnimCmdControlUnitBuildConfig_3_2_14_0_0_1_0_8______dt
00019FAC wnAnimCmdModuleSubBuilder_83wnAnimCmdModuleSubBuildConfigDefault_1_10_0_0_1_14_0_0_1_14_0_0_1_14________dt
0001A03C wnModuleAccesserBuilder_42wnDededeJethammerModuleAccesserBuildConfig_____dt
0001A0AC wnWeaponBuilder_42wnDededeJethammerModuleAccesserBuildConfig_____dt
0001A11C wnDededeJethammer____dt
0001A178 wnDededeJethammer__activate
0001A290 wnDededeJethammer__notifyEventLink
0001A52C soResourceIdAccesserImpl__getBinArchiveId
0001A53C soResourceIdAccesserImpl__getArchiveId
0001A544 soResourceIdAccesserImpl__getEtcArchiveId
0001A554 soResourceIdAccesserImpl__getAnmArchiveId
0001A564 soResourceIdAccesserImpl__getTexArchiveId
0001A574 soResourceIdAccesserImpl__getMdlArchiveId
0001A584 soResourceIdAccesserImpl__getEtcResId
0001A58C soResourceIdAccesserImpl__getBinResId
0001A594 soResourceIdAccesserImpl__getAnmResId
0001A59C soResourceIdAccesserImpl__getMdlResIndex
0001A5A4 soResourceIdAccesserImpl__getMdlResId
0001A5AC soResourceIdAccesserImpl__getTexResIndex
0001A5B4 soResourceIdAccesserImpl__getTexResId
0001A5BC soResourceIdAccesserImpl__setTexResIndex
0001A5C4 soResourceIdAccesserImpl__setMdlResIndex
0001A5CC soResourceIdAccesserImpl__setTexResId
0001A5D4 soResourceIdAccesserImpl__setMdlResId
0001A5DC soResourceIdAccesserImpl__setAnmResId
0001A5E4 soResourceIdAccesserImpl__setResIdPacked
0001A5F4 wnWeaponBuilder_42wnDededeJethammerModuleAccesserBuildConfig___deactivateDescendantForce
0001A6A0 wnWeaponBuilder_42wnDededeJethammerModuleAccesserBuildConfig____64_
0001A6A8 wnWeaponBuilder_42wnDededeJethammerModuleAccesserBuildConfig____144_
0001A6B0 wnWeaponBuilder_42wnDededeJethammerModuleAccesserBuildConfig____136_
0001A6B8 wnDededeJethammer___64_
0001A6C0 wnDededeJethammer___84_notifyEventLink
0001A6C8 wnDededeJethammer___144_
0001A6D0 wnWeaponBuilder_42wnDededeJethammerModuleAccesserBuildConfig____136_deactivateDescendantForce
0001A6D8 wnDededeJethammer___136_
0001A6E0 wnDededeWaddledooBeam____ct
0001BEC0 soGlowModuleBuilder_45soGlowModuleBuildConfig_18soGlowModuleSimple______dt
0001BF1C soModuleAccesserBuilder_46wnDededeWaddledooBeamModuleAccesserBuildConfig_____dt
0001C0A8 wnModuleAccesserBuilder_46wnDededeWaddledooBeamModuleAccesserBuildConfig_____dt
0001C118 wnWeaponBuilder_46wnDededeWaddledooBeamModuleAccesserBuildConfig_____dt
0001C1A0 wnDededeWaddledooBeam____dt
0001C1FC wnDededeWaddledooBeam__activate
0001C3D0 wnWeaponBuilder_46wnDededeWaddledooBeamModuleAccesserBuildConfig___deactivateDescendantForce
0001C47C wnWeaponBuilder_46wnDededeWaddledooBeamModuleAccesserBuildConfig____64_
0001C484 wnWeaponBuilder_46wnDededeWaddledooBeamModuleAccesserBuildConfig____144_
0001C48C wnWeaponBuilder_46wnDededeWaddledooBeamModuleAccesserBuildConfig____136_
0001C494 wnDededeWaddledooBeam___64_
0001C49C wnDededeWaddledooBeam___144_
0001C4A4 wnWeaponBuilder_46wnDededeWaddledooBeamModuleAccesserBuildConfig____136_deactivateDescendantForce
0001C4AC wnDededeWaddledooBeam___136_
0001C4B4 wnDededeJetHammerStatusUniqProcess__initStatus
0001C6A8 wnDededeJetHammerStatusUniqProcess__execStatus
0001C8A8 wnDededeJetHammerStatusUniqProcess__execStop
0001C8AC wnDededeJetHammerStatusUniqProcess__exitStatus
0001C8EC wnDededeJetHammerStatusUniqProcess____dt
0001C92C wndededejethammerstatusuniqprocesscpp____sinit_
0001C974 wnDededeJetHammerStatusUniqProcess____ct
0001C984 wnDededeFollower____ct
0001CD04 soOwnerInfo__getOwnerHeapModule
0001CD0C wnDededeFollowerStatusUniqProcess__getInstance
0001CD18 wnDededeFollowerStatusUniqProcessFinal__getInstance
0001CD24 soModuleAccesser__getStatusModule
0001CD30 StageObject__getModuleAccesser
0001CD38 soModuleAccesser__getCollisionHitModule
0001CD44 soModuleAccesser__getAnimCmdModule
0001CD50 wnWeaponBuilder_41wnDededeFollowerModuleAccesserBuildConfig_____ct
0001E728 soModelModuleBuilder_49soModelModuleBuildConfig_3_0_17soModelModuleImpl______dt
0001E794 soMotionModuleBuilder_215soMotionModuleBuildConfig_28_18soMotionModuleImpl_0_0_107soTransitionMod_______dt
0001E80C soCollisionHitModuleBuilder_72soCollisionHitModuleBuildConfig_0_1_1_24soCollisionHitModuleImpl_10_______dt
0001E890 soDamageModuleBuilder_112soDamageModuleBuildConfig_19soDamageModuleActor_1_36wnDededeFollowerDama_______dt
0001E904 soVisibilityModuleBuilder_57soVisibilityModuleBuildConfig_22soVisibilityModuleImpl_1______dt
0001E960 soGeneralWorkBuilder_34soGeneralWorkBuildConfig_12_11_16______dt
0001E9C0 soArraySelectHolder_1_40soArrayVector_P19soStatusUniqProcess_26__56soSingletonHolder_35soArrayNul_______dt
0001EA1C soStatusModuleBuilder_211soStatusModuleBuildConfig_26_34soGeneralWorkBuildConfig_12_11_16__26_107_______dt
0001EAB8 soKineticModuleBuilder_862soKineticModuleBuildConfig_26soKineticModuleGenericImpl_799soKineticMed_______dt
0001EB30 soSelectInstanceHolder_0_21soArticleMediatorNull_42soSingletonHolder_21soArticleMediatorNull____getInstance_R17soArticleMediator_
0001EBD0 soGenerateArticleManageModuleBuilder_105soGenerateArticleManageModuleBuildConfig_21soArticleMedia_______dt
0001EC48 soAreaModuleBuilder_89soAreaModuleBuildConfig_2_4_34soAreaEnviromentElementCheckerImpl_16soAreaMo_______dt
0001ECCC soModuleAccesserBuilder_41wnDededeFollowerModuleAccesserBuildConfig_____dt
0001EE88 soAnimCmdControlUnitBuilder_49soAnimCmdControlUnitBuildConfig_0_1_26_0_0_0_0_8______dt
0001EF14 soAnimCmdControlUnitBuilder_49soAnimCmdControlUnitBuildConfig_1_2_28_0_0_1_0_8______dt
0001EFA0 soAnimCmdControlUnitBuilder_49soAnimCmdControlUnitBuildConfig_2_2_28_0_0_1_0_8______dt
0001F02C soAnimCmdControlUnitBuilder_49soAnimCmdControlUnitBuildConfig_3_2_28_0_0_1_0_8______dt
0001F0B8 wnAnimCmdModuleSubBuilder_83wnAnimCmdModuleSubBuildConfigDefault_1_26_0_0_1_28_0_0_1_28_0_0_1_28________dt
0001F148 wnModuleAccesserBuilder_41wnDededeFollowerModuleAccesserBuildConfig_____dt
0001F1B8 wnWeaponBuilder_41wnDededeFollowerModuleAccesserBuildConfig_____dt
0001F228 soSingletonConcrete_35soArrayFixedNull_PC13acAnimCmdConv____getInstance
0001F234 wnDededeFollower____dt
0001F2EC wnDededeFollower__activate
0001F750 wnDededeFollower__onDeactivate
0001F754 wnDededeFollower__processUpdate
0001F7B0 wnDededeFollower__processHit
0001F9D4 wnDededeFollower__toShoot
0001FB20 wnDededeFollower__activeArticle
0001FCD0 wnDededeFollower__notifyEventLink
00020080 wnDededeFollower__notifyEventAnimCmd
0002053C Vec2f____ml
00020568 wnDededeFollower__notifyEventCollisionAttack
00020610 wnDededeFollower__notifyEventCollisionAttackCheck
000208B0 wnDededeFollower__notifyEventCollisionHit
000208B4 wnDededeFollower__notifyEventChangeStatus
000208E8 wnDededeFollower__isPickup
000209C8 wnDededeFollower__had
00020B0C wnDededeFollower__isFinal
00020B30 wnDededeFollower__isPossibleDeadChange
00020BBC wnDededeFollower__toDead
00020BDC wnDededeFollower__updateAttackInfoStatus
00020C40 wnDededeFollower__isCanInhaled
00020CDC wnDededeFollower__isCanEat
00020DB4 soKineticMediatorImpl_625soTypeList_100soInstancePoolInfo_21soKineticEnergyNormal_1_21soKineticEn_______dt
00020E14 wnWeaponBuilder_41wnDededeFollowerModuleAccesserBuildConfig___deactivateDescendantForce
00020E48 soKineticEnergyNormal____ct
00020F0C soKineticEnergy____ct
00020F6C soKineticEnergyNormal____dt
00020FC8 soKineticEnergyHolder_21soKineticEnergyNormal_18soTypeListNullType_28soKineticEnergyInitInfo_0_1______dt
00021028 soInstancePoolSub_100soInstancePoolInfo_21soKineticEnergyNormal_1_21soKineticEnergyHolder_28soKin_______dt
00021088 soInstancePool_100soInstancePoolInfo_21soKineticEnergyNormal_1_21soKineticEnergyHolder_28soKineti_______dt
000210E8 soLineInvertHierarchy_136soTypeList_100soInstancePoolInfo_21soKineticEnergyNormal_1_21soKineticEn_______dt
0002114C wnKineticEnergyGravity____dt
000211A8 soKineticEnergyHolder_22wnKineticEnergyGravity_18soTypeListNullType_28soKineticEnergyInitInfo_1_1______dt
00021208 soInstancePoolSub_101soInstancePoolInfo_22wnKineticEnergyGravity_1_21soKineticEnergyHolder_28soKi_______dt
00021268 soInstancePool_101soInstancePoolInfo_22wnKineticEnergyGravity_1_21soKineticEnergyHolder_28soKinet_______dt
000212D8 soKineticEnergyHolder_21soKineticEnergyNormal_18soTypeListNullType_28soKineticEnergyInitInfo_2_2______dt
00021338 soInstancePoolSub_100soInstancePoolInfo_21soKineticEnergyNormal_1_21soKineticEnergyHolder_28soKin_______dt1
00021398 soInstancePool_100soInstancePoolInfo_21soKineticEnergyNormal_1_21soKineticEnergyHolder_28soKineti_______dt1
00021410 soKineticEnergyHolder_29soKineticEnergyGroundMovement_18soTypeListNullType_28soKineticEnergyInitI_______dt1
00021470 soInstancePoolSub_108soInstancePoolInfo_29soKineticEnergyGroundMovement_1_21soKineticEnergyHolder_______dt1
000214D0 soInstancePool_108soInstancePoolInfo_29soKineticEnergyGroundMovement_1_21soKineticEnergyHolder_28_______dt1
00021548 soKineticEnergyHolder_25soKineticEnergyWindNormal_18soTypeListNullType_28soKineticEnergyInitInfo________dt1
000215A8 soInstancePoolSub_104soInstancePoolInfo_25soKineticEnergyWindNormal_1_21soKineticEnergyHolder_28s_______dt1
00021608 soInstancePool_104soInstancePoolInfo_25soKineticEnergyWindNormal_1_21soKineticEnergyHolder_28soKi_______dt1
00021680 soLineInvertHierarchy_625soTypeList_100soInstancePoolInfo_21soKineticEnergyNormal_1_21soKineticEn_______dt
000216DC soKineticMediatorImpl_625soTypeList_100soInstancePoolInfo_21soKineticEnergyNormal_1_21soKineticEn_____changeKinetic
000217CC soKineticMediatorImpl_625soTypeList_100soInstancePoolInfo_21soKineticEnergyNormal_1_21soKineticEn_____updateEnergy
0002196C soKineticMediatorImpl_625soTypeList_100soInstancePoolInfo_21soKineticEnergyNormal_1_21soKineticEn_____updateEnergy1
00021A40 soKineticMediatorImpl_625soTypeList_100soInstancePoolInfo_21soKineticEnergyNormal_1_21soKineticEn_____updateEnergy2
00021B10 soKineticMediatorImpl_625soTypeList_100soInstancePoolInfo_21soKineticEnergyNormal_1_21soKineticEn_____postUpdateEnergy
00021B14 soKineticMediatorImpl_625soTypeList_100soInstancePoolInfo_21soKineticEnergyNormal_1_21soKineticEn_____addSpeed
00021B24 soKineticMediatorImpl_625soTypeList_100soInstancePoolInfo_21soKineticEnergyNormal_1_21soKineticEn_____addSpeedOutside
00021B38 soKineticMediatorImpl_625soTypeList_100soInstancePoolInfo_21soKineticEnergyNormal_1_21soKineticEn_____notifyEventChangeStatus
00021B3C soKineticMediatorImpl_625soTypeList_100soInstancePoolInfo_21soKineticEnergyNormal_1_21soKineticEn_____getMediateNum
00021B44 soKineticUpdateEnergyHolderHelper_19wnKineticTransactor_____ct
00021B50 soKineticUpdateEnergyHelper_19wnKineticTransactor_____cl_21soKineticEnergyNormal_
00021BA0 soKineticTransactor__updateEnergy_21soKineticEnergyNormal_
00021BD8 soInstancePoolSub_100soInstancePoolInfo_21soKineticEnergyNormal_1_21soKineticEnergyHolder_28soKin_____getInstanceAt
00021BF0 soInstancePoolSub_100soInstancePoolInfo_21soKineticEnergyNormal_1_21soKineticEnergyHolder_28soKin_____forEachHolderModuleAccesser_56soKineticUpdateEnergyHolderHelper_19wnKineticTransactor__
00021C80 soInstancePoolSubNull_21soKineticEnergyNormal___forEachHolderModuleAccesser_56soKineticUpdateEnergyHolderHelper_19wnKineticTransactor__
00021C88 soKineticTransactor__updateEnergy_22wnKineticEnergyGravity_
00021CC0 soInstancePoolSub_101soInstancePoolInfo_22wnKineticEnergyGravity_1_21soKineticEnergyHolder_28soKi_____getInstanceAt
00021CD8 soInstancePoolSub_101soInstancePoolInfo_22wnKineticEnergyGravity_1_21soKineticEnergyHolder_28soKi_____forEachHolderModuleAccesser_56soKineticUpdateEnergyHolderHelper_19wnKineticTransactor__
00021D68 soInstancePoolSubNull_22wnKineticEnergyGravity___forEachHolderModuleAccesser_56soKineticUpdateEnergyHolderHelper_19wnKineticTransactor__
00021D70 soInstancePoolSub_100soInstancePoolInfo_21soKineticEnergyNormal_1_21soKineticEnergyHolder_28soKin_____getInstanceAt1
00021D88 soInstancePoolSub_100soInstancePoolInfo_21soKineticEnergyNormal_1_21soKineticEnergyHolder_28soKin_____forEachHolderModuleAccesser_56soKineticUpdateEnergyHolderHelper_19wnKineticTransactor__1
00021E18 soKineticTransactor__updateEnergy_29soKineticEnergyGroundMovement_
00021E50 soInstancePoolSub_108soInstancePoolInfo_29soKineticEnergyGroundMovement_1_21soKineticEnergyHolder_____getInstanceAt1
00021E68 soInstancePoolSub_108soInstancePoolInfo_29soKineticEnergyGroundMovement_1_21soKineticEnergyHolder_____forEachHolderModuleAccesser_56soKineticUpdateEnergyHolderHelper_19wnKineticTransactor__
00021EF8 soInstancePoolSubNull_29soKineticEnergyGroundMovement___forEachHolderModuleAccesser_56soKineticUpdateEnergyHolderHelper_19wnKineticTransactor__
00021F00 soKineticTransactor__updateEnergy_25soKineticEnergyWindNormal_
00021F38 soInstancePoolSub_104soInstancePoolInfo_25soKineticEnergyWindNormal_1_21soKineticEnergyHolder_28s_____getInstanceAt1
00021F50 soInstancePoolSub_104soInstancePoolInfo_25soKineticEnergyWindNormal_1_21soKineticEnergyHolder_28s_____forEachHolderModuleAccesser_56soKineticUpdateEnergyHolderHelper_19wnKineticTransactor__
00021FE0 soInstancePoolSubNull_25soKineticEnergyWindNormal___forEachHolderModuleAccesser_56soKineticUpdateEnergyHolderHelper_19wnKineticTransactor__
00021FE8 soKineticUpdateEnergyHolderHelper_19wnKineticTransactor_____ct1
00021FF4 wnWeaponBuilder_41wnDededeFollowerModuleAccesserBuildConfig____64_
00021FFC wnWeaponBuilder_41wnDededeFollowerModuleAccesserBuildConfig____144_
00022004 wnWeaponBuilder_41wnDededeFollowerModuleAccesserBuildConfig____136_
0002200C wnDededeFollower___64_
00022014 wnDededeFollower___72_notifyEventAnimCmd
0002201C wnDededeFollower___84_notifyEventLink
00022024 wnDededeFollower___100_notifyEventChangeStatus
0002202C wnDededeFollower___112_notifyEventCollisionAttackCheck
00022034 wnDededeFollower___112_notifyEventCollisionAttack
0002203C wnDededeFollower___124_notifyEventCollisionHit
00022044 wnDededeFollower___144_
0002204C wnWeaponBuilder_41wnDededeFollowerModuleAccesserBuildConfig____136_deactivateDescendantForce
00022054 wnDededeFollower___136_
0002205C wnDededeFollowerStatusUniqProcess__initStatus
00022354 wnDededeFollowerStatusUniqProcess__execStatus
0002274C wnDededeFollowerStatusUniqProcess__execStop
000227E8 wnDededeFollowerStatusUniqProcess__execFixPos
00022988 wnDededeFollowerStatusUniqProcess__exitStatus
00022A84 wnDededeFollowerStatusUniqProcess__changeStatus
00022B20 wnDededeFollowerStatusUniqProcess__changeStatusWaddledee
00022CF0 wnDededeFollowerStatusUniqProcess__changeStatusWaddledoo
00022E48 wnDededeFollowerStatusUniqProcess__setChangeStatusCount
00022EB4 wnDededeFollowerStatusUniqProcess____dt
00022EF4 wndededefollowerstatusuniqprocesscpp____sinit_
00022F3C wnDededeFollowerStatusUniqProcess____ct
00022F4C wnDededeFollowerStatusUniqProcessFinal__initStatus
0002322C wnDededeFollowerStatusUniqProcessFinal__execStatus
000233C8 wnDededeFollowerStatusUniqProcessFinal__execStop
00023464 wnDededeFollowerStatusUniqProcessFinal__execFixPos
00023788 wnDededeFollowerStatusUniqProcessFinal__exitStatus
00023880 wnDededeFollowerStatusUniqProcessFinal__updateJumpCheckCount
000239BC wnDededeFollowerStatusUniqProcessFinal__checkJump
00023AAC wnDededeFollowerStatusUniqProcessFinal____dt
00023AEC wndededefollowerstatusuniqprocessfinalcpp____sinit_
00023B34 wnDededeFollowerStatusUniqProcessFinal____ct
00023B44 wnDededeFollowerDamageTransactorImpl__getDamageValueParam
00023B50 wnDededeFollowerDamageTransactorImpl__onDamageChangeStatusRequest
00023CC0 wnDededeFollowerDamageTransactorImpl__getDamageStatusKind
00023D0C wnDededeFollowerDamageTransactorImpl__isUseTurnDamage
00023D14 wnDededeFollowerDamageTransactorImpl__isUseTurn
00023D1C wnDededeFollowerDamageTransactorImpl__isApplyTurnDamage
00023D24 wnDededeFollowerDamageTransactorImpl__getDamageHeight
00023D2C wnDededeFollowerDamageTransactorImpl__getHitStopMul
00023D38 wnDededeFollowerDamageTransactorImpl__isSlip
00023D40 wnDededeFollowerDamageTransactorImpl__isSleepStatus
00023D48 wnDededeFollowerDamageTransactorImpl__isParalyzeDamage
00023D50 wnDededeFollowerDamageTransactorImpl__addSleepTime
00023D54 wnDededeFollowerDamageTransactorImpl__onFlowerDamage
00023D58 wnDededeFollowerDamageTransactorImpl__onParalyzeDamage
00023D5C wnDededeFollowerDamageTransactorImpl__setFlagDownDamage3
00023D60 wnDededeFollowerDamageTransactorImpl__isCheckGroundDamage
00023D68 wnDededeFollowerDamageTransactorImpl__onLeaveDamageStop
00023D6C wnDededeFollowerDamageTransactorImpl__onGroundDamageAfter
00023D70 wnDededeFollowerDamageTransactorImpl__onCompositionDamageSpeed
00023D78 soDamageTransactor__getWeightReactionMul
00023D84 soDamageTransactor__preProcessCheckDamage
00023D8C wnDamageTransactorActor__checkDownDamage
00023D94 wnDamageTransactorActor__checkNoReaction
00023D9C wnDamageTransactorActor__getDamageForReaction
00023DA0 wnDamageTransactorActor__checkCheer
00023DA4 wnDededeFollowerDamageTransactorImpl__getDamageMul
00023DB0 wnDededeFollowerDamageTransactorImpl__getReactionMul
00023DBC wnDededeFollowerDamageTransactorImpl__getReactionSub
00023DC8 wnDededeFollowerDamageTransactorImpl__onHealDamage
00023DD0 wnDededeFollowerDamageTransactorImpl____dt
00023E10 wndededefollowerdamagetransactorimplcpp____sinit_
00023E58 wnDededeFollowerDamageTransactorImpl____ct
00023E68 __entry
00023EB0 __exit
00023EF8 __unresolved
.section 2
00000000 loc_0
.section 3
00000000 loc_0
.section 4
00000000 loc_0
00000004 loc_4
0000000C loc_C
00000010 loc_10
00000018 loc_18
00000028 loc_28
0000002C loc_2C
00000030 loc_30
00000034 loc_34
00000038 loc_38
0000003C loc_3C
00000040 loc_40
00000044 loc_44
00000048 loc_48
0000004C loc_4C
00000050 loc_50
00000054 loc_54
00000058 loc_58
00000060 loc_60
00000064 loc_64
00000068 loc_68
00000070 loc_70
00000078 loc_78
0000007C loc_7C
00000080 loc_80
00000088 loc_88
0000008C loc_8C
00000090 loc_90
00000094 loc_94
00000098 loc_98
000000A0 loc_A0
000000A8 loc_A8
000000B0 loc_B0
000000C8 loc_C8
000000CC loc_CC
000000D0 loc_D0
000000D8 loc_D8
000000DC loc_DC
000000E0 loc_E0
000000E8 loc_E8
000000F8 loc_F8
00000100 loc_100
00000104 loc_104
00000108 loc_108
00000110 loc_110
00000128 loc_128
0000012C loc_12C
00000130 loc_130
00000138 loc_138
0000013C loc_13C
00000140 loc_140
00000144 loc_144
00000148 loc_148
0000014C loc_14C
00000150 loc_150
00000154 loc_154
.section 5
00000000 loc_0
00000004 loc_4
00000008 loc_8
0000000C loc_C
00000014 loc_14
000000A0 loc_A0
000000AC loc_AC
000000B8 loc_B8
000000C0 loc_C0
000000E8 loc_E8
00000104 loc_104
00000128 loc_128
00000130 loc_130
00000160 loc_160
0000017C loc_17C
00000184 loc_184
0000019C loc_19C
000001B0 loc_1B0
000001B8 loc_1B8
00000568 loc_568
00000574 loc_574
00000698 loc_698
000006A0 loc_6A0
00000A50 loc_A50
00000A78 loc_A78
00000B94 loc_B94
00000B9C loc_B9C
00000BD8 loc_BD8
00000F90 loc_F90
00000FAC loc_FAC
00000FB4 loc_FB4
00000FC0 loc_FC0
000011E0 loc_11E0
00001234 loc_1234
0000123C loc_123C
00001248 loc_1248
00001488 loc_1488
000014D4 loc_14D4
000014DC loc_14DC
000014E8 loc_14E8
0000155C loc_155C
00001564 loc_1564
00001570 loc_1570
000015E4 loc_15E4
000015EC loc_15EC
000015F8 loc_15F8
00001644 loc_1644
0000164C loc_164C
00001818 loc_1818
0000185C loc_185C
00001864 loc_1864
00001870 loc_1870
00001A5C loc_1A5C
00001A98 loc_1A98
00001AA0 loc_1AA0
00001AAC loc_1AAC
00001B24 loc_1B24
00001B2C loc_1B2C
00001B38 loc_1B38
00001B88 loc_1B88
00001B90 loc_1B90
00001D04 loc_1D04
00001D38 loc_1D38
00001D40 loc_1D40
00001D4C loc_1D4C
00001EE0 loc_1EE0
00001F0C loc_1F0C
00001F14 loc_1F14
00001F20 loc_1F20
00001F9C loc_1F9C
00001FA4 loc_1FA4
00001FB0 loc_1FB0
00002000 loc_2000
00002008 loc_2008
00002124 loc_2124
00002148 loc_2148
00002150 loc_2150
0000215C loc_215C
00002298 loc_2298
000022B4 loc_22B4
000022BC loc_22BC
000022C8 loc_22C8
00002344 loc_2344
0000234C loc_234C
00002358 loc_2358
000023D4 loc_23D4
000023DC loc_23DC
000023E8 loc_23E8
00002464 loc_2464
0000246C loc_246C
00002478 loc_2478
000024F4 loc_24F4
000024FC loc_24FC
00002508 loc_2508
0000255C loc_255C
00002564 loc_2564
00002624 loc_2624
00002638 loc_2638
00002640 loc_2640
0000264C loc_264C
000026D8 loc_26D8
000026E4 loc_26E4
000026EC loc_26EC
000026F8 loc_26F8
00002770 loc_2770
00002778 loc_2778
00002784 loc_2784
000027FC loc_27FC
00002804 loc_2804
00002810 loc_2810
00002888 loc_2888
00002890 loc_2890
0000289C loc_289C
00002914 loc_2914
0000291C loc_291C
00002928 loc_2928
000029A0 loc_29A0
000029A8 loc_29A8
000029B4 loc_29B4
00002A2C loc_2A2C
00002A34 loc_2A34
00002A40 loc_2A40
00002AB8 loc_2AB8
00002AC0 loc_2AC0
00002ACC loc_2ACC
00002B44 loc_2B44
00002B4C loc_2B4C
00002B58 loc_2B58
00002BD0 loc_2BD0
00002BD8 loc_2BD8
00002BE4 loc_2BE4
00002C5C loc_2C5C
00002C64 loc_2C64
00002C70 loc_2C70
00002CE8 loc_2CE8
00002CF0 loc_2CF0
00002CFC loc_2CFC
00002D74 loc_2D74
00002D7C loc_2D7C
00002D88 loc_2D88
00002E00 loc_2E00
00002E08 loc_2E08
00002E14 loc_2E14
00002E8C loc_2E8C
00002E94 loc_2E94
00002EA0 loc_2EA0
00002F18 loc_2F18
00002F20 loc_2F20
00002F2C loc_2F2C
00002FA4 loc_2FA4
00002FAC loc_2FAC
00002FB8 loc_2FB8
00003030 loc_3030
00003038 loc_3038
00003044 loc_3044
000030BC loc_30BC
000030C4 loc_30C4
000030D0 loc_30D0
00003148 loc_3148
00003150 loc_3150
0000315C loc_315C
000031AC loc_31AC
000031B4 loc_31B4
000031C8 loc_31C8
00003254 loc_3254
0000325C loc_325C
00003298 loc_3298
0000331C loc_331C
00003324 loc_3324
0000333C loc_333C
0000335C loc_335C
00003368 loc_3368
00003370 loc_3370
0000338C loc_338C
000033A8 loc_33A8
000033BC loc_33BC
000033C4 loc_33C4
000033DC loc_33DC
000033E8 loc_33E8
000033F0 loc_33F0
0000341C loc_341C
00003440 loc_3440
00003454 loc_3454
0000345C loc_345C
0000347C loc_347C
00003488 loc_3488
00003490 loc_3490
000034A4 loc_34A4
000034F8 loc_34F8
00003500 loc_3500
00003514 loc_3514
00003560 loc_3560
00003568 loc_3568
0000357C loc_357C
00003584 loc_3584
00003594 loc_3594
000035A0 loc_35A0
000035A8 loc_35A8
000035C4 loc_35C4
000035CC loc_35CC
000035D4 loc_35D4
00003650 loc_3650
00003658 loc_3658
00003668 loc_3668
00003674 loc_3674
0000367C loc_367C
0000368C loc_368C
000036A8 loc_36A8
000036B0 loc_36B0
000036C0 loc_36C0
000036C8 loc_36C8
000036DC loc_36DC
000036E4 loc_36E4
00003754 loc_3754
00003768 loc_3768
0000377C loc_377C
00003784 loc_3784
0000379C loc_379C
000037A8 loc_37A8
000037B0 loc_37B0
000037B8 loc_37B8
000038CC loc_38CC
000038D4 loc_38D4
000038E8 loc_38E8
000038F4 loc_38F4
000038FC loc_38FC
00003924 loc_3924
0000392C loc_392C
00003938 loc_3938
00003940 loc_3940
00003958 loc_3958
00003964 loc_3964
0000396C loc_396C
00003994 loc_3994
0000399C loc_399C
000039B0 loc_39B0
000039B8 loc_39B8
000039D4 loc_39D4
000039E0 loc_39E0
000039E8 loc_39E8
00003A14 loc_3A14
00003A1C loc_3A1C
00003A28 loc_3A28
00003A3C loc_3A3C
00003A44 loc_3A44
00003A70 loc_3A70
00003A78 loc_3A78
00003AB0 loc_3AB0
00003AC4 loc_3AC4
00003AD8 loc_3AD8
00003AE0 loc_3AE0
00003AF0 loc_3AF0
00003B04 loc_3B04
00003B0C loc_3B0C
00003B1C loc_3B1C
00003B30 loc_3B30
00003B38 loc_3B38
00003B58 loc_3B58
00003B7C loc_3B7C
00003B90 loc_3B90
00003B98 loc_3B98
00003BC0 loc_3BC0
00003BCC loc_3BCC
00003BD4 loc_3BD4
00003BEC loc_3BEC
00003BF8 loc_3BF8
00003C00 loc_3C00
00003C28 loc_3C28
00003C30 loc_3C30
00003C50 loc_3C50
00003C5C loc_3C5C
00003C64 loc_3C64
00003C94 loc_3C94
00003C9C loc_3C9C
00003CC0 loc_3CC0
00003CCC loc_3CCC
00003CD4 loc_3CD4
00003D08 loc_3D08
00003D10 loc_3D10
00003D34 loc_3D34
00003D40 loc_3D40
00003D48 loc_3D48
00003D7C loc_3D7C
00003D84 loc_3D84
00003DA4 loc_3DA4
00003DB0 loc_3DB0
00003DB8 loc_3DB8
00003DE8 loc_3DE8
00003DF0 loc_3DF0
00003E0C loc_3E0C
00003E18 loc_3E18
00003E20 loc_3E20
00003E50 loc_3E50
00003E58 loc_3E58
00003E78 loc_3E78
00003E84 loc_3E84
00003E8C loc_3E8C
00003EBC loc_3EBC
00003EC4 loc_3EC4
00003EDC loc_3EDC
00003EE8 loc_3EE8
00003EF0 loc_3EF0
00003F18 loc_3F18
00003F20 loc_3F20
00003F3C loc_3F3C
00003F48 loc_3F48
00003F50 loc_3F50
00003F7C loc_3F7C
00003F84 loc_3F84
00003F9C loc_3F9C
00003FA8 loc_3FA8
00003FB0 loc_3FB0
00003FD8 loc_3FD8
00003FE0 loc_3FE0
00003FF8 loc_3FF8
00004004 loc_4004
0000400C loc_400C
00004034 loc_4034
0000403C loc_403C
00004054 loc_4054
00004060 loc_4060
00004068 loc_4068
00004094 loc_4094
000040A8 loc_40A8
000040B0 loc_40B0
000040BC loc_40BC
000040E8 loc_40E8
000040F0 loc_40F0
000040FC loc_40FC
00004108 loc_4108
00004110 loc_4110
0000411C loc_411C
00004148 loc_4148
00004150 loc_4150
00004164 loc_4164
00004170 loc_4170
00004178 loc_4178
000041A0 loc_41A0
000041A8 loc_41A8
000041C0 loc_41C0
000041CC loc_41CC
000041D4 loc_41D4
000041FC loc_41FC
00004204 loc_4204
00004210 loc_4210
0000421C loc_421C
00004224 loc_4224
00004238 loc_4238
00004240 loc_4240
00004248 loc_4248
00004250 loc_4250
00004294 loc_4294
000042D8 loc_42D8
0000431C loc_431C
00004360 loc_4360
000043A4 loc_43A4
000043D0 loc_43D0
000047FC loc_47FC
00004808 loc_4808
00004810 loc_4810
0000481C loc_481C
00004C10 loc_4C10
00004C94 loc_4C94
00004C9C loc_4C9C
00004CA8 loc_4CA8
000050B8 loc_50B8
00005134 loc_5134
0000513C loc_513C
00005148 loc_5148
000051D4 loc_51D4
000051DC loc_51DC
000051E8 loc_51E8
00005248 loc_5248
00005250 loc_5250
000055D4 loc_55D4
00005648 loc_5648
00005650 loc_5650
0000565C loc_565C
000059FC loc_59FC
00005A68 loc_5A68
00005A70 loc_5A70
00005A7C loc_5A7C
00005B10 loc_5B10
00005B18 loc_5B18
00005B24 loc_5B24
00005B8C loc_5B8C
00005B94 loc_5B94
00005EA0 loc_5EA0
00005F04 loc_5F04
00005F0C loc_5F0C
00005F18 loc_5F18
00006240 loc_6240
0000629C loc_629C
000062A4 loc_62A4
000062B0 loc_62B0
00006340 loc_6340
00006348 loc_6348
00006354 loc_6354
000063B8 loc_63B8
000063C0 loc_63C0
00006658 loc_6658
000066AC loc_66AC
000066B4 loc_66B4
000066C0 loc_66C0
00006974 loc_6974
000069C0 loc_69C0
000069C8 loc_69C8
000069D4 loc_69D4
00006A60 loc_6A60
00006A68 loc_6A68
00006A74 loc_6A74
00006AD4 loc_6AD4
00006ADC loc_6ADC
00006D04 loc_6D04
00006D48 loc_6D48
00006D50 loc_6D50
00006D5C loc_6D5C
00006FA0 loc_6FA0
00006FDC loc_6FDC
00006FE4 loc_6FE4
00006FF0 loc_6FF0
00007078 loc_7078
00007080 loc_7080
0000708C loc_708C
000070EC loc_70EC
000070F4 loc_70F4
000072B0 loc_72B0
000072E4 loc_72E4
000072EC loc_72EC
000072F8 loc_72F8
000074D0 loc_74D0
000074FC loc_74FC
00007504 loc_7504
00007510 loc_7510
000075A0 loc_75A0
000075A8 loc_75A8
000075B4 loc_75B4
00007618 loc_7618
00007620 loc_7620
00007768 loc_7768
0000778C loc_778C
00007794 loc_7794
000077A0 loc_77A0
00007904 loc_7904
00007920 loc_7920
00007928 loc_7928
00007934 loc_7934
000079C0 loc_79C0
000079C8 loc_79C8
000079D4 loc_79D4
00007A38 loc_7A38
00007A40 loc_7A40
00007B18 loc_7B18
00007B2C loc_7B2C
00007B34 loc_7B34
00007B40 loc_7B40
00007BE0 loc_7BE0
00007BEC loc_7BEC
00007BF4 loc_7BF4
00007C00 loc_7C00
00007C8C loc_7C8C
00007C94 loc_7C94
00007CA0 loc_7CA0
00007D00 loc_7D00
00007D08 loc_7D08
00007D20 loc_7D20
00007DAC loc_7DAC
00007DB4 loc_7DB4
00007DF4 loc_7DF4
00007E78 loc_7E78
00007E80 loc_7E80
00007E94 loc_7E94
00007F20 loc_7F20
00007F28 loc_7F28
00007F68 loc_7F68
00007FEC loc_7FEC
00007FF4 loc_7FF4
00008008 loc_8008
00008094 loc_8094
0000809C loc_809C
000080D8 loc_80D8
0000815C loc_815C
00008164 loc_8164
00008174 loc_8174
00008200 loc_8200
00008208 loc_8208
00008240 loc_8240
000082C4 loc_82C4
000082CC loc_82CC
00008314 loc_8314
0000832C loc_832C
00008360 loc_8360
00008368 loc_8368
0000837C loc_837C
000083A8 loc_83A8
000083B0 loc_83B0
000083C8 loc_83C8
000083EC loc_83EC
000083F4 loc_83F4
00008410 loc_8410
00008430 loc_8430
00008444 loc_8444
00008450 loc_8450
0000846C loc_846C
00008498 loc_8498
000084A0 loc_84A0
000084B8 loc_84B8
000084DC loc_84DC
000084E4 loc_84E4
00008524 loc_8524
00008550 loc_8550
0000855C loc_855C
00008564 loc_8564
00008578 loc_8578
00008580 loc_8580
000085C0 loc_85C0
000085F0 loc_85F0
000085FC loc_85FC
00008608 loc_8608
00008648 loc_8648
0000867C loc_867C
00008688 loc_8688
00008690 loc_8690
000086D0 loc_86D0
00008704 loc_8704
00008710 loc_8710
00008718 loc_8718
00008758 loc_8758
00008788 loc_8788
00008794 loc_8794
000087A0 loc_87A0
000087E0 loc_87E0
0000880C loc_880C
00008818 loc_8818
00008820 loc_8820
00008860 loc_8860
00008890 loc_8890
0000889C loc_889C
000088A8 loc_88A8
000088E8 loc_88E8
00008920 loc_8920
0000892C loc_892C
00008938 loc_8938
00008978 loc_8978
00008998 loc_8998
000089A4 loc_89A4
000089B0 loc_89B0
000089CC loc_89CC
000089E8 loc_89E8
00008A04 loc_8A04
00008A0C loc_8A0C
00008A20 loc_8A20
00008A34 loc_8A34
00008A3C loc_8A3C
00008A4C loc_8A4C
00008A58 loc_8A58
00008A60 loc_8A60
00008A80 loc_8A80
00008AA4 loc_8AA4
00008AC0 loc_8AC0
00008AC8 loc_8AC8
00008AE4 loc_8AE4
00008AF8 loc_8AF8
00008B00 loc_8B00
00008B18 loc_8B18
00008B24 loc_8B24
00008B30 loc_8B30
00008B3C loc_8B3C
00008B40 loc_8B40
00008B44 loc_8B44
00008DB0 loc_8DB0
0000901C loc_901C
0000906C loc_906C
00009088 loc_9088
0000909C loc_909C
000090A4 loc_90A4
000090BC loc_90BC
000090C8 loc_90C8
000090D0 loc_90D0
0000910C loc_910C
00009124 loc_9124
00009140 loc_9140
00009148 loc_9148
00009174 loc_9174
0000918C loc_918C
00009198 loc_9198
000091A0 loc_91A0
000091CC loc_91CC
000091D8 loc_91D8
000091EC loc_91EC
000091F4 loc_91F4
000091FC loc_91FC
00009208 loc_9208
00009210 loc_9210
00009228 loc_9228
00009254 loc_9254
0000925C loc_925C
000092A0 loc_92A0
000092D8 loc_92D8
000092E0 loc_92E0
000092EC loc_92EC
000092F4 loc_92F4
0000932C loc_932C
00009334 loc_9334
00009340 loc_9340
00009388 loc_9388
000093D0 loc_93D0
000093F4 loc_93F4
00009418 loc_9418
00009438 loc_9438
00009454 loc_9454
0000945C loc_945C
00009490 loc_9490
000094A4 loc_94A4
000094AC loc_94AC
000094DC loc_94DC
00009518 loc_9518
0000953C loc_953C
00009544 loc_9544
0000957C loc_957C
00009590 loc_9590
00009598 loc_9598
000095C8 loc_95C8
000095D4 loc_95D4
000095DC loc_95DC
00009628 loc_9628
00009630 loc_9630
00009640 loc_9640
00009644 loc_9644
00009648 loc_9648
0000967C loc_967C
000098E8 loc_98E8
00009B54 loc_9B54
00009BB0 loc_9BB0
00009BCC loc_9BCC
00009BE0 loc_9BE0
00009BE8 loc_9BE8
00009BFC loc_9BFC
00009C00 loc_9C00
00009C04 loc_9C04
00009E70 loc_9E70
0000A0E0 loc_A0E0
0000A120 loc_A120
0000A144 loc_A144
0000A150 loc_A150
0000A158 loc_A158
0000A168 loc_A168
0000A16C loc_A16C
0000A170 loc_A170
0000A3DC loc_A3DC
0000A648 loc_A648
0000A660 loc_A660
0000A684 loc_A684
0000A68C loc_A68C
0000A6B8 loc_A6B8
0000A9AC loc_A9AC
0000A9B8 loc_A9B8
0000A9C0 loc_A9C0
0000A9CC loc_A9CC
0000AC70 loc_AC70
0000ACC4 loc_ACC4
0000ACCC loc_ACCC
0000ACD8 loc_ACD8
0000AF98 loc_AF98
0000AFE4 loc_AFE4
0000AFEC loc_AFEC
0000AFF8 loc_AFF8
0000B088 loc_B088
0000B090 loc_B090
0000B09C loc_B09C
0000B100 loc_B100
0000B108 loc_B108
0000B338 loc_B338
0000B37C loc_B37C
0000B384 loc_B384
0000B390 loc_B390
0000B5DC loc_B5DC
0000B618 loc_B618
0000B620 loc_B620
0000B62C loc_B62C
0000B6C0 loc_B6C0
0000B6C8 loc_B6C8
0000B6D4 loc_B6D4
0000B73C loc_B73C
0000B744 loc_B744
0000B8FC loc_B8FC
0000B930 loc_B930
0000B938 loc_B938
0000B944 loc_B944
0000BB18 loc_BB18
0000BB44 loc_BB44
0000BB4C loc_BB4C
0000BB58 loc_BB58
0000BBE4 loc_BBE4
0000BBEC loc_BBEC
0000BBF8 loc_BBF8
0000BC58 loc_BC58
0000BC60 loc_BC60
0000BDA8 loc_BDA8
0000BDCC loc_BDCC
0000BDD4 loc_BDD4
0000BDE0 loc_BDE0
0000BF44 loc_BF44
0000BF60 loc_BF60
0000BF68 loc_BF68
0000BF74 loc_BF74
0000C000 loc_C000
0000C008 loc_C008
0000C014 loc_C014
0000C078 loc_C078
0000C080 loc_C080
0000C158 loc_C158
0000C16C loc_C16C
0000C174 loc_C174
0000C180 loc_C180
0000C220 loc_C220
0000C22C loc_C22C
0000C234 loc_C234
0000C240 loc_C240
0000C2CC loc_C2CC
0000C2D4 loc_C2D4
0000C2E0 loc_C2E0
0000C340 loc_C340
0000C348 loc_C348
0000C390 loc_C390
0000C3D0 loc_C3D0
0000C3F4 loc_C3F4
0000C400 loc_C400
0000C408 loc_C408
0000C448 loc_C448
0000C470 loc_C470
0000C47C loc_C47C
0000C488 loc_C488
0000C4E0 loc_C4E0
0000C578 loc_C578
0000C5A0 loc_C5A0
0000C5B4 loc_C5B4
0000C5BC loc_C5BC
0000C5D4 loc_C5D4
0000C5E0 loc_C5E0
0000C5E8 loc_C5E8
0000C5FC loc_C5FC
0000C608 loc_C608
.section 6
00000000 loc_0
00000008 loc_8
00000204 loc_204
00000210 loc_210
0000021C loc_21C
00000220 loc_220
00000224 loc_224
00000228 loc_228
00000230 loc_230
0000023C loc_23C
00000240 loc_240
0000024C loc_24C
00000250 loc_250
0000025C loc_25C
00000260 loc_260
0000026C loc_26C
00000270 loc_270
0000027C loc_27C
00000280 loc_280
0000028C loc_28C
00000290 loc_290
000002AC loc_2AC
000002B0 loc_2B0
000002CC loc_2CC
000002D0 loc_2D0
000002DC loc_2DC
000002E0 loc_2E0
000002EC loc_2EC
00000300 loc_300
0000031C loc_31C
00000328 loc_328
00000334 loc_334
00000340 loc_340
0000034C loc_34C
00000358 loc_358
00000364 loc_364
00000370 loc_370
0000037C loc_37C
00000388 loc_388
0000038C loc_38C
00000394 loc_394
00000398 loc_398
000003A0 loc_3A0
000003A4 loc_3A4
000003A8 loc_3A8
000003AC loc_3AC
000003B0 loc_3B0
000003B4 loc_3B4
000003B8 loc_3B8
000003BC loc_3BC
000003C0 loc_3C0
000003C4 loc_3C4
000003C8 loc_3C8
000003CC loc_3CC
000003D0 loc_3D0
000003DC loc_3DC
000003E8 loc_3E8
000003F4 loc_3F4
00000400 loc_400
0000040C loc_40C
00000418 loc_418
00000424 loc_424
00000430 loc_430
0000043C loc_43C
00000448 loc_448
00000454 loc_454
00000460 loc_460
00000470 loc_470
0000047C loc_47C
00000480 loc_480
0000048C loc_48C
00000498 loc_498
000004A4 loc_4A4
000004B0 loc_4B0
000004BC loc_4BC
000004C8 loc_4C8
000004D4 loc_4D4
000004E0 loc_4E0
000004E4 loc_4E4
000004E8 loc_4E8
000004F4 loc_4F4
000004F8 loc_4F8
00000504 loc_504
00000508 loc_508
00000514 loc_514
