.module 73
.section 1
00000000 globaldestructorchain____register_global_object
0000001C globaldestructorchain____destroy_global_chain
00000070 stPictchat__create
000000A4 stPictchat____ct
000001D4 stPictchat____dt
000002C0 stPictchat__loading
000002C8 stPictchat__createObj
000007E4 stPictchat__createObjBg
000008DC Ground__setStageData
000008E4 grPictchatBg__setMsgData
000008EC grPictchatBg__setPictIDWork
000008F4 stPictchat__createObjSideBar
000009D0 grPictchatSideBar__setPosGimmickWork
000009D8 grPictchatSideBar__setPictCountWork
000009E0 stPictchat__createObjSideBarLamp
00000B38 grPictchatSideBarLamp__setPosWork
00000B40 grPictchatSideBarLamp__setType
00000B48 stPictchat__createObjPict
000012B0 grPictchatPict__setPosGimmickWork
000012B8 grPictchatPict__setPictIDWork
000012C0 grPictchatPict__setPictID
000012C8 grPictchatPict__setPictCountWork
000012D0 grPictchatPict__setPictCount
000012D8 grPictchatPict__setType
000012E0 grPictchatPict__setStateWork
000012E8 grPictchatPict__setNodeHeader
000012F0 grPictchatPict__setTblCollCtrlAcc
000012F8 grPictchatPict__setStateAttackWork
00001300 grPictchatPict008__setPosSpringWork
00001308 grPictchatPict008__setFlgSpringWork
00001310 grPictchatPict013__setPosBombWork
00001318 grPictchatPict014__setTrigger
00001320 grPictchatPict022__setPosHashigoWork
00001328 grPictchatPict022__setFlgHashigoWork
00001330 stPictchat__createObjAttack
0000156C grPictchatAttack__setPosWork
00001574 grPictchatAttack__setPictIDWork
0000157C grPictchatAttack__setPictID
00001584 grPictchatAttack__setStateWork
0000158C grPictchatAttack007__setIndex
00001594 stPictchat__createObjHashigo
000016E4 stPictchat__createObjHashigo1
00001848 grGimmick__setGimmickData
00001850 grPictchatLadder__setPictIDWork
00001858 grPictchatLadder__setPictID
00001860 grPictchatLadder__setPosWork
00001868 grPictchatLadder__setFlgWork
00001870 stPictchat__createObjSpring
000019B8 grGimmickSpringData____ct
000019BC stPictchat__createObjWind
00001B04 stPictchat__createObjSpring1
00001C74 grPictchatSpring__setPictIDWork
00001C7C grPictchatSpring__setPictID
00001C84 grPictchatSpring__setPosWork
00001C8C grPictchatSpring__setStateWork
00001C94 grPictchatSpring__setFlgWork
00001C9C stPictchat__update
00001CAC stPictchat__updatePict
00002374 stPictchat__initStageDataTbl
000028B8 stPictchat__initPictIDList
00002A30 Stage__startFighterEvent
00002A34 Stage__initializeFighterAttackRatio
00002A3C Stage__helperStarWarp
00002A44 Stage__isSimpleBossBattleMode
00002A4C Stage__isBossBattleMode
00002A54 Stage__isCameraLocked
00002A5C Stage__notifyTimmingGameStart
00002A60 Stage__getFrameRuleTime
00002A68 Stage__setFrameRuleTime
00002A70 Stage__isNextStepBgmEqualNowStepBgmFromFlag
00002A78 Stage__getBgmPlayOffsetFrame
00002A84 Stage__getBgmVolume
00002A90 Stage__setBgmChange
00002AA0 Stage__getBgmChangeID
00002AB4 Stage__isBgmChange
00002ABC Stage__getBgmOptionID
00002AC4 Stage__getNowStepBgmID
00002ACC Stage__getBgmID
00002AD4 Stage__getBgmID1
00002ADC Stage__appearanceFighterLocal
00002AE0 Stage__getScrollDir
00002AFC Stage__getDefaultLightSetIndex
00002B04 Stage__getAIRange
00002B0C Stage__isAdventureStage
00002B14 Stage__getPokeTrainerDrawLayer
00002B1C Stage__getPokeTrainerPositionZ
00002B28 Stage__getPokeTrainerPointData
00002B2C Stage__getPokeTrainerPointNum
00002B34 stMelee__isReStartSamePoint
00002B3C stMelee__getWind2ndOnlyData
00002B44 stPictchat__isBamperVector
00002B4C stpictchatcpp____sinit_
00002BB0 stClassInfoImpl_36_10stPictchat_____dt
00002C24 stClassInfoImpl_36_10stPictchat___create
00002C58 stClassInfoImpl_36_10stPictchat___preload
00002C5C Ground__setMdlIndex
00002C64 grPictchat____ct
00002CC8 grPictchat____dt
00002D20 grPictchatBg__create
00002E1C grPictchatBg____dt
00002EBC grPictchatBg__update
00002F30 grPictchatBg__updateJoint
00002FF0 grPictchatBg__updateMessage
00003378 Ground__adventureEventGetItem
00003380 Ground__getInitializeInfo
00003388 Ground__setInitializeInfo
0000338C Ground__setInitializeFlag
00003390 Ground__disableCalcCollision
000033A0 Ground__enableCalcCollision
000033B0 Ground__isEnableCalcCollision
000033BC Ground__getMdlIndex
000033C4 Ground__initStageData
000033C8 Ground__getStageData
000033D0 Ground__getModelCount
000033EC grGimmick__getTransparencyFlag
000033F4 grGimmick__getGimmickData
000033FC grPictchatPict__create
000034A4 grPictchatPict____ct
000035A0 grPictchatPict____dt
0000363C grPictchatPict__update
00003704 grPictchatPict__updateJoint
000039CC Ground__getModel
000039DC grPictchatPict__updatePict
00003A6C grPictchatPict__updatePictInit
00003AEC grPictchatPict__updatePictWait
00003B80 grPictchatPict__updatePictDraw
00003C2C grPictchatPict__updatePictDrawDetails
00003C30 grPictchatPict__updatePictLoop
00003E5C grPictchatPict__updatePictLoopDetails
00003E60 grPictchatPict__updatePictElase
00003F04 grPictchatPict__updatePictElaseDetails
00003F08 grPictchatPict__updateYakumono
00003F0C grPictchatPict__updateCollision
00003FF4 grPictchatPict__updateCallBack
00003FF8 grPictchatPict__setHit
000041D4 Vec3f____ct
000041D8 Vec3f__set
000041E8 ykData____ct
000041F8 nw4r3g3d6G3dObjFPQ34nw4r3g3d6G3dOb__DynamicCast_PQ34nw4r3g3d6ScnMdl_
00004274 ykNoHitNormal_77soCollisionAttackModuleBuildConfig_6_6_0_27soCollisionAttackModuleImpl_1_0_1______ct
00004518 soCollisionAttackAbsolute____dt
00004558 ykNoHitNormal_77soCollisionAttackModuleBuildConfig_6_2_0_27soCollisionAttackModuleImpl_1_0_1______ct
000047FC ykNoHitNormal_77soCollisionAttackModuleBuildConfig_6_1_0_27soCollisionAttackModuleImpl_1_0_1______ct
00004AA0 ykNoHitNormal_77soCollisionAttackModuleBuildConfig_6_5_0_27soCollisionAttackModuleImpl_1_0_1______ct
00004D44 ykNoHitNormal_77soCollisionAttackModuleBuildConfig_6_4_0_27soCollisionAttackModuleImpl_1_0_1______ct
00004FE8 grPictchatPict__clearAttackAll
00004FFC grPictchatPict__setMotion
00005444 grPictchatPict007__create
0000551C grPictchatPict007____dt
000055BC grPictchatPict007__updateYakumono
00005724 grPictchatPict007__updatePictLoopDetails
00005878 grPictchatPict007__updatePictElaseDetails
000058DC grPictchatPict007__setNode
000059A0 grPictchatPict007__setAttack
00005A0C grPictchatPict007__setAttack1
00005C98 grPictchatPict007__clearAttackAll
00005CD8 grPictchatPict008__create
00005D9C grPictchatPict008____dt
00005E48 grPictchatPict008__processAnim
00005EF8 grPictchatPict008__updatePictDraw
00005F54 grPictchatPict008__updatePictLoop
0000615C grPictchatPict009__create
0000621C grPictchatPict009____dt
000062C8 grPictchatPict009__updatePictDraw
00006378 grPictchatPict009__updatePictLoop
00006530 grPictchatPict011__create
000065F0 grPictchatPict011____dt
0000669C grPictchatPict011__updatePictDrawDetails
00006700 grPictchatPict011__updatePictLoopDetails
0000675C grPictchatPict012__create
00006834 grPictchatPict012____dt
000068E0 grPictchatPict012__updateYakumono
00006974 grPictchatPict012__updatePictLoopDetails
00006B40 grPictchatPict012__setAttack
00006BAC grPictchatPict012__setAttack1
00006D48 grPictchatPict013__create
00006DF0 grPictchatPict013____ct
00006ED0 grPictchatPict013____dt
00006F7C grPictchatPict013__updateYakumono
00006FF8 grPictchatPict013__updatePictWait
00007164 grPictchatPict013__updatePictDrawDetails
000071CC grPictchatPict013__updatePictLoop
0000733C grPictchatPict013__updatePictLoopDetails
000073EC grPictchatPict013__updatePictElaseDetails
00007434 grPictchatPict013__updateCallBack
000074F8 grPictchatPict013__setAttack
0000769C grPictchatPict013__onInflict
000076AC grPictchatPict013__elase
0000776C grPictchatPict014__create
00007834 grPictchatPict014____dt
000078E0 grPictchatPict014__updatePictDrawDetails
0000795C grPictchatPict014__updatePictLoopDetails
000079CC grPictchatPict015__create
00007A74 grPictchatPict015____ct
00007B90 StSeUtil18SeSeqInstance_1_2_____dt
00007BE8 grPictchatPict015____dt
00007CA4 grPictchatPict015__updateYakumono
00007D20 grPictchatPict015__updatePictLoopDetails
00007D68 grPictchatPict015__setAttack
00007DD4 grPictchatPict015__setAttack1
00007F74 grPictchatPict022__create
00008030 grPictchatPict022____dt
000080D0 grPictchatPict022__processAnim
00008150 grPictchatPict022__updatePictDraw
000081DC grPictchatPict022__updatePictLoopDetails
00008200 grPictchatPict025__create
000082C8 grPictchatPict025____dt
00008374 grPictchatPict025__updateYakumono
000083F0 grPictchatPict025__updatePictDrawDetails
00008454 grPictchatPict025__updatePictLoopDetails
000085CC grPictchatPict025__updatePictElaseDetails
00008630 grPictchatPict025__setAttack
0000869C grPictchatPict025__setAttack1
00008840 grPictchatPict027__create
00008904 grPictchatPict027____dt
000089A4 grPictchatPict027__updateYakumono
00008A20 grPictchatPict027__updatePictLoopDetails
00008C50 grPictchatPict027__updatePictElaseDetails
00008CEC grPictchatPict027__setAttack
00008D58 grPictchatPict027__setAttack1
00008EF8 soAnimCmdEventObserver__addObserver
00009134 soLinkEventObserver__addObserver
00009370 StageObject__isTreadPassive
00009378 StageObject__adjustParentGroundCollision
0000937C StageObject__checkTransitionStatus
00009384 StageObject__isActive
0000938C StageObject__getInput
00009410 Input____dt
00009450 IpNull____dt
00009490 StageObject__processGameProc
00009494 soCollisionAttackEventObserver__addObserver
000096D0 Yakumono__soGetSubKind
000096D8 Yakumono__soGetKind
000096E0 Yakumono__updatePosture
000096E4 Input__getContNo
000096EC IpNull__removeRumbleMask
000096F0 IpNull__removeRumbleId
000096F4 IpNull__removeRumble
000096F8 IpNull__stopRumble
000096FC IpNull__setRumble
00009700 IpNull__getTrigger
00009720 IpNull__getButton
00009728 IpNull__getStickSub
0000974C IpNull__getStickMain
00009770 IpNull__update
00009774 soArrayVectorCalcInterface____dt
000097B4 grPictchatPict013__updateJoint
000097B8 grPictchatPict007__updateJoint
000097BC ykNoHitNormal_77soCollisionAttackModuleBuildConfig_6_4_0_27soCollisionAttackModuleImpl_1_0_1______dt
0000986C ykNoHitNormal_77soCollisionAttackModuleBuildConfig_6_4_0_27soCollisionAttackModuleImpl_1_0_1____initAttackPosXWork
00009878 ykNoHitNormal_77soCollisionAttackModuleBuildConfig_6_4_0_27soCollisionAttackModuleImpl_1_0_1____initHitPosXWork
00009884 ykNoHitNormal_77soCollisionAttackModuleBuildConfig_6_4_0_27soCollisionAttackModuleImpl_1_0_1____getAttackPosX
00009894 ykNoHitNormal_77soCollisionAttackModuleBuildConfig_6_4_0_27soCollisionAttackModuleImpl_1_0_1____getHitPosX
000098A4 ykNoHitNormal_77soCollisionAttackModuleBuildConfig_6_5_0_27soCollisionAttackModuleImpl_1_0_1______dt
00009954 ykNoHitNormal_77soCollisionAttackModuleBuildConfig_6_5_0_27soCollisionAttackModuleImpl_1_0_1____initAttackPosXWork
00009960 ykNoHitNormal_77soCollisionAttackModuleBuildConfig_6_5_0_27soCollisionAttackModuleImpl_1_0_1____initHitPosXWork
0000996C ykNoHitNormal_77soCollisionAttackModuleBuildConfig_6_5_0_27soCollisionAttackModuleImpl_1_0_1____getAttackPosX
0000997C ykNoHitNormal_77soCollisionAttackModuleBuildConfig_6_5_0_27soCollisionAttackModuleImpl_1_0_1____getHitPosX
0000998C ykNoHitNormal_77soCollisionAttackModuleBuildConfig_6_1_0_27soCollisionAttackModuleImpl_1_0_1______dt
00009A3C ykNoHitNormal_77soCollisionAttackModuleBuildConfig_6_1_0_27soCollisionAttackModuleImpl_1_0_1____initAttackPosXWork
00009A48 ykNoHitNormal_77soCollisionAttackModuleBuildConfig_6_1_0_27soCollisionAttackModuleImpl_1_0_1____initHitPosXWork
00009A54 ykNoHitNormal_77soCollisionAttackModuleBuildConfig_6_1_0_27soCollisionAttackModuleImpl_1_0_1____getAttackPosX
00009A64 ykNoHitNormal_77soCollisionAttackModuleBuildConfig_6_1_0_27soCollisionAttackModuleImpl_1_0_1____getHitPosX
00009A74 ykNoHitNormal_77soCollisionAttackModuleBuildConfig_6_2_0_27soCollisionAttackModuleImpl_1_0_1______dt
00009B24 ykNoHitNormal_77soCollisionAttackModuleBuildConfig_6_2_0_27soCollisionAttackModuleImpl_1_0_1____initAttackPosXWork
00009B30 ykNoHitNormal_77soCollisionAttackModuleBuildConfig_6_2_0_27soCollisionAttackModuleImpl_1_0_1____initHitPosXWork
00009B3C ykNoHitNormal_77soCollisionAttackModuleBuildConfig_6_2_0_27soCollisionAttackModuleImpl_1_0_1____getAttackPosX
00009B4C ykNoHitNormal_77soCollisionAttackModuleBuildConfig_6_2_0_27soCollisionAttackModuleImpl_1_0_1____getHitPosX
00009B5C ykNoHitNormal_77soCollisionAttackModuleBuildConfig_6_6_0_27soCollisionAttackModuleImpl_1_0_1______dt
00009C0C ykNoHitNormal_77soCollisionAttackModuleBuildConfig_6_6_0_27soCollisionAttackModuleImpl_1_0_1____initAttackPosXWork
00009C18 ykNoHitNormal_77soCollisionAttackModuleBuildConfig_6_6_0_27soCollisionAttackModuleImpl_1_0_1____initHitPosXWork
00009C24 ykNoHitNormal_77soCollisionAttackModuleBuildConfig_6_6_0_27soCollisionAttackModuleImpl_1_0_1____getAttackPosX
00009C34 ykNoHitNormal_77soCollisionAttackModuleBuildConfig_6_6_0_27soCollisionAttackModuleImpl_1_0_1____getHitPosX
00009C44 soArrayNull_25soCollisionAttackAbsolute_____dt
00009C84 soCollisionAttackPart____ct
00009D10 soArrayVector_21soCollisionAttackPart_4_____dt
00009D78 soArrayVector_21soCollisionAttackPart_4___getTopIndex
00009D84 soArrayVector_21soCollisionAttackPart_4___getLastIndex
00009D94 soArrayVector_21soCollisionAttackPart_4___isFull
00009DA0 soArrayVector_21soCollisionAttackPart_4___capacity
00009DA8 soArrayVector_21soCollisionAttackPart_5_____dt
00009E10 soArrayVector_21soCollisionAttackPart_5___getTopIndex
00009E1C soArrayVector_21soCollisionAttackPart_5___getLastIndex
00009E2C soArrayVector_21soCollisionAttackPart_5___isFull
00009E38 soArrayVector_21soCollisionAttackPart_5___capacity
00009E40 soArrayVector_21soCollisionAttackPart_1_____dt
00009EA8 soArrayVector_21soCollisionAttackPart_1___getTopIndex
00009EB4 soArrayVector_21soCollisionAttackPart_1___getLastIndex
00009EC4 soArrayVector_21soCollisionAttackPart_1___isFull
00009ED0 soArrayVector_21soCollisionAttackPart_1___capacity
00009ED8 soArrayVector_21soCollisionAttackPart_2_____dt
00009F40 soArrayVector_21soCollisionAttackPart_2___getTopIndex
00009F4C soArrayVector_21soCollisionAttackPart_2___getLastIndex
00009F5C soArrayVector_21soCollisionAttackPart_2___isFull
00009F68 soArrayVector_21soCollisionAttackPart_2___capacity
00009F70 soArrayVector_16soCollisionGroup_1_____dt
00009FD8 soArrayVector_21soCollisionAttackPart_6_____dt
0000A040 soArrayVector_21soCollisionAttackPart_6___getTopIndex
0000A04C soArrayVector_21soCollisionAttackPart_6___getLastIndex
0000A05C soArrayVector_21soCollisionAttackPart_6___isFull
0000A068 soArrayVector_21soCollisionAttackPart_6___capacity
0000A070 clTarget____ct
0000A080 clTarget____dt
0000A0C0 soArrayVector_8clTarget_7_____dt
0000A128 soArrayVectorAbstract_16soCollisionGroup_____dt
0000A168 soArrayVectorAbstract_21soCollisionAttackPart___push
0000A484 soArrayVectorAbstract_21soCollisionAttackPart_____dt
0000A4C4 soArrayVectorAbstract_8clTarget_____dt
0000A504 soArray_8clTarget_____dt
0000A544 soArray_25soCollisionAttackAbsolute_____dt
0000A584 soArray_21soCollisionAttackPart_____dt
0000A5C4 soArray_16soCollisionGroup_____dt
0000A604 soArrayContractible_8clTarget_____dt
0000A644 soArrayContractible_25soCollisionAttackAbsolute_____dt
0000A684 soArrayContractible_21soCollisionAttackPart_____dt
0000A6C4 soArrayContractible_16soCollisionGroup_____dt
0000A704 soArrayFixed_8clTarget_____dt
0000A744 soArrayFixed_25soCollisionAttackAbsolute_____dt
0000A784 soArrayFixed_21soCollisionAttackPart___isEmpty
0000A7B8 soArrayFixed_21soCollisionAttackPart_____dt
0000A7F8 soArrayFixed_16soCollisionGroup_____dt
0000A838 soArrayNull_25soCollisionAttackAbsolute___at
0000A8B8 soArrayNull_25soCollisionAttackAbsolute___at1
0000A938 soArrayNull_25soCollisionAttackAbsolute___size
0000A940 soArrayNull_25soCollisionAttackAbsolute___shift
0000A944 soArrayNull_25soCollisionAttackAbsolute___pop
0000A948 soArrayNull_25soCollisionAttackAbsolute___clear
0000A94C soArrayNull_25soCollisionAttackAbsolute___unshift
0000A950 soArrayNull_25soCollisionAttackAbsolute___push
0000A954 soArrayNull_25soCollisionAttackAbsolute___insert
0000A958 soArrayNull_25soCollisionAttackAbsolute___erase
0000A95C soArrayNull_25soCollisionAttackAbsolute___capacity
0000A964 soArrayNull_25soCollisionAttackAbsolute___isFull
0000A96C soArrayNull_25soCollisionAttackAbsolute___set
0000A970 soArrayNull_25soCollisionAttackAbsolute___isNull
0000A978 soArrayVector_21soCollisionAttackPart_4___setTopIndex
0000A988 soArrayVector_21soCollisionAttackPart_4___setLastIndex
0000A998 soArrayVector_21soCollisionAttackPart_4___getArrayValueConst
0000A9A8 soArrayVector_21soCollisionAttackPart_4___onFull
0000A9B8 soArrayVector_21soCollisionAttackPart_4___offFull
0000A9C8 soArrayVector_21soCollisionAttackPart_4___size
0000A9D8 soArrayVector_21soCollisionAttackPart_4___atFastAbstractSub
0000AA00 soArrayVector_21soCollisionAttackPart_4___setSize
0000AA10 soArrayVector_21soCollisionAttackPart_5___setTopIndex
0000AA20 soArrayVector_21soCollisionAttackPart_5___setLastIndex
0000AA30 soArrayVector_21soCollisionAttackPart_5___getArrayValueConst
0000AA40 soArrayVector_21soCollisionAttackPart_5___onFull
0000AA50 soArrayVector_21soCollisionAttackPart_5___offFull
0000AA60 soArrayVector_21soCollisionAttackPart_5___size
0000AA70 soArrayVector_21soCollisionAttackPart_5___atFastAbstractSub
0000AA98 soArrayVector_21soCollisionAttackPart_5___setSize
0000AAA8 soArrayVector_21soCollisionAttackPart_1___setTopIndex
0000AAB8 soArrayVector_21soCollisionAttackPart_1___setLastIndex
0000AAC8 soArrayVector_21soCollisionAttackPart_1___getArrayValueConst
0000AAD8 soArrayVector_21soCollisionAttackPart_1___onFull
0000AAE8 soArrayVector_21soCollisionAttackPart_1___offFull
0000AAF8 soArrayVector_21soCollisionAttackPart_1___size
0000AB08 soArrayVector_21soCollisionAttackPart_1___atFastAbstractSub
0000AB30 soArrayVector_21soCollisionAttackPart_1___setSize
0000AB40 soArrayVector_21soCollisionAttackPart_2___setTopIndex
0000AB50 soArrayVector_21soCollisionAttackPart_2___setLastIndex
0000AB60 soArrayVector_21soCollisionAttackPart_2___getArrayValueConst
0000AB70 soArrayVector_21soCollisionAttackPart_2___onFull
0000AB80 soArrayVector_21soCollisionAttackPart_2___offFull
0000AB90 soArrayVector_21soCollisionAttackPart_2___size
0000ABA0 soArrayVector_21soCollisionAttackPart_2___atFastAbstractSub
0000ABC8 soArrayVector_21soCollisionAttackPart_2___setSize
0000ABD8 soArrayVector_16soCollisionGroup_1___getTopIndex
0000ABE4 soArrayVector_16soCollisionGroup_1___setTopIndex
0000ABF4 soArrayVector_16soCollisionGroup_1___getLastIndex
0000AC04 soArrayVector_16soCollisionGroup_1___setLastIndex
0000AC14 soArrayVector_16soCollisionGroup_1___getArrayValueConst
0000AC24 soArrayVector_16soCollisionGroup_1___onFull
0000AC34 soArrayVector_16soCollisionGroup_1___offFull
0000AC44 soArrayVector_16soCollisionGroup_1___isFull
0000AC50 soArrayVector_16soCollisionGroup_1___capacity
0000AC58 soArrayVector_16soCollisionGroup_1___size
0000AC68 soArrayVector_16soCollisionGroup_1___atFastAbstractSub
0000AC90 soArrayVector_16soCollisionGroup_1___setSize
0000ACA0 soArrayVector_21soCollisionAttackPart_6___setTopIndex
0000ACB0 soArrayVector_21soCollisionAttackPart_6___setLastIndex
0000ACC0 soArrayVector_21soCollisionAttackPart_6___getArrayValueConst
0000ACD0 soArrayVector_21soCollisionAttackPart_6___onFull
0000ACE0 soArrayVector_21soCollisionAttackPart_6___offFull
0000ACF0 soArrayVector_21soCollisionAttackPart_6___size
0000AD00 soArrayVector_21soCollisionAttackPart_6___atFastAbstractSub
0000AD28 soArrayVector_21soCollisionAttackPart_6___setSize
0000AD38 soArrayVector_8clTarget_7___getTopIndex
0000AD44 soArrayVector_8clTarget_7___setTopIndex
0000AD54 soArrayVector_8clTarget_7___getLastIndex
0000AD64 soArrayVector_8clTarget_7___setLastIndex
0000AD74 soArrayVector_8clTarget_7___getArrayValueConst
0000AD84 soArrayVector_8clTarget_7___onFull
0000AD94 soArrayVector_8clTarget_7___offFull
0000ADA4 soArrayVector_8clTarget_7___isFull
0000ADB0 soArrayVector_8clTarget_7___capacity
0000ADB8 soArrayVector_8clTarget_7___size
0000ADC8 soArrayVector_8clTarget_7___atFastAbstractSub
0000ADF0 soArrayVector_8clTarget_7___setSize
0000AE00 soArrayVectorAbstract_16soCollisionGroup___at
0000AE10 soArrayVectorAbstract_16soCollisionGroup___at1
0000AE20 soArrayVectorAbstract_16soCollisionGroup___unshift
0000B00C soArrayVectorAbstract_16soCollisionGroup___shift
0000B0C8 soArrayVectorAbstract_16soCollisionGroup___push
0000B2B4 soArrayVectorAbstract_16soCollisionGroup___pop
0000B370 soArrayVectorAbstract_16soCollisionGroup___insert
0000B580 soArrayVectorAbstract_16soCollisionGroup___erase
0000B658 soArrayVectorAbstract_16soCollisionGroup___set
0000B7F4 soArrayVectorAbstract_16soCollisionGroup___clear
0000B83C soArrayVectorAbstract_16soCollisionGroup___isNull
0000B844 soArrayVectorAbstract_16soCollisionGroup___substitution
0000B9AC soArrayVectorAbstract_21soCollisionAttackPart___at
0000B9BC soArrayVectorAbstract_21soCollisionAttackPart___at1
0000B9CC soArrayVectorAbstract_21soCollisionAttackPart___unshift
0000BCE8 soArrayVectorAbstract_21soCollisionAttackPart___shift
0000BDA4 soArrayVectorAbstract_21soCollisionAttackPart___pop
0000BE60 soArrayVectorAbstract_21soCollisionAttackPart___insert
0000C1A0 soArrayVectorAbstract_21soCollisionAttackPart___erase
0000C278 soArrayVectorAbstract_21soCollisionAttackPart___set
0000C544 soArrayVectorAbstract_21soCollisionAttackPart___clear
0000C58C soArrayVectorAbstract_21soCollisionAttackPart___isNull
0000C594 soArrayVectorAbstract_21soCollisionAttackPart___substitution
0000C82C soArrayVectorAbstract_8clTarget___at
0000C83C soArrayVectorAbstract_8clTarget___at1
0000C84C soArrayVectorAbstract_8clTarget___unshift
0000C948 soArrayVectorAbstract_8clTarget___shift
0000CA04 soArrayVectorAbstract_8clTarget___push
0000CB00 soArrayVectorAbstract_8clTarget___pop
0000CBBC soArrayVectorAbstract_8clTarget___insert
0000CCDC soArrayVectorAbstract_8clTarget___erase
0000CDB4 soArrayVectorAbstract_8clTarget___set
0000CE60 soArrayVectorAbstract_8clTarget___clear
0000CEA8 soArrayVectorAbstract_8clTarget___isNull
0000CEB0 soArrayVectorAbstract_8clTarget___substitution
0000CF28 soArrayFixed_8clTarget___isEmpty
0000CF5C soArrayFixed_25soCollisionAttackAbsolute___isEmpty
0000CF90 soArrayFixed_16soCollisionGroup___isEmpty
0000CFC4 soArrayVectorAbstract_8clTarget____4_
0000CFCC soArrayVector_8clTarget_7____4_
0000CFD4 soArrayVector_8clTarget_7____4_setLastIndex
0000CFDC soArrayVector_8clTarget_7____4_setTopIndex
0000CFE4 soArrayVector_8clTarget_7____4_offFull
0000CFEC soArrayVector_8clTarget_7____4_onFull
0000CFF4 soArrayVectorAbstract_8clTarget____4_substitution
0000CFFC soArrayVectorAbstract_21soCollisionAttackPart____4_
0000D004 soArrayVector_21soCollisionAttackPart_6____4_
0000D00C soArrayVector_21soCollisionAttackPart_6____4_setLastIndex
0000D014 soArrayVector_21soCollisionAttackPart_6____4_setTopIndex
0000D01C soArrayVector_21soCollisionAttackPart_6____4_offFull
0000D024 soArrayVector_21soCollisionAttackPart_6____4_onFull
0000D02C soArrayVectorAbstract_16soCollisionGroup____4_
0000D034 soArrayVector_16soCollisionGroup_1____4_
0000D03C soArrayVector_16soCollisionGroup_1____4_setLastIndex
0000D044 soArrayVector_16soCollisionGroup_1____4_setTopIndex
0000D04C soArrayVector_16soCollisionGroup_1____4_offFull
0000D054 soArrayVector_16soCollisionGroup_1____4_onFull
0000D05C soArrayVectorAbstract_16soCollisionGroup____4_substitution
0000D064 soArrayVector_21soCollisionAttackPart_2____4_
0000D06C soArrayVector_21soCollisionAttackPart_2____4_setLastIndex
0000D074 soArrayVector_21soCollisionAttackPart_2____4_setTopIndex
0000D07C soArrayVector_21soCollisionAttackPart_2____4_offFull
0000D084 soArrayVector_21soCollisionAttackPart_2____4_onFull
0000D08C soArrayVector_21soCollisionAttackPart_1____4_
0000D094 soArrayVector_21soCollisionAttackPart_1____4_setLastIndex
0000D09C soArrayVector_21soCollisionAttackPart_1____4_setTopIndex
0000D0A4 soArrayVector_21soCollisionAttackPart_1____4_offFull
0000D0AC soArrayVector_21soCollisionAttackPart_1____4_onFull
0000D0B4 soArrayVector_21soCollisionAttackPart_5____4_
0000D0BC soArrayVector_21soCollisionAttackPart_5____4_setLastIndex
0000D0C4 soArrayVector_21soCollisionAttackPart_5____4_setTopIndex
0000D0CC soArrayVector_21soCollisionAttackPart_5____4_offFull
0000D0D4 soArrayVector_21soCollisionAttackPart_5____4_onFull
0000D0DC soArrayVector_21soCollisionAttackPart_4____4_
0000D0E4 soArrayVector_21soCollisionAttackPart_4____4_setLastIndex
0000D0EC soArrayVector_21soCollisionAttackPart_4____4_setTopIndex
0000D0F4 soArrayVector_21soCollisionAttackPart_4____4_offFull
0000D0FC soArrayVector_21soCollisionAttackPart_4____4_onFull
0000D104 soArrayVectorAbstract_21soCollisionAttackPart____4_substitution
0000D10C ykNoHitNormal_77soCollisionAttackModuleBuildConfig_6_6_0_27soCollisionAttackModuleImpl_1_0_1_____64_
0000D114 ykNoHitNormal_77soCollisionAttackModuleBuildConfig_6_2_0_27soCollisionAttackModuleImpl_1_0_1_____64_
0000D11C ykNoHitNormal_77soCollisionAttackModuleBuildConfig_6_1_0_27soCollisionAttackModuleImpl_1_0_1_____64_
0000D124 ykNoHitNormal_77soCollisionAttackModuleBuildConfig_6_5_0_27soCollisionAttackModuleImpl_1_0_1_____64_
0000D12C ykNoHitNormal_77soCollisionAttackModuleBuildConfig_6_4_0_27soCollisionAttackModuleImpl_1_0_1_____64_
0000D134 StageObject___72_notifyEventAnimCmd
0000D13C StageObject___72_isObserv
0000D144 StageObject___84_notifyEventLink
0000D14C Yakumono___100_notifyEventCollisionAttackCheck
0000D154 Yakumono___100_notifyEventCollisionAttack
0000D15C grPictchatLadder__create
0000D204 grPictchatLadder____ct
0000D2A4 grPictchatLadder____dt
0000D2FC grPictchatLadder__processGameProc
0000D350 grPictchatLadder__update
0000D3D8 grPictchatLadder__updateYakumono
0000D4F0 grPictchatLadder__updateActive
0000D5A8 grPictchatLadder__startup
0000D5AC grPictchatSpring__create
0000D654 grPictchatSpring____ct
0000D720 grPictchatSpring____dt
0000D778 grPictchatSpring__startup
0000D77C grPictchatSpring__processGameProc
0000D7D0 grPictchatSpring__update
0000D850 grPictchatSpring__updateYakumono
0000D964 grPictchatSpring__updateActive
0000DA90 grPictchatSpring__updateCallBack
0000DB40 grPictchatSpring__getTopNode
0000DB60 grPictchatSpring__onGimmickEvent
0000DBAC grPictchatSideBar__create
0000DC78 grPictchatSideBar____dt
0000DCD0 grPictchatSideBar__processAnim
0000E03C grPictchatSideBar__update
0000E470 grPictchatSideBar__setNode
0000E688 grPictchatSideBarLamp__create
0000E798 grPictchatSideBarLamp____dt
0000E7F0 grPictchatSideBarLamp__update
0000E84C grPictchatSideBarLamp__updateCallBack
0000E954 grPictchatAttack____ct
0000E9FC grPictchatAttack____dt
0000EA80 grPictchatAttack__update
0000EAF4 grPictchatAttack__updateYakumono
0000EBB4 grPictchatAttack__updateCallBack
0000EC60 grPictchatAttack__setHit
0000EFFC grPictchatAttack__setAttack
0000F000 grPictchatAttack007__create
0000F0B8 grPictchatAttack007____dt
0000F140 grPictchatAttack007__setAttack
0000F378 __entry
0000F3C0 __exit
0000F408 __unresolved
.section 2
00000000 loc_0
.section 3
00000000 loc_0
.section 4
00000000 loc_0
00000038 loc_38
00000040 loc_40
00000048 loc_48
00000078 loc_78
0000007C loc_7C
00000080 loc_80
00000088 loc_88
0000008C loc_8C
000000A8 loc_A8
000000B0 loc_B0
000000B4 loc_B4
000000BC loc_BC
000000C4 loc_C4
000000C8 loc_C8
00000104 loc_104
00000110 loc_110
00000118 loc_118
0000011C loc_11C
00000120 loc_120
00000128 loc_128
.section 5
00000000 loc_0
0000000C loc_C
0000001C loc_1C
00000030 loc_30
00000044 loc_44
0000005C loc_5C
00000624 loc_624
0000066C loc_66C
00000780 loc_780
00000788 loc_788
00000818 loc_818
00000888 loc_888
00000AD8 loc_AD8
00000AE4 loc_AE4
00000B08 loc_B08
00000B10 loc_B10
00000B18 loc_B18
00000B38 loc_B38
00000B40 loc_B40
00000B50 loc_B50
00000B68 loc_B68
00000B70 loc_B70
00000B78 loc_B78
00000B88 loc_B88
00000B90 loc_B90
00000B98 loc_B98
00000BA0 loc_BA0
00000BB8 loc_BB8
00000BD8 loc_BD8
00000BE8 loc_BE8
00000BF0 loc_BF0
00000C00 loc_C00
00000C08 loc_C08
00000C18 loc_C18
00000C20 loc_C20
00000DF8 loc_DF8
00000E08 loc_E08
00000E38 loc_E38
00000E40 loc_E40
00001008 loc_1008
00001014 loc_1014
00001038 loc_1038
00001040 loc_1040
0000104C loc_104C
00001068 loc_1068
00001070 loc_1070
0000107C loc_107C
00001090 loc_1090
00001098 loc_1098
000010A0 loc_10A0
000010B0 loc_10B0
000010B8 loc_10B8
000010CC loc_10CC
000010DC loc_10DC
00001130 loc_1130
00001140 loc_1140
00001190 loc_1190
000011A0 loc_11A0
000011B0 loc_11B0
000011C0 loc_11C0
000011C8 loc_11C8
000011D8 loc_11D8
000011E8 loc_11E8
000011F0 loc_11F0
000011F8 loc_11F8
00001208 loc_1208
00001258 loc_1258
00001368 loc_1368
000013D0 loc_13D0
00001420 loc_1420
00001428 loc_1428
00001538 loc_1538
000015A0 loc_15A0
000015F0 loc_15F0
000015F8 loc_15F8
00001708 loc_1708
00001770 loc_1770
000017C0 loc_17C0
000017C8 loc_17C8
000018D8 loc_18D8
00001940 loc_1940
00001990 loc_1990
00001998 loc_1998
00001AA8 loc_1AA8
00001B10 loc_1B10
00001B60 loc_1B60
00001B68 loc_1B68
00001B74 loc_1B74
00001BB8 loc_1BB8
00001BC0 loc_1BC0
00001BE0 loc_1BE0
00001BF0 loc_1BF0
00001BF8 loc_1BF8
00001C28 loc_1C28
00001C30 loc_1C30
00001C3C loc_1C3C
00001C68 loc_1C68
00001C70 loc_1C70
00001C84 loc_1C84
00001C90 loc_1C90
00001C98 loc_1C98
00001CC0 loc_1CC0
00001CC8 loc_1CC8
00001D00 loc_1D00
00001D08 loc_1D08
00001D18 loc_1D18
00001D20 loc_1D20
00001D58 loc_1D58
00001D60 loc_1D60
00001D68 loc_1D68
00001D80 loc_1D80
00001D90 loc_1D90
00001D98 loc_1D98
00001DC0 loc_1DC0
00001DC8 loc_1DC8
00001DD4 loc_1DD4
00001DE0 loc_1DE0
00001E08 loc_1E08
00001E28 loc_1E28
00001E3C loc_1E3C
00001E50 loc_1E50
00001E58 loc_1E58
00002090 loc_2090
000020A4 loc_20A4
000020D8 loc_20D8
000020E0 loc_20E0
00002318 loc_2318
0000232C loc_232C
00002360 loc_2360
00002368 loc_2368
000025A0 loc_25A0
000025B4 loc_25B4
000025E8 loc_25E8
000025F0 loc_25F0
00002828 loc_2828
0000283C loc_283C
00002870 loc_2870
00002878 loc_2878
00002884 loc_2884
000028A4 loc_28A4
000028B0 loc_28B0
000028B8 loc_28B8
00002AEC loc_2AEC
00002B00 loc_2B00
00002B38 loc_2B38
00002B40 loc_2B40
00002D7C loc_2D7C
00002D90 loc_2D90
00002DC8 loc_2DC8
00002DD0 loc_2DD0
00003008 loc_3008
0000301C loc_301C
00003050 loc_3050
00003058 loc_3058
00003288 loc_3288
0000329C loc_329C
000032D0 loc_32D0
000032D8 loc_32D8
00003508 loc_3508
0000351C loc_351C
00003550 loc_3550
00003558 loc_3558
00003790 loc_3790
000037A4 loc_37A4
000037D8 loc_37D8
000037E0 loc_37E0
00003A18 loc_3A18
00003A2C loc_3A2C
00003A60 loc_3A60
00003A68 loc_3A68
00003C98 loc_3C98
00003CA8 loc_3CA8
00003CD8 loc_3CD8
00003CE0 loc_3CE0
00003CF0 loc_3CF0
00003DB8 loc_3DB8
00003DE4 loc_3DE4
00003DF8 loc_3DF8
00003E00 loc_3E00
00003E28 loc_3E28
00003E40 loc_3E40
00003E48 loc_3E48
00003ED8 loc_3ED8
00003F00 loc_3F00
00003F38 loc_3F38
00003F40 loc_3F40
00003FD0 loc_3FD0
00003FF8 loc_3FF8
00004030 loc_4030
00004038 loc_4038
000040C8 loc_40C8
000040F0 loc_40F0
00004128 loc_4128
00004130 loc_4130
000041C0 loc_41C0
000041E8 loc_41E8
00004220 loc_4220
00004228 loc_4228
000042B8 loc_42B8
000042DC loc_42DC
00004310 loc_4310
00004398 loc_4398
000043C0 loc_43C0
000043F0 loc_43F0
000043F8 loc_43F8
00004488 loc_4488
000044B0 loc_44B0
000044E8 loc_44E8
00004570 loc_4570
000045A0 loc_45A0
000045D0 loc_45D0
000045D8 loc_45D8
00004668 loc_4668
00004684 loc_4684
000046B8 loc_46B8
00004740 loc_4740
00004760 loc_4760
00004790 loc_4790
000047E0 loc_47E0
000047F4 loc_47F4
00004810 loc_4810
00004844 loc_4844
00004864 loc_4864
00004878 loc_4878
000048A0 loc_48A0
000048B8 loc_48B8
000048C8 loc_48C8
000048D0 loc_48D0
00004918 loc_4918
00004940 loc_4940
00004968 loc_4968
000049B8 loc_49B8
000049DC loc_49DC
000049F8 loc_49F8
00004A2C loc_4A2C
00004A5C loc_4A5C
00004A70 loc_4A70
00004A98 loc_4A98
00004AC0 loc_4AC0
00004AD0 loc_4AD0
00004B20 loc_4B20
00004B40 loc_4B40
00004B60 loc_4B60
00004B94 loc_4B94
00004BC0 loc_4BC0
00004BD8 loc_4BD8
00004C00 loc_4C00
00004C24 loc_4C24
00004C30 loc_4C30
00004C80 loc_4C80
00004C9C loc_4C9C
00004CB8 loc_4CB8
00004CEC loc_4CEC
00004D14 loc_4D14
00004D28 loc_4D28
00004D50 loc_4D50
00004D70 loc_4D70
00004D80 loc_4D80
00004D88 loc_4D88
00004DBC loc_4DBC
00004DD0 loc_4DD0
00004DD8 loc_4DD8
00004DE8 loc_4DE8
00004DF8 loc_4DF8
00004E08 loc_4E08
00004E18 loc_4E18
00004E28 loc_4E28
00005010 loc_5010
00005024 loc_5024
00005050 loc_5050
00005058 loc_5058
00005068 loc_5068
00005090 loc_5090
00005098 loc_5098
00005288 loc_5288
0000529C loc_529C
000052C8 loc_52C8
000052D0 loc_52D0
000052E0 loc_52E0
00005308 loc_5308
00005310 loc_5310
000054DC loc_54DC
000056B0 loc_56B0
000056C8 loc_56C8
000056F8 loc_56F8
00005700 loc_5700
000058D0 loc_58D0
000058E4 loc_58E4
00005910 loc_5910
000059D8 loc_59D8
00005BC4 loc_5BC4
00005BD8 loc_5BD8
00005C10 loc_5C10
00005C18 loc_5C18
00005E00 loc_5E00
00005E14 loc_5E14
00005E40 loc_5E40
00005E48 loc_5E48
.section 6
00000000 loc_0
00000008 loc_8
00000014 loc_14
00000018 loc_18
00000024 loc_24
00000030 loc_30
0000003C loc_3C
00000040 loc_40
00000048 loc_48
00000050 loc_50
000000B8 loc_B8
000000C0 loc_C0
